C:/Users/Andris/STM32CubeIDE/workspace_1.9.0/Drone/Dipterv_Drone/Drivers/ahrs/FusionMath.h:136:21:FusionRadiansToDegrees	16	static
C:/Users/Andris/STM32CubeIDE/workspace_1.9.0/Drone/Dipterv_Drone/Drivers/ahrs/FusionMath.h:148:21:FusionAsin	16	static
C:/Users/Andris/STM32CubeIDE/workspace_1.9.0/Drone/Dipterv_Drone/Drivers/ahrs/FusionMath.h:216:28:FusionVectorSubtract	72	static
C:/Users/Andris/STM32CubeIDE/workspace_1.9.0/Drone/Dipterv_Drone/Drivers/ahrs/FusionMath.h:240:28:FusionVectorMultiplyScalar	64	static
C:/Users/Andris/STM32CubeIDE/workspace_1.9.0/Drone/Dipterv_Drone/Drivers/ahrs/FusionMath.h:418:28:FusionMatrixMultiplyVector	64	static
C:/Users/Andris/STM32CubeIDE/workspace_1.9.0/Drone/Dipterv_Drone/Drivers/ahrs/FusionMath.h:437:28:FusionQuaternionToMatrix	104	static
C:/Users/Andris/STM32CubeIDE/workspace_1.9.0/Drone/Dipterv_Drone/Drivers/ahrs/FusionMath.h:466:27:FusionQuaternionToEuler	72	static
../Core/Src/main.c:265:5:main	104	static
../Core/Src/main.c:385:6:SystemClock_Config	88	static
../Core/Src/main.c:431:13:MX_ADC1_Init	24	static
../Core/Src/main.c:483:13:MX_ADC2_Init	24	static
../Core/Src/main.c:535:13:MX_ADC3_Init	24	static
../Core/Src/main.c:587:13:MX_I2C1_Init	8	static
../Core/Src/main.c:621:13:MX_I2C2_Init	8	static
../Core/Src/main.c:655:13:MX_I2C3_Init	8	static
../Core/Src/main.c:689:13:MX_SPI2_Init	8	static
../Core/Src/main.c:727:13:MX_TIM2_Init	48	static
../Core/Src/main.c:785:13:MX_TIM3_Init	80	static
../Core/Src/main.c:863:13:MX_TIM4_Init	64	static
../Core/Src/main.c:921:13:MX_TIM6_Init	16	static
../Core/Src/main.c:959:13:MX_TIM7_Init	16	static
../Core/Src/main.c:997:13:MX_TIM10_Init	8	static
../Core/Src/main.c:1028:13:MX_USART1_UART_Init	8	static
../Core/Src/main.c:1061:13:MX_USART2_UART_Init	8	static
../Core/Src/main.c:1094:13:MX_USART3_UART_Init	8	static
../Core/Src/main.c:1127:13:MX_USART6_UART_Init	8	static
../Core/Src/main.c:1158:13:MX_DMA_Init	16	static
../Core/Src/main.c:1176:13:MX_GPIO_Init	48	static
../Core/Src/main.c:1258:15:set_config	40	static
../Core/Src/main.c:1293:10:Reverseuint16	24	static
../Core/Src/main.c:1305:9:Reverseuint8	24	static
../Core/Src/main.c:1317:6:HAL_GPIO_EXTI_Callback	16	static,ignoring_inline_asm
../Core/Src/main.c:1343:6:HAL_TIM_IC_CaptureCallback	16	static
../Core/Src/main.c:1385:6:HAL_TIM_PeriodElapsedCallback	16	static
../Core/Src/main.c:1398:6:HAL_UART_TxCpltCallback	16	static
../Core/Src/main.c:1407:6:HAL_UART_RxCpltCallback	16	static
../Core/Src/main.c:1446:6:StartDefaultTask	104	static
../Core/Src/main.c:1497:6:Start_Data_Reading	544	static
../Core/Src/main.c:1978:6:Start_Orientation	16	static
../Core/Src/main.c:2003:6:Error_Handler	4	static,ignoring_inline_asm
