C:/Users/Andris/STM32CubeIDE/workspace_1.9.0/Drone/Dipterv_Drone/Drivers/ahrs/FusionMath.h:136:21:FusionRadiansToDegrees	16	static
C:/Users/Andris/STM32CubeIDE/workspace_1.9.0/Drone/Dipterv_Drone/Drivers/ahrs/FusionMath.h:148:21:FusionAsin	16	static
C:/Users/Andris/STM32CubeIDE/workspace_1.9.0/Drone/Dipterv_Drone/Drivers/ahrs/FusionMath.h:216:28:FusionVectorSubtract	72	static
C:/Users/Andris/STM32CubeIDE/workspace_1.9.0/Drone/Dipterv_Drone/Drivers/ahrs/FusionMath.h:240:28:FusionVectorMultiplyScalar	64	static
C:/Users/Andris/STM32CubeIDE/workspace_1.9.0/Drone/Dipterv_Drone/Drivers/ahrs/FusionMath.h:418:28:FusionMatrixMultiplyVector	64	static
C:/Users/Andris/STM32CubeIDE/workspace_1.9.0/Drone/Dipterv_Drone/Drivers/ahrs/FusionMath.h:437:28:FusionQuaternionToMatrix	104	static
C:/Users/Andris/STM32CubeIDE/workspace_1.9.0/Drone/Dipterv_Drone/Drivers/ahrs/FusionMath.h:466:27:FusionQuaternionToEuler	72	static
../Core/Src/main.c:264:5:main	104	static
../Core/Src/main.c:384:6:SystemClock_Config	88	static
../Core/Src/main.c:430:13:MX_ADC1_Init	24	static
../Core/Src/main.c:482:13:MX_ADC2_Init	24	static
../Core/Src/main.c:534:13:MX_ADC3_Init	24	static
../Core/Src/main.c:586:13:MX_I2C1_Init	8	static
../Core/Src/main.c:620:13:MX_I2C2_Init	8	static
../Core/Src/main.c:654:13:MX_I2C3_Init	8	static
../Core/Src/main.c:688:13:MX_SPI2_Init	8	static
../Core/Src/main.c:726:13:MX_TIM2_Init	48	static
../Core/Src/main.c:784:13:MX_TIM3_Init	80	static
../Core/Src/main.c:862:13:MX_TIM4_Init	64	static
../Core/Src/main.c:920:13:MX_TIM6_Init	16	static
../Core/Src/main.c:958:13:MX_TIM7_Init	16	static
../Core/Src/main.c:996:13:MX_TIM10_Init	8	static
../Core/Src/main.c:1027:13:MX_USART1_UART_Init	8	static
../Core/Src/main.c:1060:13:MX_USART2_UART_Init	8	static
../Core/Src/main.c:1093:13:MX_USART3_UART_Init	8	static
../Core/Src/main.c:1126:13:MX_USART6_UART_Init	8	static
../Core/Src/main.c:1157:13:MX_DMA_Init	16	static
../Core/Src/main.c:1175:13:MX_GPIO_Init	48	static
../Core/Src/main.c:1257:15:set_config	40	static
../Core/Src/main.c:1292:10:Reverseuint16	24	static
../Core/Src/main.c:1304:9:Reverseuint8	24	static
../Core/Src/main.c:1316:6:HAL_GPIO_EXTI_Callback	16	static,ignoring_inline_asm
../Core/Src/main.c:1342:6:HAL_TIM_IC_CaptureCallback	16	static
../Core/Src/main.c:1384:6:HAL_TIM_PeriodElapsedCallback	16	static
../Core/Src/main.c:1397:6:HAL_UART_TxCpltCallback	16	static
../Core/Src/main.c:1406:6:HAL_UART_RxCpltCallback	16	static
../Core/Src/main.c:1445:6:StartDefaultTask	104	static
../Core/Src/main.c:1496:6:Start_Data_Reading	544	static
../Core/Src/main.c:1973:6:Start_Orientation	16	static
../Core/Src/main.c:1998:6:Error_Handler	4	static,ignoring_inline_asm
