../Drivers/common_CRSF/math.c:48:7:sin_approx	24	static
../Drivers/common_CRSF/math.c:60:7:cos_approx	16	static
../Drivers/common_CRSF/math.c:69:7:atan2_approx	48	static
../Drivers/common_CRSF/math.c:96:7:acos_approx	24	static
../Drivers/common_CRSF/math.c:107:5:gcd	16	static
../Drivers/common_CRSF/math.c:116:7:powerf	24	static
../Drivers/common_CRSF/math.c:123:9:applyDeadband	24	static
../Drivers/common_CRSF/math.c:132:7:fapplyDeadband	16	static
../Drivers/common_CRSF/math.c:141:6:devClear	16	static
../Drivers/common_CRSF/math.c:146:6:devPush	16	static
../Drivers/common_CRSF/math.c:160:7:devVariance	16	static
../Drivers/common_CRSF/math.c:165:7:devStandardDeviation	16	static
../Drivers/common_CRSF/math.c:170:7:degreesToRadians	16	static
../Drivers/common_CRSF/math.c:175:5:scaleRange	32	static
../Drivers/common_CRSF/math.c:181:7:scaleRangef	40	static
../Drivers/common_CRSF/math.c:188:6:normalizeV	24	static
../Drivers/common_CRSF/math.c:200:6:buildRotationMatrix	56	static
../Drivers/common_CRSF/math.c:239:6:rotateV	64	static
../Drivers/common_CRSF/math.c:259:9:quickMedianFilter3	48	static
../Drivers/common_CRSF/math.c:268:9:quickMedianFilter5	72	static
../Drivers/common_CRSF/math.c:279:9:quickMedianFilter7	104	static
../Drivers/common_CRSF/math.c:292:9:quickMedianFilter9	136	static
../Drivers/common_CRSF/math.c:307:7:quickMedianFilter3f	48	static
../Drivers/common_CRSF/math.c:316:7:quickMedianFilter5f	72	static
../Drivers/common_CRSF/math.c:327:7:quickMedianFilter7f	104	static
../Drivers/common_CRSF/math.c:340:7:quickMedianFilter9f	136	static
../Drivers/common_CRSF/math.c:355:6:arraySubInt32	32	static
../Drivers/common_CRSF/math.c:362:9:qPercent	16	static
../Drivers/common_CRSF/math.c:366:9:qMultiply	16	static
../Drivers/common_CRSF/math.c:370:10:qConstruct	16	static
