../Drivers/common_CRSF/streambuf.c:29:9:sbufInit	24	static
../Drivers/common_CRSF/streambuf.c:36:6:sbufWriteU8	16	static
../Drivers/common_CRSF/streambuf.c:41:6:sbufWriteU16	16	static
../Drivers/common_CRSF/streambuf.c:47:6:sbufWriteU32	16	static
../Drivers/common_CRSF/streambuf.c:55:6:sbufWriteU16BigEndian	16	static
../Drivers/common_CRSF/streambuf.c:61:6:sbufWriteU32BigEndian	16	static
../Drivers/common_CRSF/streambuf.c:70:6:sbufFill	24	static
../Drivers/common_CRSF/streambuf.c:76:6:sbufWriteData	24	static
../Drivers/common_CRSF/streambuf.c:82:6:sbufWriteString	16	static
../Drivers/common_CRSF/streambuf.c:87:6:sbufWriteStringWithZeroTerminator	16	static
../Drivers/common_CRSF/streambuf.c:92:9:sbufReadU8	16	static
../Drivers/common_CRSF/streambuf.c:97:10:sbufReadU16	24	static
../Drivers/common_CRSF/streambuf.c:105:10:sbufReadU32	24	static
../Drivers/common_CRSF/streambuf.c:115:6:sbufReadData	24	static
../Drivers/common_CRSF/streambuf.c:122:5:sbufBytesRemaining	16	static
../Drivers/common_CRSF/streambuf.c:127:10:sbufPtr	16	static
../Drivers/common_CRSF/streambuf.c:132:16:sbufConstPtr	16	static
../Drivers/common_CRSF/streambuf.c:140:6:sbufAdvance	16	static
../Drivers/common_CRSF/streambuf.c:146:6:sbufSwitchToReader	16	static
