../Drivers/Altitude_filter/Altitude_filter.c:20:13:KF_matrix_multiply33_33	64	static
../Drivers/Altitude_filter/Altitude_filter.c:34:13:KF_matrix_multiply23_33	48	static
../Drivers/Altitude_filter/Altitude_filter.c:45:13:KF_matrix_multiply23_32	56	static
../Drivers/Altitude_filter/Altitude_filter.c:54:13:KF_matrix_multiply33_32	48	static
../Drivers/Altitude_filter/Altitude_filter.c:65:13:KF_matrix_multiply23_31	48	static
../Drivers/Altitude_filter/Altitude_filter.c:72:13:KF_matrix_multiply32_22	64	static
../Drivers/Altitude_filter/Altitude_filter.c:83:13:KF_matrix_multiply32_23	64	static
../Drivers/Altitude_filter/Altitude_filter.c:97:13:KF_matrix_multiply32_21	56	static
../Drivers/Altitude_filter/Altitude_filter.c:105:13:KF_matrix_multiply33_31	64	static
../Drivers/Altitude_filter/Altitude_filter.c:113:13:KF_matrix_transpose33	64	static
../Drivers/Altitude_filter/Altitude_filter.c:127:13:KF_matrix_transpose23	48	static
../Drivers/Altitude_filter/Altitude_filter.c:138:13:KF_matrix_add33	64	static
../Drivers/Altitude_filter/Altitude_filter.c:152:13:KF_matrix_add22	88	static
../Drivers/Altitude_filter/Altitude_filter.c:161:13:KF_matrix_add31	72	static
../Drivers/Altitude_filter/Altitude_filter.c:169:13:KF_matrix_sub21	48	static
../Drivers/Altitude_filter/Altitude_filter.c:176:13:KF_matrix_sub33	64	static
../Drivers/Altitude_filter/Altitude_filter.c:190:13:KF_matrix_inverse22	80	static
../Drivers/Altitude_filter/Altitude_filter.c:202:6:altitudeKF	536	static
