../Drivers/Altitude_filter/Altitude_filter.c:249:6:altitudeKF	192	static
../Drivers/Altitude_filter/Altitude_filter.c:274:13:KF_matrix_multiply22_22	88	static
../Drivers/Altitude_filter/Altitude_filter.c:283:13:KF_matrix_multiply22_21	56	static
../Drivers/Altitude_filter/Altitude_filter.c:290:13:KF_matrix_multiply12_22	56	static
../Drivers/Altitude_filter/Altitude_filter.c:297:7:KF_matrix_multiply12_21	32	static
../Drivers/Altitude_filter/Altitude_filter.c:303:13:KF_matrix_multiply21_12	72	static
../Drivers/Altitude_filter/Altitude_filter.c:314:13:KF_matrix_transpose22	72	static
../Drivers/Altitude_filter/Altitude_filter.c:323:13:KF_matrix_transpose12	40	static
../Drivers/Altitude_filter/Altitude_filter.c:330:13:KF_matrix_transpose21	40	static
../Drivers/Altitude_filter/Altitude_filter.c:338:13:KF_matrix_add22	88	static
../Drivers/Altitude_filter/Altitude_filter.c:347:13:KF_matrix_add21	48	static
../Drivers/Altitude_filter/Altitude_filter.c:355:13:KF_matrix_sub22	88	static
../Drivers/Altitude_filter/Altitude_filter.c:364:13:KF_matrix_sub21	48	static
../Drivers/Altitude_filter/Altitude_filter.c:372:13:KF_matrix_scalar_multi_22	80	static
../Drivers/Altitude_filter/Altitude_filter.c:381:13:KF_matrix_scalar_multi_21	48	static
