Archive member included to satisfy reference by file (symbol)

c:/st/stm32cubeide_1.9.0/stm32cubeide/plugins/com.st.stm32cube.ide.mcu.externaltools.gnu-tools-for-stm32.10.3-2021.10.win32_1.0.100.202210260954/tools/bin/../lib/gcc/arm-none-eabi/10.3.1/../../../../arm-none-eabi/lib/thumb/v7e-m+fp/hard\libc_nano.a(lib_a-errno.o)
                              ./Core/Src/syscalls.o (__errno)
c:/st/stm32cubeide_1.9.0/stm32cubeide/plugins/com.st.stm32cube.ide.mcu.externaltools.gnu-tools-for-stm32.10.3-2021.10.win32_1.0.100.202210260954/tools/bin/../lib/gcc/arm-none-eabi/10.3.1/../../../../arm-none-eabi/lib/thumb/v7e-m+fp/hard\libc_nano.a(lib_a-exit.o)
                              c:/st/stm32cubeide_1.9.0/stm32cubeide/plugins/com.st.stm32cube.ide.mcu.externaltools.gnu-tools-for-stm32.10.3-2021.10.win32_1.0.100.202210260954/tools/bin/../lib/gcc/arm-none-eabi/10.3.1/../../../../arm-none-eabi/lib/thumb/v7e-m+fp/hard/crt0.o (exit)
c:/st/stm32cubeide_1.9.0/stm32cubeide/plugins/com.st.stm32cube.ide.mcu.externaltools.gnu-tools-for-stm32.10.3-2021.10.win32_1.0.100.202210260954/tools/bin/../lib/gcc/arm-none-eabi/10.3.1/../../../../arm-none-eabi/lib/thumb/v7e-m+fp/hard\libc_nano.a(lib_a-impure.o)
                              c:/st/stm32cubeide_1.9.0/stm32cubeide/plugins/com.st.stm32cube.ide.mcu.externaltools.gnu-tools-for-stm32.10.3-2021.10.win32_1.0.100.202210260954/tools/bin/../lib/gcc/arm-none-eabi/10.3.1/../../../../arm-none-eabi/lib/thumb/v7e-m+fp/hard\libc_nano.a(lib_a-exit.o) (_global_impure_ptr)
c:/st/stm32cubeide_1.9.0/stm32cubeide/plugins/com.st.stm32cube.ide.mcu.externaltools.gnu-tools-for-stm32.10.3-2021.10.win32_1.0.100.202210260954/tools/bin/../lib/gcc/arm-none-eabi/10.3.1/../../../../arm-none-eabi/lib/thumb/v7e-m+fp/hard\libc_nano.a(lib_a-init.o)
                              c:/st/stm32cubeide_1.9.0/stm32cubeide/plugins/com.st.stm32cube.ide.mcu.externaltools.gnu-tools-for-stm32.10.3-2021.10.win32_1.0.100.202210260954/tools/bin/../lib/gcc/arm-none-eabi/10.3.1/../../../../arm-none-eabi/lib/thumb/v7e-m+fp/hard/crt0.o (__libc_init_array)
c:/st/stm32cubeide_1.9.0/stm32cubeide/plugins/com.st.stm32cube.ide.mcu.externaltools.gnu-tools-for-stm32.10.3-2021.10.win32_1.0.100.202210260954/tools/bin/../lib/gcc/arm-none-eabi/10.3.1/../../../../arm-none-eabi/lib/thumb/v7e-m+fp/hard\libc_nano.a(lib_a-memcpy-stub.o)
                              ./Middlewares/Third_Party/FreeRTOS/Source/queue.o (memcpy)
c:/st/stm32cubeide_1.9.0/stm32cubeide/plugins/com.st.stm32cube.ide.mcu.externaltools.gnu-tools-for-stm32.10.3-2021.10.win32_1.0.100.202210260954/tools/bin/../lib/gcc/arm-none-eabi/10.3.1/../../../../arm-none-eabi/lib/thumb/v7e-m+fp/hard\libc_nano.a(lib_a-memset.o)
                              c:/st/stm32cubeide_1.9.0/stm32cubeide/plugins/com.st.stm32cube.ide.mcu.externaltools.gnu-tools-for-stm32.10.3-2021.10.win32_1.0.100.202210260954/tools/bin/../lib/gcc/arm-none-eabi/10.3.1/../../../../arm-none-eabi/lib/thumb/v7e-m+fp/hard/crt0.o (memset)
c:/st/stm32cubeide_1.9.0/stm32cubeide/plugins/com.st.stm32cube.ide.mcu.externaltools.gnu-tools-for-stm32.10.3-2021.10.win32_1.0.100.202210260954/tools/bin/../lib/gcc/arm-none-eabi/10.3.1/../../../../arm-none-eabi/lib/thumb/v7e-m+fp/hard\libc_nano.a(lib_a-nano-vfprintf_float.o)
                              (_printf_float)
c:/st/stm32cubeide_1.9.0/stm32cubeide/plugins/com.st.stm32cube.ide.mcu.externaltools.gnu-tools-for-stm32.10.3-2021.10.win32_1.0.100.202210260954/tools/bin/../lib/gcc/arm-none-eabi/10.3.1/../../../../arm-none-eabi/lib/thumb/v7e-m+fp/hard\libc_nano.a(lib_a-nano-vfprintf_i.o)
                              c:/st/stm32cubeide_1.9.0/stm32cubeide/plugins/com.st.stm32cube.ide.mcu.externaltools.gnu-tools-for-stm32.10.3-2021.10.win32_1.0.100.202210260954/tools/bin/../lib/gcc/arm-none-eabi/10.3.1/../../../../arm-none-eabi/lib/thumb/v7e-m+fp/hard\libc_nano.a(lib_a-nano-vfprintf_float.o) (_printf_common)
c:/st/stm32cubeide_1.9.0/stm32cubeide/plugins/com.st.stm32cube.ide.mcu.externaltools.gnu-tools-for-stm32.10.3-2021.10.win32_1.0.100.202210260954/tools/bin/../lib/gcc/arm-none-eabi/10.3.1/../../../../arm-none-eabi/lib/thumb/v7e-m+fp/hard\libc_nano.a(lib_a-sprintf.o)
                              ./Core/Src/main.o (sprintf)
c:/st/stm32cubeide_1.9.0/stm32cubeide/plugins/com.st.stm32cube.ide.mcu.externaltools.gnu-tools-for-stm32.10.3-2021.10.win32_1.0.100.202210260954/tools/bin/../lib/gcc/arm-none-eabi/10.3.1/../../../../arm-none-eabi/lib/thumb/v7e-m+fp/hard\libc_nano.a(lib_a-strlen.o)
                              c:/st/stm32cubeide_1.9.0/stm32cubeide/plugins/com.st.stm32cube.ide.mcu.externaltools.gnu-tools-for-stm32.10.3-2021.10.win32_1.0.100.202210260954/tools/bin/../lib/gcc/arm-none-eabi/10.3.1/../../../../arm-none-eabi/lib/thumb/v7e-m+fp/hard\libc_nano.a(lib_a-nano-vfprintf_float.o) (strlen)
[...]
Memory Configuration

Name             Origin             Length             Attributes
CCMRAM           0x0000000010000000 0x0000000000010000 xrw
RAM              0x0000000020000000 0x0000000000020000 xrw
FLASH            0x0000000008000000 0x0000000000100000 xr
*default*        0x0000000000000000 0xffffffffffffffff

Linker script and memory map

LOAD c:/st/stm32cubeide_1.9.0/stm32cubeide/plugins/com.st.stm32cube.ide.mcu.externaltools.gnu-tools-for-stm32.10.3-2021.10.win32_1.0.100.202210260954/tools/bin/../lib/gcc/arm-none-eabi/10.3.1/thumb/v7e-m+fp/hard/crti.o
LOAD c:/st/stm32cubeide_1.9.0/stm32cubeide/plugins/com.st.stm32cube.ide.mcu.externaltools.gnu-tools-for-stm32.10.3-2021.10.win32_1.0.100.202210260954/tools/bin/../lib/gcc/arm-none-eabi/10.3.1/thumb/v7e-m+fp/hard/crtbegin.o
LOAD c:/st/stm32cubeide_1.9.0/stm32cubeide/plugins/com.st.stm32cube.ide.mcu.externaltools.gnu-tools-for-stm32.10.3-2021.10.win32_1.0.100.202210260954/tools/bin/../lib/gcc/arm-none-eabi/10.3.1/../../../../arm-none-eabi/lib/thumb/v7e-m+fp/hard/crt0.o
LOAD ./Core/Src/freertos.o
LOAD ./Core/Src/main.o
LOAD ./Core/Src/stm32f4xx_hal_msp.o
LOAD ./Core/Src/stm32f4xx_it.o
LOAD ./Core/Src/syscalls.o
LOAD ./Core/Src/sysmem.o
LOAD ./Core/Src/system_stm32f4xx.o
LOAD ./Core/Startup/startup_stm32f405rgtx.o
LOAD ./Drivers/Altitude_filter/Altitude_filter.o
LOAD ./Drivers/BMI088/Src/BMI088.o
LOAD ./Drivers/BMM150/BMM150.o
LOAD ./Drivers/BMP388/BMP388.o
LOAD ./Drivers/ESC/ESC.o
LOAD ./Drivers/HCSR04/hcsr04.o
LOAD ./Drivers/OriIMU/oriIMU.o
LOAD ./Drivers/OrientationFilter/Orifilter.o
LOAD ./Drivers/STM32F4xx_HAL_Driver/Src/stm32f4xx_hal.o
LOAD ./Drivers/STM32F4xx_HAL_Driver/Src/stm32f4xx_hal_adc.o
LOAD ./Drivers/STM32F4xx_HAL_Driver/Src/stm32f4xx_hal_adc_ex.o
LOAD ./Drivers/STM32F4xx_HAL_Driver/Src/stm32f4xx_hal_cortex.o
LOAD ./Drivers/STM32F4xx_HAL_Driver/Src/stm32f4xx_hal_dma.o
LOAD ./Drivers/STM32F4xx_HAL_Driver/Src/stm32f4xx_hal_dma_ex.o
LOAD ./Drivers/STM32F4xx_HAL_Driver/Src/stm32f4xx_hal_exti.o
LOAD ./Drivers/STM32F4xx_HAL_Driver/Src/stm32f4xx_hal_flash.o
LOAD ./Drivers/STM32F4xx_HAL_Driver/Src/stm32f4xx_hal_flash_ex.o
LOAD ./Drivers/STM32F4xx_HAL_Driver/Src/stm32f4xx_hal_flash_ramfunc.o
LOAD ./Drivers/STM32F4xx_HAL_Driver/Src/stm32f4xx_hal_gpio.o
LOAD ./Drivers/STM32F4xx_HAL_Driver/Src/stm32f4xx_hal_i2c.o
LOAD ./Drivers/STM32F4xx_HAL_Driver/Src/stm32f4xx_hal_i2c_ex.o
LOAD ./Drivers/STM32F4xx_HAL_Driver/Src/stm32f4xx_hal_pwr.o
LOAD ./Drivers/STM32F4xx_HAL_Driver/Src/stm32f4xx_hal_pwr_ex.o
LOAD ./Drivers/STM32F4xx_HAL_Driver/Src/stm32f4xx_hal_rcc.o
LOAD ./Drivers/STM32F4xx_HAL_Driver/Src/stm32f4xx_hal_rcc_ex.o
LOAD ./Drivers/STM32F4xx_HAL_Driver/Src/stm32f4xx_hal_spi.o
LOAD ./Drivers/STM32F4xx_HAL_Driver/Src/stm32f4xx_hal_tim.o
LOAD ./Drivers/STM32F4xx_HAL_Driver/Src/stm32f4xx_hal_tim_ex.o
LOAD ./Drivers/STM32F4xx_HAL_Driver/Src/stm32f4xx_hal_uart.o
LOAD ./Drivers/STM32F4xx_HAL_Driver/Src/stm32f4xx_ll_adc.o
LOAD ./Drivers/ahrs/FusionAhrs.o
LOAD ./Drivers/ahrs/FusionCompass.o
LOAD ./Drivers/ahrs/FusionOffset.o
LOAD ./Drivers/bmm150_API/bmm150.o
LOAD ./Drivers/bmm150_API/bmm150_common.o
LOAD ./Middlewares/Third_Party/FreeRTOS/Source/CMSIS_RTOS/cmsis_os.o
LOAD ./Middlewares/Third_Party/FreeRTOS/Source/croutine.o
LOAD ./Middlewares/Third_Party/FreeRTOS/Source/event_groups.o
LOAD ./Middlewares/Third_Party/FreeRTOS/Source/list.o
LOAD ./Middlewares/Third_Party/FreeRTOS/Source/queue.o
LOAD ./Middlewares/Third_Party/FreeRTOS/Source/stream_buffer.o
LOAD ./Middlewares/Third_Party/FreeRTOS/Source/tasks.o
LOAD ./Middlewares/Third_Party/FreeRTOS/Source/timers.o
LOAD ./Middlewares/Third_Party/FreeRTOS/Source/portable/GCC/ARM_CM4F/port.o
LOAD ./Middlewares/Third_Party/FreeRTOS/Source/portable/MemMang/heap_4.o
START GROUP
LOAD c:/st/stm32cubeide_1.9.0/stm32cubeide/plugins/com.st.stm32cube.ide.mcu.externaltools.gnu-tools-for-stm32.10.3-2021.10.win32_1.0.100.202210260954/tools/bin/../lib/gcc/arm-none-eabi/10.3.1/../../../../arm-none-eabi/lib/thumb/v7e-m+fp/hard\libc_nano.a
LOAD c:/st/stm32cubeide_1.9.0/stm32cubeide/plugins/com.st.stm32cube.ide.mcu.externaltools.gnu-tools-for-stm32.10.3-2021.10.win32_1.0.100.202210260954/tools/bin/../lib/gcc/arm-none-eabi/10.3.1/../../../../arm-none-eabi/lib/thumb/v7e-m+fp/hard\libm.a
END GROUP
START GROUP
LOAD c:/st/stm32cubeide_1.9.0/stm32cubeide/plugins/com.st.stm32cube.ide.mcu.externaltools.gnu-tools-for-stm32.10.3-2021.10.win32_1.0.100.202210260954/tools/bin/../lib/gcc/arm-none-eabi/10.3.1/thumb/v7e-m+fp/hard\libgcc.a
LOAD c:/st/stm32cubeide_1.9.0/stm32cubeide/plugins/com.st.stm32cube.ide.mcu.externaltools.gnu-tools-for-stm32.10.3-2021.10.win32_1.0.100.202210260954/tools/bin/../lib/gcc/arm-none-eabi/10.3.1/../../../../arm-none-eabi/lib/thumb/v7e-m+fp/hard\libc_nano.a
END GROUP
START GROUP
LOAD c:/st/stm32cubeide_1.9.0/stm32cubeide/plugins/com.st.stm32cube.ide.mcu.externaltools.gnu-tools-for-stm32.10.3-2021.10.win32_1.0.100.202210260954/tools/bin/../lib/gcc/arm-none-eabi/10.3.1/thumb/v7e-m+fp/hard\libgcc.a
LOAD c:/st/stm32cubeide_1.9.0/stm32cubeide/plugins/com.st.stm32cube.ide.mcu.externaltools.gnu-tools-for-stm32.10.3-2021.10.win32_1.0.100.202210260954/tools/bin/../lib/gcc/arm-none-eabi/10.3.1/../../../../arm-none-eabi/lib/thumb/v7e-m+fp/hard\libc_nano.a
LOAD c:/st/stm32cubeide_1.9.0/stm32cubeide/plugins/com.st.stm32cube.ide.mcu.externaltools.gnu-tools-for-stm32.10.3-2021.10.win32_1.0.100.202210260954/tools/bin/../lib/gcc/arm-none-eabi/10.3.1/../../../../arm-none-eabi/lib/thumb/v7e-m+fp/hard\libnosys.a
END GROUP
START GROUP
LOAD c:/st/stm32cubeide_1.9.0/stm32cubeide/plugins/com.st.stm32cube.ide.mcu.externaltools.gnu-tools-for-stm32.10.3-2021.10.win32_1.0.100.202210260954/tools/bin/../lib/gcc/arm-none-eabi/10.3.1/thumb/v7e-m+fp/hard\libgcc.a
LOAD c:/st/stm32cubeide_1.9.0/stm32cubeide/plugins/com.st.stm32cube.ide.mcu.externaltools.gnu-tools-for-stm32.10.3-2021.10.win32_1.0.100.202210260954/tools/bin/../lib/gcc/arm-none-eabi/10.3.1/../../../../arm-none-eabi/lib/thumb/v7e-m+fp/hard\libc_nano.a
LOAD c:/st/stm32cubeide_1.9.0/stm32cubeide/plugins/com.st.stm32cube.ide.mcu.externaltools.gnu-tools-for-stm32.10.3-2021.10.win32_1.0.100.202210260954/tools/bin/../lib/gcc/arm-none-eabi/10.3.1/../../../../arm-none-eabi/lib/thumb/v7e-m+fp/hard\libnosys.a
END GROUP
LOAD c:/st/stm32cubeide_1.9.0/stm32cubeide/plugins/com.st.stm32cube.ide.mcu.externaltools.gnu-tools-for-stm32.10.3-2021.10.win32_1.0.100.202210260954/tools/bin/../lib/gcc/arm-none-eabi/10.3.1/thumb/v7e-m+fp/hard/crtend.o
LOAD c:/st/stm32cubeide_1.9.0/stm32cubeide/plugins/com.st.stm32cube.ide.mcu.externaltools.gnu-tools-for-stm32.10.3-2021.10.win32_1.0.100.202210260954/tools/bin/../lib/gcc/arm-none-eabi/10.3.1/thumb/v7e-m+fp/hard/crtn.o
                0x0000000020020000                _estack = (ORIGIN (RAM) + LENGTH (RAM))
                0x0000000000000200                _Min_Heap_Size = 0x200
                0x0000000000000400                _Min_Stack_Size = 0x400

.isr_vector     0x0000000008000000      0x188
                0x0000000008000000                . = ALIGN (0x4)
 *(.isr_vector)
 .isr_vector    0x0000000008000000      0x188 ./Core/Startup/startup_stm32f405rgtx.o
                0x0000000008000000                g_pfnVectors
                0x0000000008000188                . = ALIGN (0x4)

.text           0x0000000008000190    0x15cc8
                0x0000000008000190                . = ALIGN (0x4)
 *(.text)
 .text          0x0000000008000190       0x40 c:/st/stm32cubeide_1.9.0/stm32cubeide/plugins/com.st.stm32cube.ide.mcu.externaltools.gnu-tools-for-stm32.10.3-2021.10.win32_1.0.100.202210260954/tools/bin/../lib/gcc/arm-none-eabi/10.3.1/thumb/v7e-m+fp/hard/crtbegin.o
 .text          0x00000000080001d0       0x10 c:/st/stm32cubeide_1.9.0/stm32cubeide/plugins/com.st.stm32cube.ide.mcu.externaltools.gnu-tools-for-stm32.10.3-2021.10.win32_1.0.100.202210260954/tools/bin/../lib/gcc/arm-none-eabi/10.3.1/../../../../arm-none-eabi/lib/thumb/v7e-m+fp/hard\libc_nano.a(lib_a-strlen.o)
                0x00000000080001d0                strlen
 .text          0x00000000080001e0       0xa0 c:/st/stm32cubeide_1.9.0/stm32cubeide/plugins/com.st.stm32cube.ide.mcu.externaltools.gnu-tools-for-stm32.10.3-2021.10.win32_1.0.100.202210260954/tools/bin/../lib/gcc/arm-none-eabi/10.3.1/../../../../arm-none-eabi/lib/thumb/v7e-m+fp/hard\libc_nano.a(lib_a-memchr.o)
                0x00000000080001e0                memchr
 .text          0x0000000008000280      0x378 c:/st/stm32cubeide_1.9.0/stm32cubeide/plugins/com.st.stm32cube.ide.mcu.externaltools.gnu-tools-for-stm32.10.3-2021.10.win32_1.0.100.202210260954/tools/bin/../lib/gcc/arm-none-eabi/10.3.1/thumb/v7e-m+fp/hard\libgcc.a(_arm_addsubdf3.o)
                0x0000000008000280                __aeabi_drsub
                0x0000000008000288                __aeabi_dsub
                0x0000000008000288                __subdf3
                0x000000000800028c                __aeabi_dadd
                0x000000000800028c                __adddf3
                0x0000000008000504                __floatunsidf
                0x0000000008000504                __aeabi_ui2d
                0x0000000008000524                __floatsidf
                0x0000000008000524                __aeabi_i2d
                0x0000000008000548                __aeabi_f2d
                0x0000000008000548                __extendsfdf2
                0x000000000800058c                __floatundidf
                0x000000000800058c                __aeabi_ul2d
                0x000000000800059c                __floatdidf
                0x000000000800059c                __aeabi_l2d
 .text          0x00000000080005f8      0x424 c:/st/stm32cubeide_1.9.0/stm32cubeide/plugins/com.st.stm32cube.ide.mcu.externaltools.gnu-tools-for-stm32.10.3-2021.10.win32_1.0.100.202210260954/tools/bin/../lib/gcc/arm-none-eabi/10.3.1/thumb/v7e-m+fp/hard\libgcc.a(_arm_muldivdf3.o)
                0x00000000080005f8                __aeabi_dmul
                0x00000000080005f8                __muldf3
                0x000000000800084c                __divdf3
                0x000000000800084c                __aeabi_ddiv
 .text          0x0000000008000a1c      0x110 c:/st/stm32cubeide_1.9.0/stm32cubeide/plugins/com.st.stm32cube.ide.mcu.externaltools.gnu-tools-for-stm32.10.3-2021.10.win32_1.0.100.202210260954/tools/bin/../lib/gcc/arm-none-eabi/10.3.1/thumb/v7e-m+fp/hard\libgcc.a(_arm_cmpdf2.o)
                0x0000000008000a1c                __gtdf2
                0x0000000008000a1c                __gedf2
                0x0000000008000a24                __ltdf2
                0x0000000008000a24                __ledf2
                0x0000000008000a2c                __nedf2
                0x0000000008000a2c                __eqdf2
                0x0000000008000a2c                __cmpdf2
                0x0000000008000aa8                __aeabi_cdrcmple
                0x0000000008000ab8                __aeabi_cdcmpeq
                0x0000000008000ab8                __aeabi_cdcmple
                0x0000000008000ac8                __aeabi_dcmpeq
                0x0000000008000adc                __aeabi_dcmplt
                0x0000000008000af0                __aeabi_dcmple
                0x0000000008000b04                __aeabi_dcmpge
                0x0000000008000b18                __aeabi_dcmpgt
 .text          0x0000000008000b2c       0x2c c:/st/stm32cubeide_1.9.0/stm32cubeide/plugins/com.st.stm32cube.ide.mcu.externaltools.gnu-tools-for-stm32.10.3-2021.10.win32_1.0.100.202210260954/tools/bin/../lib/gcc/arm-none-eabi/10.3.1/thumb/v7e-m+fp/hard\libgcc.a(_arm_unorddf2.o)
                0x0000000008000b2c                __unorddf2
                0x0000000008000b2c                __aeabi_dcmpun
 .text          0x0000000008000b58       0x50 c:/st/stm32cubeide_1.9.0/stm32cubeide/plugins/com.st.stm32cube.ide.mcu.externaltools.gnu-tools-for-stm32.10.3-2021.10.win32_1.0.100.202210260954/tools/bin/../lib/gcc/arm-none-eabi/10.3.1/thumb/v7e-m+fp/hard\libgcc.a(_arm_fixdfsi.o)
                0x0000000008000b58                __aeabi_d2iz
                0x0000000008000b58                __fixdfsi
 .text          0x0000000008000ba8       0x40 c:/st/stm32cubeide_1.9.0/stm32cubeide/plugins/com.st.stm32cube.ide.mcu.externaltools.gnu-tools-for-stm32.10.3-2021.10.win32_1.0.100.202210260954/tools/bin/../lib/gcc/arm-none-eabi/10.3.1/thumb/v7e-m+fp/hard\libgcc.a(_arm_fixunsdfsi.o)
                0x0000000008000ba8                __aeabi_d2uiz
                0x0000000008000ba8                __fixunsdfsi
 .text          0x0000000008000be8       0xa0 c:/st/stm32cubeide_1.9.0/stm32cubeide/plugins/com.st.stm32cube.ide.mcu.externaltools.gnu-tools-for-stm32.10.3-2021.10.win32_1.0.100.202210260954/tools/bin/../lib/gcc/arm-none-eabi/10.3.1/thumb/v7e-m+fp/hard\libgcc.a(_arm_truncdfsf2.o)
                0x0000000008000be8                __truncdfsf2
                0x0000000008000be8                __aeabi_d2f
 .text          0x0000000008000c88       0x30 c:/st/stm32cubeide_1.9.0/stm32cubeide/plugins/com.st.stm32cube.ide.mcu.externaltools.gnu-tools-for-stm32.10.3-2021.10.win32_1.0.100.202210260954/tools/bin/../lib/gcc/arm-none-eabi/10.3.1/thumb/v7e-m+fp/hard\libgcc.a(_aeabi_uldivmod.o)
                0x0000000008000c88                __aeabi_uldivmod
 .text          0x0000000008000cb8      0x2d0 c:/st/stm32cubeide_1.9.0/stm32cubeide/plugins/com.st.stm32cube.ide.mcu.externaltools.gnu-tools-for-stm32.10.3-2021.10.win32_1.0.100.202210260954/tools/bin/../lib/gcc/arm-none-eabi/10.3.1/thumb/v7e-m+fp/hard\libgcc.a(_udivmoddi4.o)
                0x0000000008000cb8                __udivmoddi4
 .text          0x0000000008000f88        0x4 c:/st/stm32cubeide_1.9.0/stm32cubeide/plugins/com.st.stm32cube.ide.mcu.externaltools.gnu-tools-for-stm32.10.3-2021.10.win32_1.0.100.202210260954/tools/bin/../lib/gcc/arm-none-eabi/10.3.1/thumb/v7e-m+fp/hard\libgcc.a(_dvmd_tls.o)
                0x0000000008000f88                __aeabi_idiv0
                0x0000000008000f88                __aeabi_ldiv0
 *(.text*)
 .text.vApplicationGetIdleTaskMemory
                0x0000000008000f8c       0x34 ./Core/Src/freertos.o
                0x0000000008000f8c                vApplicationGetIdleTaskMemory
 .text.FusionRadiansToDegrees
                0x0000000008000fc0       0x28 ./Core/Src/main.o
 .text.FusionAsin
                0x0000000008000fe8       0x58 ./Core/Src/main.o
 .text.FusionVectorSubtract
                0x0000000008001040       0x9c ./Core/Src/main.o
 .text.FusionVectorMultiplyScalar
                0x00000000080010dc       0x88 ./Core/Src/main.o
 .text.FusionMatrixMultiplyVector
                0x0000000008001164       0xf0 ./Core/Src/main.o
 .text.FusionQuaternionToMatrix
                0x0000000008001254      0x19a ./Core/Src/main.o
 .text.FusionQuaternionToEuler
                0x00000000080013ee      0x14c ./Core/Src/main.o
 *fill*         0x000000000800153a        0x2 
 .text.main     0x000000000800153c      0x150 ./Core/Src/main.o
                0x000000000800153c                main
 .text.SystemClock_Config
                0x000000000800168c       0xd4 ./Core/Src/main.o
                0x000000000800168c                SystemClock_Config
 .text.MX_ADC1_Init
                0x0000000008001760       0xa4 ./Core/Src/main.o
 .text.MX_ADC2_Init
                0x0000000008001804       0xa4 ./Core/Src/main.o
 .text.MX_ADC3_Init
                0x00000000080018a8       0xa4 ./Core/Src/main.o
 .text.MX_I2C1_Init
                0x000000000800194c       0x5c ./Core/Src/main.o
 .text.MX_I2C2_Init
                0x00000000080019a8       0x5c ./Core/Src/main.o
 .text.MX_I2C3_Init
                0x0000000008001a04       0x5c ./Core/Src/main.o
 .text.MX_SPI2_Init
                0x0000000008001a60       0x6c ./Core/Src/main.o
 .text.MX_TIM2_Init
                0x0000000008001acc       0xe0 ./Core/Src/main.o
 .text.MX_TIM3_Init
                0x0000000008001bac      0x15c ./Core/Src/main.o
 .text.MX_TIM4_Init
                0x0000000008001d08       0xe8 ./Core/Src/main.o
 .text.MX_TIM6_Init
                0x0000000008001df0       0x6c ./Core/Src/main.o
 .text.MX_TIM7_Init
                0x0000000008001e5c       0x6c ./Core/Src/main.o
 .text.MX_TIM10_Init
                0x0000000008001ec8       0x48 ./Core/Src/main.o
 .text.MX_USART1_UART_Init
                0x0000000008001f10       0x54 ./Core/Src/main.o
 .text.MX_USART2_UART_Init
                0x0000000008001f64       0x54 ./Core/Src/main.o
 .text.MX_USART3_UART_Init
                0x0000000008001fb8       0x54 ./Core/Src/main.o
 .text.MX_USART6_UART_Init
                0x000000000800200c       0x54 ./Core/Src/main.o
 .text.MX_DMA_Init
                0x0000000008002060       0x40 ./Core/Src/main.o
 .text.MX_GPIO_Init
                0x00000000080020a0      0x1e4 ./Core/Src/main.o
 .text.set_config
                0x0000000008002284       0xa4 ./Core/Src/main.o
 .text.HAL_GPIO_EXTI_Callback
                0x0000000008002328       0x88 ./Core/Src/main.o
                0x0000000008002328                HAL_GPIO_EXTI_Callback
 .text.HAL_TIM_IC_CaptureCallback
                0x00000000080023b0      0x144 ./Core/Src/main.o
                0x00000000080023b0                HAL_TIM_IC_CaptureCallback
 .text.HAL_TIM_PeriodElapsedCallback
                0x00000000080024f4       0x40 ./Core/Src/main.o
                0x00000000080024f4                HAL_TIM_PeriodElapsedCallback
 .text.HAL_UART_TxCpltCallback
                0x0000000008002534       0x2c ./Core/Src/main.o
                0x0000000008002534                HAL_UART_TxCpltCallback
 .text.HAL_UART_RxCpltCallback
                0x0000000008002560      0x170 ./Core/Src/main.o
                0x0000000008002560                HAL_UART_RxCpltCallback
 .text.StartDefaultTask
                0x00000000080026d0      0x1f8 ./Core/Src/main.o
                0x00000000080026d0                StartDefaultTask
 .text.Start_Data_Reading
                0x00000000080028c8     0x10c0 ./Core/Src/main.o
                0x00000000080028c8                Start_Data_Reading
 .text.Start_Orientation
                0x0000000008003988       0x10 ./Core/Src/main.o
                0x0000000008003988                Start_Orientation
 .text.Error_Handler
                0x0000000008003998        0xa ./Core/Src/main.o
                0x0000000008003998                Error_Handler
 *fill*         0x00000000080039a2        0x2 
 .text.HAL_MspInit
                0x00000000080039a4       0x58 ./Core/Src/stm32f4xx_hal_msp.o
                0x00000000080039a4                HAL_MspInit
 .text.HAL_ADC_MspInit
                0x00000000080039fc      0x14c ./Core/Src/stm32f4xx_hal_msp.o
                0x00000000080039fc                HAL_ADC_MspInit
 .text.HAL_I2C_MspInit
                0x0000000008003b48      0x1ac ./Core/Src/stm32f4xx_hal_msp.o
                0x0000000008003b48                HAL_I2C_MspInit
 .text.HAL_SPI_MspInit
                0x0000000008003cf4       0x90 ./Core/Src/stm32f4xx_hal_msp.o
                0x0000000008003cf4                HAL_SPI_MspInit
 .text.HAL_TIM_Base_MspInit
                0x0000000008003d84      0x198 ./Core/Src/stm32f4xx_hal_msp.o
                0x0000000008003d84                HAL_TIM_Base_MspInit
 .text.HAL_TIM_MspPostInit
                0x0000000008003f1c       0xb4 ./Core/Src/stm32f4xx_hal_msp.o
                0x0000000008003f1c                HAL_TIM_MspPostInit
 .text.HAL_UART_MspInit
                0x0000000008003fd0      0x248 ./Core/Src/stm32f4xx_hal_msp.o
                0x0000000008003fd0                HAL_UART_MspInit
 .text.NMI_Handler
                0x0000000008004218        0x6 ./Core/Src/stm32f4xx_it.o
                0x0000000008004218                NMI_Handler
 .text.HardFault_Handler
                0x000000000800421e        0x6 ./Core/Src/stm32f4xx_it.o
                0x000000000800421e                HardFault_Handler
 .text.MemManage_Handler
                0x0000000008004224        0x6 ./Core/Src/stm32f4xx_it.o
                0x0000000008004224                MemManage_Handler
 .text.BusFault_Handler
                0x000000000800422a        0x6 ./Core/Src/stm32f4xx_it.o
                0x000000000800422a                BusFault_Handler
 .text.UsageFault_Handler
                0x0000000008004230        0x6 ./Core/Src/stm32f4xx_it.o
                0x0000000008004230                UsageFault_Handler
 .text.DebugMon_Handler
                0x0000000008004236        0xe ./Core/Src/stm32f4xx_it.o
                0x0000000008004236                DebugMon_Handler
 .text.SysTick_Handler
                0x0000000008004244       0x1a ./Core/Src/stm32f4xx_it.o
                0x0000000008004244                SysTick_Handler
 .text.EXTI0_IRQHandler
                0x000000000800425e        0xe ./Core/Src/stm32f4xx_it.o
                0x000000000800425e                EXTI0_IRQHandler
 .text.EXTI2_IRQHandler
                0x000000000800426c        0xe ./Core/Src/stm32f4xx_it.o
                0x000000000800426c                EXTI2_IRQHandler
 *fill*         0x000000000800427a        0x2 
 .text.TIM2_IRQHandler
                0x000000000800427c       0x14 ./Core/Src/stm32f4xx_it.o
                0x000000000800427c                TIM2_IRQHandler
 .text.USART2_IRQHandler
                0x0000000008004290       0x14 ./Core/Src/stm32f4xx_it.o
                0x0000000008004290                USART2_IRQHandler
 .text.EXTI15_10_IRQHandler
                0x00000000080042a4       0x20 ./Core/Src/stm32f4xx_it.o
                0x00000000080042a4                EXTI15_10_IRQHandler
 .text.TIM6_DAC_IRQHandler
                0x00000000080042c4       0x14 ./Core/Src/stm32f4xx_it.o
                0x00000000080042c4                TIM6_DAC_IRQHandler
 .text.TIM7_IRQHandler
                0x00000000080042d8       0x14 ./Core/Src/stm32f4xx_it.o
                0x00000000080042d8                TIM7_IRQHandler
 .text.DMA2_Stream2_IRQHandler
                0x00000000080042ec       0x14 ./Core/Src/stm32f4xx_it.o
                0x00000000080042ec                DMA2_Stream2_IRQHandler
 .text._getpid  0x0000000008004300       0x10 ./Core/Src/syscalls.o
                0x0000000008004300                _getpid
 .text._kill    0x0000000008004310       0x20 ./Core/Src/syscalls.o
                0x0000000008004310                _kill
 .text._exit    0x0000000008004330       0x14 ./Core/Src/syscalls.o
                0x0000000008004330                _exit
 .text._read    0x0000000008004344       0x3a ./Core/Src/syscalls.o
                0x0000000008004344                _read
 .text._write   0x000000000800437e       0x38 ./Core/Src/syscalls.o
                0x000000000800437e                _write
 .text._close   0x00000000080043b6       0x18 ./Core/Src/syscalls.o
                0x00000000080043b6                _close
 .text._fstat   0x00000000080043ce       0x20 ./Core/Src/syscalls.o
                0x00000000080043ce                _fstat
 .text._isatty  0x00000000080043ee       0x16 ./Core/Src/syscalls.o
                0x00000000080043ee                _isatty
 .text._lseek   0x0000000008004404       0x1a ./Core/Src/syscalls.o
                0x0000000008004404                _lseek
 *fill*         0x000000000800441e        0x2 
 .text._sbrk    0x0000000008004420       0x6c ./Core/Src/sysmem.o
                0x0000000008004420                _sbrk
 .text.SystemInit
                0x000000000800448c       0x24 ./Core/Src/system_stm32f4xx.o
                0x000000000800448c                SystemInit
 .text.Reset_Handler
                0x00000000080044b0       0x50 ./Core/Startup/startup_stm32f405rgtx.o
                0x00000000080044b0                Reset_Handler
 .text.Default_Handler
                0x0000000008004500        0x2 ./Core/Startup/startup_stm32f405rgtx.o
                0x0000000008004500                RTC_Alarm_IRQHandler
                0x0000000008004500                HASH_RNG_IRQHandler
                0x0000000008004500                TIM8_CC_IRQHandler
                0x0000000008004500                TIM1_CC_IRQHandler
                0x0000000008004500                DMA2_Stream5_IRQHandler
                0x0000000008004500                DMA1_Stream5_IRQHandler
                0x0000000008004500                PVD_IRQHandler
                0x0000000008004500                SDIO_IRQHandler
                0x0000000008004500                TAMP_STAMP_IRQHandler
                0x0000000008004500                CAN2_RX1_IRQHandler
                0x0000000008004500                EXTI3_IRQHandler
                0x0000000008004500                TIM8_TRG_COM_TIM14_IRQHandler
                0x0000000008004500                TIM1_UP_TIM10_IRQHandler
                0x0000000008004500                TIM8_UP_TIM13_IRQHandler
                0x0000000008004500                I2C3_ER_IRQHandler
                0x0000000008004500                I2C2_EV_IRQHandler
                0x0000000008004500                DMA1_Stream2_IRQHandler
                0x0000000008004500                CAN1_RX0_IRQHandler
                0x0000000008004500                FPU_IRQHandler
                0x0000000008004500                OTG_HS_WKUP_IRQHandler
                0x0000000008004500                CAN2_SCE_IRQHandler
                0x0000000008004500                SPI1_IRQHandler
                0x0000000008004500                TIM1_BRK_TIM9_IRQHandler
                0x0000000008004500                CAN2_RX0_IRQHandler
                0x0000000008004500                DMA2_Stream3_IRQHandler
                0x0000000008004500                USART6_IRQHandler
                0x0000000008004500                USART3_IRQHandler
                0x0000000008004500                CAN1_RX1_IRQHandler
                0x0000000008004500                UART5_IRQHandler
                0x0000000008004500                DMA2_Stream0_IRQHandler
                0x0000000008004500                TIM4_IRQHandler
                0x0000000008004500                I2C1_EV_IRQHandler
                0x0000000008004500                DMA1_Stream6_IRQHandler
                0x0000000008004500                DMA1_Stream1_IRQHandler
                0x0000000008004500                UART4_IRQHandler
                0x0000000008004500                TIM3_IRQHandler
                0x0000000008004500                RCC_IRQHandler
                0x0000000008004500                TIM8_BRK_TIM12_IRQHandler
                0x0000000008004500                Default_Handler
                0x0000000008004500                ADC_IRQHandler
                0x0000000008004500                DMA1_Stream7_IRQHandler
                0x0000000008004500                CAN2_TX_IRQHandler
                0x0000000008004500                TIM5_IRQHandler
                0x0000000008004500                DMA2_Stream7_IRQHandler
                0x0000000008004500                I2C3_EV_IRQHandler
                0x0000000008004500                EXTI9_5_IRQHandler
                0x0000000008004500                RTC_WKUP_IRQHandler
                0x0000000008004500                SPI2_IRQHandler
                0x0000000008004500                OTG_HS_EP1_IN_IRQHandler
                0x0000000008004500                DMA1_Stream0_IRQHandler
                0x0000000008004500                CAN1_TX_IRQHandler
                0x0000000008004500                EXTI4_IRQHandler
                0x0000000008004500                FSMC_IRQHandler
                0x0000000008004500                OTG_HS_EP1_OUT_IRQHandler
                0x0000000008004500                WWDG_IRQHandler
                0x0000000008004500                OTG_FS_WKUP_IRQHandler
                0x0000000008004500                TIM1_TRG_COM_TIM11_IRQHandler
                0x0000000008004500                OTG_HS_IRQHandler
                0x0000000008004500                EXTI1_IRQHandler
                0x0000000008004500                I2C2_ER_IRQHandler
                0x0000000008004500                DMA2_Stream1_IRQHandler
                0x0000000008004500                CAN1_SCE_IRQHandler
                0x0000000008004500                FLASH_IRQHandler
                0x0000000008004500                DMA2_Stream4_IRQHandler
                0x0000000008004500                USART1_IRQHandler
                0x0000000008004500                OTG_FS_IRQHandler
                0x0000000008004500                SPI3_IRQHandler
                0x0000000008004500                DMA1_Stream4_IRQHandler
                0x0000000008004500                I2C1_ER_IRQHandler
                0x0000000008004500                DMA2_Stream6_IRQHandler
                0x0000000008004500                DMA1_Stream3_IRQHandler
 *fill*         0x0000000008004502        0x2 
 .text.altitudeKF
                0x0000000008004504      0x4bc ./Drivers/Altitude_filter/Altitude_filter.o
                0x0000000008004504                altitudeKF
 .text.KF_matrix_multiply22_22
                0x00000000080049c0      0x104 ./Drivers/Altitude_filter/Altitude_filter.o
                0x00000000080049c0                KF_matrix_multiply22_22
 .text.KF_matrix_multiply22_21
                0x0000000008004ac4       0xa4 ./Drivers/Altitude_filter/Altitude_filter.o
                0x0000000008004ac4                KF_matrix_multiply22_21
 .text.KF_matrix_multiply21_12
                0x0000000008004b68       0xa4 ./Drivers/Altitude_filter/Altitude_filter.o
                0x0000000008004b68                KF_matrix_multiply21_12
 .text.KF_matrix_add22
                0x0000000008004c0c       0xc4 ./Drivers/Altitude_filter/Altitude_filter.o
                0x0000000008004c0c                KF_matrix_add22
 .text.KF_matrix_add21
                0x0000000008004cd0       0x74 ./Drivers/Altitude_filter/Altitude_filter.o
                0x0000000008004cd0                KF_matrix_add21
 .text.KF_matrix_sub22
                0x0000000008004d44       0xc4 ./Drivers/Altitude_filter/Altitude_filter.o
                0x0000000008004d44                KF_matrix_sub22
 .text.KF_matrix_scalar_multi_22
                0x0000000008004e08       0xa8 ./Drivers/Altitude_filter/Altitude_filter.o
                0x0000000008004e08                KF_matrix_scalar_multi_22
 .text.KF_matrix_scalar_multi_21
                0x0000000008004eb0       0x68 ./Drivers/Altitude_filter/Altitude_filter.o
                0x0000000008004eb0                KF_matrix_scalar_multi_21
 .text.BMI088_Init
                0x0000000008004f18      0x238 ./Drivers/BMI088/Src/BMI088.o
                0x0000000008004f18                BMI088_Init
 .text.BMI088_ReadAccRegister
                0x0000000008005150       0x7c ./Drivers/BMI088/Src/BMI088.o
                0x0000000008005150                BMI088_ReadAccRegister
 .text.BMI088_ReadGyrRegister
                0x00000000080051cc       0x78 ./Drivers/BMI088/Src/BMI088.o
                0x00000000080051cc                BMI088_ReadGyrRegister
 .text.BMI088_WriteAccRegister
                0x0000000008005244       0x74 ./Drivers/BMI088/Src/BMI088.o
                0x0000000008005244                BMI088_WriteAccRegister
 .text.BMI088_WriteGyrRegister
                0x00000000080052b8       0x74 ./Drivers/BMI088/Src/BMI088.o
                0x00000000080052b8                BMI088_WriteGyrRegister
 .text.BMI088_ReadAccelerometer
                0x000000000800532c       0xe8 ./Drivers/BMI088/Src/BMI088.o
                0x000000000800532c                BMI088_ReadAccelerometer
 .text.BMI088_ReadGyroscope
                0x0000000008005414       0xf0 ./Drivers/BMI088/Src/BMI088.o
                0x0000000008005414                BMI088_ReadGyroscope
 .text.BMP388_Init
                0x0000000008005504       0xf6 ./Drivers/BMP388/BMP388.o
                0x0000000008005504                BMP388_Init
 .text.BMP388_SetTempOS
                0x00000000080055fa       0x40 ./Drivers/BMP388/BMP388.o
                0x00000000080055fa                BMP388_SetTempOS
 .text.BMP388_SetPressOS
                0x000000000800563a       0x3e ./Drivers/BMP388/BMP388.o
                0x000000000800563a                BMP388_SetPressOS
 .text.BMP388_SetIIRFilterCoeff
                0x0000000008005678       0x2e ./Drivers/BMP388/BMP388.o
                0x0000000008005678                BMP388_SetIIRFilterCoeff
 .text.BMP388_SetOutputDataRate
                0x00000000080056a6       0x2a ./Drivers/BMP388/BMP388.o
                0x00000000080056a6                BMP388_SetOutputDataRate
 .text.BMP388_ReadRawPressTempTime
                0x00000000080056d0       0x58 ./Drivers/BMP388/BMP388.o
                0x00000000080056d0                BMP388_ReadRawPressTempTime
 .text.BMP388_CompensateRawPressTemp
                0x0000000008005728       0x46 ./Drivers/BMP388/BMP388.o
                0x0000000008005728                BMP388_CompensateRawPressTemp
 *fill*         0x000000000800576e        0x2 
 .text.BMP388_FindAltitude
                0x0000000008005770       0x84 ./Drivers/BMP388/BMP388.o
                0x0000000008005770                BMP388_FindAltitude
 .text.BMP388_SoftReset
                0x00000000080057f4       0x80 ./Drivers/BMP388/BMP388.o
                0x00000000080057f4                BMP388_SoftReset
 .text.BMP388_GetCalibData
                0x0000000008005874      0x2a8 ./Drivers/BMP388/BMP388.o
                0x0000000008005874                BMP388_GetCalibData
 .text.BMP388_CompensateTemp
                0x0000000008005b1c       0x6c ./Drivers/BMP388/BMP388.o
                0x0000000008005b1c                BMP388_CompensateTemp
 .text.BMP388_CompensatePress
                0x0000000008005b88      0x1a2 ./Drivers/BMP388/BMP388.o
                0x0000000008005b88                BMP388_CompensatePress
 .text.BMP388_ReadBytes
                0x0000000008005d2a       0x3c ./Drivers/BMP388/BMP388.o
                0x0000000008005d2a                BMP388_ReadBytes
 .text.BMP388_WriteBytes
                0x0000000008005d66       0x3c ./Drivers/BMP388/BMP388.o
                0x0000000008005d66                BMP388_WriteBytes
 .text.set_duty_Oneshot42
                0x0000000008005da2       0x46 ./Drivers/ESC/ESC.o
                0x0000000008005da2                set_duty_Oneshot42
 .text.CRSFtoDuty
                0x0000000008005de8       0x84 ./Drivers/ESC/ESC.o
                0x0000000008005de8                CRSFtoDuty
 .text.CRSFtoPitch
                0x0000000008005e6c       0x3c ./Drivers/ESC/ESC.o
                0x0000000008005e6c                CRSFtoPitch
 .text.CRSFtoRoll
                0x0000000008005ea8       0x3c ./Drivers/ESC/ESC.o
                0x0000000008005ea8                CRSFtoRoll
 .text.CRSFtoYaw
                0x0000000008005ee4       0x3c ./Drivers/ESC/ESC.o
                0x0000000008005ee4                CRSFtoYaw
 .text.HAL_Init
                0x0000000008005f20       0x44 ./Drivers/STM32F4xx_HAL_Driver/Src/stm32f4xx_hal.o
                0x0000000008005f20                HAL_Init
 .text.HAL_InitTick
                0x0000000008005f64       0x60 ./Drivers/STM32F4xx_HAL_Driver/Src/stm32f4xx_hal.o
                0x0000000008005f64                HAL_InitTick
 .text.HAL_IncTick
                0x0000000008005fc4       0x28 ./Drivers/STM32F4xx_HAL_Driver/Src/stm32f4xx_hal.o
                0x0000000008005fc4                HAL_IncTick
 .text.HAL_GetTick
                0x0000000008005fec       0x18 ./Drivers/STM32F4xx_HAL_Driver/Src/stm32f4xx_hal.o
                0x0000000008005fec                HAL_GetTick
 .text.HAL_Delay
                0x0000000008006004       0x48 ./Drivers/STM32F4xx_HAL_Driver/Src/stm32f4xx_hal.o
                0x0000000008006004                HAL_Delay
 .text.HAL_ADC_Init
                0x000000000800604c       0x86 ./Drivers/STM32F4xx_HAL_Driver/Src/stm32f4xx_hal_adc.o
                0x000000000800604c                HAL_ADC_Init
 *fill*         0x00000000080060d2        0x2 
 .text.HAL_ADC_ConfigChannel
                0x00000000080060d4      0x244 ./Drivers/STM32F4xx_HAL_Driver/Src/stm32f4xx_hal_adc.o
                0x00000000080060d4                HAL_ADC_ConfigChannel
 .text.ADC_Init
                0x0000000008006318      0x1f8 ./Drivers/STM32F4xx_HAL_Driver/Src/stm32f4xx_hal_adc.o
 .text.__NVIC_SetPriorityGrouping
                0x0000000008006510       0x48 ./Drivers/STM32F4xx_HAL_Driver/Src/stm32f4xx_hal_cortex.o
 .text.__NVIC_GetPriorityGrouping
                0x0000000008006558       0x1c ./Drivers/STM32F4xx_HAL_Driver/Src/stm32f4xx_hal_cortex.o
 .text.__NVIC_EnableIRQ
                0x0000000008006574       0x3c ./Drivers/STM32F4xx_HAL_Driver/Src/stm32f4xx_hal_cortex.o
 .text.__NVIC_SetPriority
                0x00000000080065b0       0x54 ./Drivers/STM32F4xx_HAL_Driver/Src/stm32f4xx_hal_cortex.o
 .text.NVIC_EncodePriority
                0x0000000008006604       0x66 ./Drivers/STM32F4xx_HAL_Driver/Src/stm32f4xx_hal_cortex.o
 *fill*         0x000000000800666a        0x2 
 .text.SysTick_Config
                0x000000000800666c       0x44 ./Drivers/STM32F4xx_HAL_Driver/Src/stm32f4xx_hal_cortex.o
 .text.HAL_NVIC_SetPriorityGrouping
                0x00000000080066b0       0x16 ./Drivers/STM32F4xx_HAL_Driver/Src/stm32f4xx_hal_cortex.o
                0x00000000080066b0                HAL_NVIC_SetPriorityGrouping
 .text.HAL_NVIC_SetPriority
                0x00000000080066c6       0x38 ./Drivers/STM32F4xx_HAL_Driver/Src/stm32f4xx_hal_cortex.o
                0x00000000080066c6                HAL_NVIC_SetPriority
 .text.HAL_NVIC_EnableIRQ
                0x00000000080066fe       0x1c ./Drivers/STM32F4xx_HAL_Driver/Src/stm32f4xx_hal_cortex.o
                0x00000000080066fe                HAL_NVIC_EnableIRQ
 .text.HAL_SYSTICK_Config
                0x000000000800671a       0x18 ./Drivers/STM32F4xx_HAL_Driver/Src/stm32f4xx_hal_cortex.o
                0x000000000800671a                HAL_SYSTICK_Config
 *fill*         0x0000000008006732        0x2 
 .text.HAL_DMA_Init
                0x0000000008006734      0x15c ./Drivers/STM32F4xx_HAL_Driver/Src/stm32f4xx_hal_dma.o
                0x0000000008006734                HAL_DMA_Init
 .text.HAL_DMA_Start_IT
                0x0000000008006890       0xb0 ./Drivers/STM32F4xx_HAL_Driver/Src/stm32f4xx_hal_dma.o
                0x0000000008006890                HAL_DMA_Start_IT
 .text.HAL_DMA_Abort
                0x0000000008006940       0xe0 ./Drivers/STM32F4xx_HAL_Driver/Src/stm32f4xx_hal_dma.o
                0x0000000008006940                HAL_DMA_Abort
 .text.HAL_DMA_Abort_IT
                0x0000000008006a20       0x44 ./Drivers/STM32F4xx_HAL_Driver/Src/stm32f4xx_hal_dma.o
                0x0000000008006a20                HAL_DMA_Abort_IT
 .text.HAL_DMA_IRQHandler
                0x0000000008006a64      0x314 ./Drivers/STM32F4xx_HAL_Driver/Src/stm32f4xx_hal_dma.o
                0x0000000008006a64                HAL_DMA_IRQHandler
 .text.DMA_SetConfig
                0x0000000008006d78       0x5c ./Drivers/STM32F4xx_HAL_Driver/Src/stm32f4xx_hal_dma.o
 .text.DMA_CalcBaseAndBitshift
                0x0000000008006dd4       0x6c ./Drivers/STM32F4xx_HAL_Driver/Src/stm32f4xx_hal_dma.o
 .text.DMA_CheckFifoParam
                0x0000000008006e40       0xf8 ./Drivers/STM32F4xx_HAL_Driver/Src/stm32f4xx_hal_dma.o
 .text.HAL_GPIO_Init
                0x0000000008006f38      0x338 ./Drivers/STM32F4xx_HAL_Driver/Src/stm32f4xx_hal_gpio.o
                0x0000000008006f38                HAL_GPIO_Init
 .text.HAL_GPIO_WritePin
                0x0000000008007270       0x32 ./Drivers/STM32F4xx_HAL_Driver/Src/stm32f4xx_hal_gpio.o
                0x0000000008007270                HAL_GPIO_WritePin
 .text.HAL_GPIO_TogglePin
                0x00000000080072a2       0x34 ./Drivers/STM32F4xx_HAL_Driver/Src/stm32f4xx_hal_gpio.o
                0x00000000080072a2                HAL_GPIO_TogglePin
 *fill*         0x00000000080072d6        0x2 
 .text.HAL_GPIO_EXTI_IRQHandler
                0x00000000080072d8       0x30 ./Drivers/STM32F4xx_HAL_Driver/Src/stm32f4xx_hal_gpio.o
                0x00000000080072d8                HAL_GPIO_EXTI_IRQHandler
 .text.HAL_I2C_Init
                0x0000000008007308      0x288 ./Drivers/STM32F4xx_HAL_Driver/Src/stm32f4xx_hal_i2c.o
                0x0000000008007308                HAL_I2C_Init
 .text.HAL_I2C_Mem_Write
                0x0000000008007590      0x1f4 ./Drivers/STM32F4xx_HAL_Driver/Src/stm32f4xx_hal_i2c.o
                0x0000000008007590                HAL_I2C_Mem_Write
 .text.HAL_I2C_Mem_Read
                0x0000000008007784      0x44c ./Drivers/STM32F4xx_HAL_Driver/Src/stm32f4xx_hal_i2c.o
                0x0000000008007784                HAL_I2C_Mem_Read
 .text.HAL_I2C_IsDeviceReady
                0x0000000008007bd0      0x25c ./Drivers/STM32F4xx_HAL_Driver/Src/stm32f4xx_hal_i2c.o
                0x0000000008007bd0                HAL_I2C_IsDeviceReady
 .text.I2C_RequestMemoryWrite
                0x0000000008007e2c      0x12c ./Drivers/STM32F4xx_HAL_Driver/Src/stm32f4xx_hal_i2c.o
 .text.I2C_RequestMemoryRead
                0x0000000008007f58      0x1d0 ./Drivers/STM32F4xx_HAL_Driver/Src/stm32f4xx_hal_i2c.o
 .text.I2C_WaitOnFlagUntilTimeout
                0x0000000008008128       0xae ./Drivers/STM32F4xx_HAL_Driver/Src/stm32f4xx_hal_i2c.o
 .text.I2C_WaitOnMasterAddressFlagUntilTimeout
                0x00000000080081d6       0xfe ./Drivers/STM32F4xx_HAL_Driver/Src/stm32f4xx_hal_i2c.o
 .text.I2C_WaitOnTXEFlagUntilTimeout
                0x00000000080082d4       0x82 ./Drivers/STM32F4xx_HAL_Driver/Src/stm32f4xx_hal_i2c.o
 .text.I2C_WaitOnBTFFlagUntilTimeout
                0x0000000008008356       0x82 ./Drivers/STM32F4xx_HAL_Driver/Src/stm32f4xx_hal_i2c.o
 .text.I2C_WaitOnRXNEFlagUntilTimeout
                0x00000000080083d8       0xac ./Drivers/STM32F4xx_HAL_Driver/Src/stm32f4xx_hal_i2c.o
 .text.I2C_IsAcknowledgeFailed
                0x0000000008008484       0x5e ./Drivers/STM32F4xx_HAL_Driver/Src/stm32f4xx_hal_i2c.o
 *fill*         0x00000000080084e2        0x2 
 .text.HAL_RCC_OscConfig
                0x00000000080084e4      0x4f0 ./Drivers/STM32F4xx_HAL_Driver/Src/stm32f4xx_hal_rcc.o
                0x00000000080084e4                HAL_RCC_OscConfig
 .text.HAL_RCC_ClockConfig
                0x00000000080089d4      0x1cc ./Drivers/STM32F4xx_HAL_Driver/Src/stm32f4xx_hal_rcc.o
                0x00000000080089d4                HAL_RCC_ClockConfig
 .text.HAL_RCC_GetSysClockFreq
                0x0000000008008ba0      0x20c ./Drivers/STM32F4xx_HAL_Driver/Src/stm32f4xx_hal_rcc.o
                0x0000000008008ba0                HAL_RCC_GetSysClockFreq
 .text.HAL_RCC_GetHCLKFreq
                0x0000000008008dac       0x18 ./Drivers/STM32F4xx_HAL_Driver/Src/stm32f4xx_hal_rcc.o
                0x0000000008008dac                HAL_RCC_GetHCLKFreq
 .text.HAL_RCC_GetPCLK1Freq
                0x0000000008008dc4       0x28 ./Drivers/STM32F4xx_HAL_Driver/Src/stm32f4xx_hal_rcc.o
                0x0000000008008dc4                HAL_RCC_GetPCLK1Freq
 .text.HAL_RCC_GetPCLK2Freq
                0x0000000008008dec       0x28 ./Drivers/STM32F4xx_HAL_Driver/Src/stm32f4xx_hal_rcc.o
                0x0000000008008dec                HAL_RCC_GetPCLK2Freq
 .text.HAL_SPI_Init
                0x0000000008008e14      0x112 ./Drivers/STM32F4xx_HAL_Driver/Src/stm32f4xx_hal_spi.o
                0x0000000008008e14                HAL_SPI_Init
 .text.HAL_SPI_Transmit
                0x0000000008008f26      0x278 ./Drivers/STM32F4xx_HAL_Driver/Src/stm32f4xx_hal_spi.o
                0x0000000008008f26                HAL_SPI_Transmit
 .text.HAL_SPI_TransmitReceive
                0x000000000800919e      0x344 ./Drivers/STM32F4xx_HAL_Driver/Src/stm32f4xx_hal_spi.o
                0x000000000800919e                HAL_SPI_TransmitReceive
 .text.HAL_SPI_GetState
                0x00000000080094e2       0x1c ./Drivers/STM32F4xx_HAL_Driver/Src/stm32f4xx_hal_spi.o
                0x00000000080094e2                HAL_SPI_GetState
 *fill*         0x00000000080094fe        0x2 
 .text.SPI_WaitFlagStateUntilTimeout
                0x0000000008009500      0x110 ./Drivers/STM32F4xx_HAL_Driver/Src/stm32f4xx_hal_spi.o
 .text.SPI_EndRxTxTransaction
                0x0000000008009610       0x84 ./Drivers/STM32F4xx_HAL_Driver/Src/stm32f4xx_hal_spi.o
 .text.HAL_TIM_Base_Init
                0x0000000008009694       0x9e ./Drivers/STM32F4xx_HAL_Driver/Src/stm32f4xx_hal_tim.o
                0x0000000008009694                HAL_TIM_Base_Init
 *fill*         0x0000000008009732        0x2 
 .text.HAL_TIM_Base_Start
                0x0000000008009734       0xd0 ./Drivers/STM32F4xx_HAL_Driver/Src/stm32f4xx_hal_tim.o
                0x0000000008009734                HAL_TIM_Base_Start
 .text.HAL_TIM_Base_Start_IT
                0x0000000008009804       0xe0 ./Drivers/STM32F4xx_HAL_Driver/Src/stm32f4xx_hal_tim.o
                0x0000000008009804                HAL_TIM_Base_Start_IT
 .text.HAL_TIM_PWM_Init
                0x00000000080098e4       0x9e ./Drivers/STM32F4xx_HAL_Driver/Src/stm32f4xx_hal_tim.o
                0x00000000080098e4                HAL_TIM_PWM_Init
 .text.HAL_TIM_PWM_MspInit
                0x0000000008009982       0x14 ./Drivers/STM32F4xx_HAL_Driver/Src/stm32f4xx_hal_tim.o
                0x0000000008009982                HAL_TIM_PWM_MspInit
 *fill*         0x0000000008009996        0x2 
 .text.HAL_TIM_PWM_Start
                0x0000000008009998      0x190 ./Drivers/STM32F4xx_HAL_Driver/Src/stm32f4xx_hal_tim.o
                0x0000000008009998                HAL_TIM_PWM_Start
 .text.HAL_TIM_IC_Init
                0x0000000008009b28       0x9e ./Drivers/STM32F4xx_HAL_Driver/Src/stm32f4xx_hal_tim.o
                0x0000000008009b28                HAL_TIM_IC_Init
 .text.HAL_TIM_IC_MspInit
                0x0000000008009bc6       0x14 ./Drivers/STM32F4xx_HAL_Driver/Src/stm32f4xx_hal_tim.o
                0x0000000008009bc6                HAL_TIM_IC_MspInit
 .text.HAL_TIM_IRQHandler
                0x0000000008009bda      0x210 ./Drivers/STM32F4xx_HAL_Driver/Src/stm32f4xx_hal_tim.o
                0x0000000008009bda                HAL_TIM_IRQHandler
 .text.HAL_TIM_IC_ConfigChannel
                0x0000000008009dea      0x138 ./Drivers/STM32F4xx_HAL_Driver/Src/stm32f4xx_hal_tim.o
                0x0000000008009dea                HAL_TIM_IC_ConfigChannel
 *fill*         0x0000000008009f22        0x2 
 .text.HAL_TIM_PWM_ConfigChannel
                0x0000000008009f24      0x184 ./Drivers/STM32F4xx_HAL_Driver/Src/stm32f4xx_hal_tim.o
                0x0000000008009f24                HAL_TIM_PWM_ConfigChannel
 .text.HAL_TIM_ConfigClockSource
                0x000000000800a0a8      0x18e ./Drivers/STM32F4xx_HAL_Driver/Src/stm32f4xx_hal_tim.o
                0x000000000800a0a8                HAL_TIM_ConfigClockSource
 .text.HAL_TIM_SlaveConfigSynchro
                0x000000000800a236       0x84 ./Drivers/STM32F4xx_HAL_Driver/Src/stm32f4xx_hal_tim.o
                0x000000000800a236                HAL_TIM_SlaveConfigSynchro
 *fill*         0x000000000800a2ba        0x2 
 .text.HAL_TIM_ReadCapturedValue
                0x000000000800a2bc       0x88 ./Drivers/STM32F4xx_HAL_Driver/Src/stm32f4xx_hal_tim.o
                0x000000000800a2bc                HAL_TIM_ReadCapturedValue
 .text.HAL_TIM_OC_DelayElapsedCallback
                0x000000000800a344       0x14 ./Drivers/STM32F4xx_HAL_Driver/Src/stm32f4xx_hal_tim.o
                0x000000000800a344                HAL_TIM_OC_DelayElapsedCallback
 .text.HAL_TIM_PWM_PulseFinishedCallback
                0x000000000800a358       0x14 ./Drivers/STM32F4xx_HAL_Driver/Src/stm32f4xx_hal_tim.o
                0x000000000800a358                HAL_TIM_PWM_PulseFinishedCallback
 .text.HAL_TIM_TriggerCallback
                0x000000000800a36c       0x14 ./Drivers/STM32F4xx_HAL_Driver/Src/stm32f4xx_hal_tim.o
                0x000000000800a36c                HAL_TIM_TriggerCallback
 .text.TIM_Base_SetConfig
                0x000000000800a380      0x140 ./Drivers/STM32F4xx_HAL_Driver/Src/stm32f4xx_hal_tim.o
                0x000000000800a380                TIM_Base_SetConfig
 .text.TIM_OC1_SetConfig
                0x000000000800a4c0       0xe0 ./Drivers/STM32F4xx_HAL_Driver/Src/stm32f4xx_hal_tim.o
 .text.TIM_OC2_SetConfig
                0x000000000800a5a0       0xec ./Drivers/STM32F4xx_HAL_Driver/Src/stm32f4xx_hal_tim.o
                0x000000000800a5a0                TIM_OC2_SetConfig
 .text.TIM_OC3_SetConfig
                0x000000000800a68c       0xe8 ./Drivers/STM32F4xx_HAL_Driver/Src/stm32f4xx_hal_tim.o
 .text.TIM_OC4_SetConfig
                0x000000000800a774       0xac ./Drivers/STM32F4xx_HAL_Driver/Src/stm32f4xx_hal_tim.o
 .text.TIM_SlaveTimer_SetConfig
                0x000000000800a820      0x122 ./Drivers/STM32F4xx_HAL_Driver/Src/stm32f4xx_hal_tim.o
 *fill*         0x000000000800a942        0x2 
 .text.TIM_TI1_SetConfig
                0x000000000800a944       0xe8 ./Drivers/STM32F4xx_HAL_Driver/Src/stm32f4xx_hal_tim.o
                0x000000000800a944                TIM_TI1_SetConfig
 .text.TIM_TI1_ConfigInputStage
                0x000000000800aa2c       0x5e ./Drivers/STM32F4xx_HAL_Driver/Src/stm32f4xx_hal_tim.o
 .text.TIM_TI2_SetConfig
                0x000000000800aa8a       0x7a ./Drivers/STM32F4xx_HAL_Driver/Src/stm32f4xx_hal_tim.o
 .text.TIM_TI2_ConfigInputStage
                0x000000000800ab04       0x60 ./Drivers/STM32F4xx_HAL_Driver/Src/stm32f4xx_hal_tim.o
 .text.TIM_TI3_SetConfig
                0x000000000800ab64       0x78 ./Drivers/STM32F4xx_HAL_Driver/Src/stm32f4xx_hal_tim.o
 .text.TIM_TI4_SetConfig
                0x000000000800abdc       0x7a ./Drivers/STM32F4xx_HAL_Driver/Src/stm32f4xx_hal_tim.o
 .text.TIM_ITRx_SetConfig
                0x000000000800ac56       0x36 ./Drivers/STM32F4xx_HAL_Driver/Src/stm32f4xx_hal_tim.o
 .text.TIM_ETR_SetConfig
                0x000000000800ac8c       0x40 ./Drivers/STM32F4xx_HAL_Driver/Src/stm32f4xx_hal_tim.o
                0x000000000800ac8c                TIM_ETR_SetConfig
 .text.TIM_CCxChannelCmd
                0x000000000800accc       0x4a ./Drivers/STM32F4xx_HAL_Driver/Src/stm32f4xx_hal_tim.o
                0x000000000800accc                TIM_CCxChannelCmd
 *fill*         0x000000000800ad16        0x2 
 .text.HAL_TIMEx_MasterConfigSynchronization
                0x000000000800ad18       0xf8 ./Drivers/STM32F4xx_HAL_Driver/Src/stm32f4xx_hal_tim_ex.o
                0x000000000800ad18                HAL_TIMEx_MasterConfigSynchronization
 .text.HAL_TIMEx_CommutCallback
                0x000000000800ae10       0x14 ./Drivers/STM32F4xx_HAL_Driver/Src/stm32f4xx_hal_tim_ex.o
                0x000000000800ae10                HAL_TIMEx_CommutCallback
 .text.HAL_TIMEx_BreakCallback
                0x000000000800ae24       0x14 ./Drivers/STM32F4xx_HAL_Driver/Src/stm32f4xx_hal_tim_ex.o
                0x000000000800ae24                HAL_TIMEx_BreakCallback
 .text.HAL_UART_Init
                0x000000000800ae38       0x9a ./Drivers/STM32F4xx_HAL_Driver/Src/stm32f4xx_hal_uart.o
                0x000000000800ae38                HAL_UART_Init
 .text.HAL_UART_Transmit_IT
                0x000000000800aed2       0x8a ./Drivers/STM32F4xx_HAL_Driver/Src/stm32f4xx_hal_uart.o
                0x000000000800aed2                HAL_UART_Transmit_IT
 .text.HAL_UART_Receive_IT
                0x000000000800af5c       0x60 ./Drivers/STM32F4xx_HAL_Driver/Src/stm32f4xx_hal_uart.o
                0x000000000800af5c                HAL_UART_Receive_IT
 .text.HAL_UART_Receive_DMA
                0x000000000800afbc       0x60 ./Drivers/STM32F4xx_HAL_Driver/Src/stm32f4xx_hal_uart.o
                0x000000000800afbc                HAL_UART_Receive_DMA
 .text.HAL_UART_IRQHandler
                0x000000000800b01c      0x51c ./Drivers/STM32F4xx_HAL_Driver/Src/stm32f4xx_hal_uart.o
                0x000000000800b01c                HAL_UART_IRQHandler
 .text.HAL_UART_RxHalfCpltCallback
                0x000000000800b538       0x14 ./Drivers/STM32F4xx_HAL_Driver/Src/stm32f4xx_hal_uart.o
                0x000000000800b538                HAL_UART_RxHalfCpltCallback
 .text.HAL_UART_ErrorCallback
                0x000000000800b54c       0x14 ./Drivers/STM32F4xx_HAL_Driver/Src/stm32f4xx_hal_uart.o
                0x000000000800b54c                HAL_UART_ErrorCallback
 .text.HAL_UARTEx_RxEventCallback
                0x000000000800b560       0x18 ./Drivers/STM32F4xx_HAL_Driver/Src/stm32f4xx_hal_uart.o
                0x000000000800b560                HAL_UARTEx_RxEventCallback
 .text.UART_DMAReceiveCplt
                0x000000000800b578      0x126 ./Drivers/STM32F4xx_HAL_Driver/Src/stm32f4xx_hal_uart.o
 .text.UART_DMARxHalfCplt
                0x000000000800b69e       0x36 ./Drivers/STM32F4xx_HAL_Driver/Src/stm32f4xx_hal_uart.o
 .text.UART_DMAError
                0x000000000800b6d4       0x94 ./Drivers/STM32F4xx_HAL_Driver/Src/stm32f4xx_hal_uart.o
 .text.UART_Start_Receive_IT
                0x000000000800b768       0x7c ./Drivers/STM32F4xx_HAL_Driver/Src/stm32f4xx_hal_uart.o
                0x000000000800b768                UART_Start_Receive_IT
 .text.UART_Start_Receive_DMA
                0x000000000800b7e4      0x13c ./Drivers/STM32F4xx_HAL_Driver/Src/stm32f4xx_hal_uart.o
                0x000000000800b7e4                UART_Start_Receive_DMA
 .text.UART_EndTxTransfer
                0x000000000800b920       0x50 ./Drivers/STM32F4xx_HAL_Driver/Src/stm32f4xx_hal_uart.o
 .text.UART_EndRxTransfer
                0x000000000800b970       0xc6 ./Drivers/STM32F4xx_HAL_Driver/Src/stm32f4xx_hal_uart.o
 .text.UART_DMAAbortOnError
                0x000000000800ba36       0x28 ./Drivers/STM32F4xx_HAL_Driver/Src/stm32f4xx_hal_uart.o
 .text.UART_Transmit_IT
                0x000000000800ba5e       0xa0 ./Drivers/STM32F4xx_HAL_Driver/Src/stm32f4xx_hal_uart.o
 .text.UART_EndTransmit_IT
                0x000000000800bafe       0x30 ./Drivers/STM32F4xx_HAL_Driver/Src/stm32f4xx_hal_uart.o
 .text.UART_Receive_IT
                0x000000000800bb2e      0x176 ./Drivers/STM32F4xx_HAL_Driver/Src/stm32f4xx_hal_uart.o
 .text.UART_SetConfig
                0x000000000800bca4      0x4e8 ./Drivers/STM32F4xx_HAL_Driver/Src/stm32f4xx_hal_uart.o
 .text.FusionDegreesToRadians
                0x000000000800c18c       0x28 ./Drivers/ahrs/FusionAhrs.o
 .text.FusionFastInverseSqrt
                0x000000000800c1b4       0x60 ./Drivers/ahrs/FusionAhrs.o
 .text.FusionVectorIsZero
                0x000000000800c214       0x60 ./Drivers/ahrs/FusionAhrs.o
 .text.FusionVectorAdd
                0x000000000800c274       0x9c ./Drivers/ahrs/FusionAhrs.o
 .text.FusionVectorSum
                0x000000000800c310       0x40 ./Drivers/ahrs/FusionAhrs.o
 .text.FusionVectorMultiplyScalar
                0x000000000800c350       0x88 ./Drivers/ahrs/FusionAhrs.o
 .text.FusionVectorHadamardProduct
                0x000000000800c3d8       0x9c ./Drivers/ahrs/FusionAhrs.o
 .text.FusionVectorCrossProduct
                0x000000000800c474       0xcc ./Drivers/ahrs/FusionAhrs.o
 .text.FusionVectorDotProduct
                0x000000000800c540       0xac ./Drivers/ahrs/FusionAhrs.o
 .text.FusionVectorMagnitudeSquared
                0x000000000800c5ec       0x94 ./Drivers/ahrs/FusionAhrs.o
 .text.FusionVectorNormalise
                0x000000000800c680       0xa6 ./Drivers/ahrs/FusionAhrs.o
 .text.FusionQuaternionAdd
                0x000000000800c726       0xc4 ./Drivers/ahrs/FusionAhrs.o
 .text.FusionQuaternionMultiplyVector
                0x000000000800c7ea      0x140 ./Drivers/ahrs/FusionAhrs.o
 .text.FusionQuaternionNormalise
                0x000000000800c92a       0xea ./Drivers/ahrs/FusionAhrs.o
 .text.FusionAhrsInitialise
                0x000000000800ca14       0x3c ./Drivers/ahrs/FusionAhrs.o
                0x000000000800ca14                FusionAhrsInitialise
 .text.FusionAhrsReset
                0x000000000800ca50       0xc8 ./Drivers/ahrs/FusionAhrs.o
                0x000000000800ca50                FusionAhrsReset
 .text.FusionAhrsSetSettings
                0x000000000800cb18      0x170 ./Drivers/ahrs/FusionAhrs.o
                0x000000000800cb18                FusionAhrsSetSettings
 .text.FusionAhrsUpdate
                0x000000000800cc88      0x71e ./Drivers/ahrs/FusionAhrs.o
                0x000000000800cc88                FusionAhrsUpdate
 .text.HalfGravity
                0x000000000800d3a6      0x17a ./Drivers/ahrs/FusionAhrs.o
 .text.HalfMagnetic
                0x000000000800d520      0x214 ./Drivers/ahrs/FusionAhrs.o
 .text.Feedback
                0x000000000800d734      0x16a ./Drivers/ahrs/FusionAhrs.o
 .text.Clamp    0x000000000800d89e       0x32 ./Drivers/ahrs/FusionAhrs.o
 .text.FusionAhrsGetQuaternion
                0x000000000800d8d0       0x46 ./Drivers/ahrs/FusionAhrs.o
                0x000000000800d8d0                FusionAhrsGetQuaternion
 .text.bmm150_init
                0x000000000800d916       0x6c ./Drivers/bmm150_API/bmm150.o
                0x000000000800d916                bmm150_init
 .text.bmm150_set_regs
                0x000000000800d982       0x58 ./Drivers/bmm150_API/bmm150.o
                0x000000000800d982                bmm150_set_regs
 .text.bmm150_get_regs
                0x000000000800d9da       0x62 ./Drivers/bmm150_API/bmm150.o
                0x000000000800d9da                bmm150_get_regs
 .text.bmm150_set_op_mode
                0x000000000800da3c       0xd8 ./Drivers/bmm150_API/bmm150.o
                0x000000000800da3c                bmm150_set_op_mode
 .text.bmm150_set_presetmode
                0x000000000800db14       0xf8 ./Drivers/bmm150_API/bmm150.o
                0x000000000800db14                bmm150_set_presetmode
 .text.bmm150_set_sensor_settings
                0x000000000800dc0c       0xca ./Drivers/bmm150_API/bmm150.o
                0x000000000800dc0c                bmm150_set_sensor_settings
 .text.bmm150_read_mag_data
                0x000000000800dcd6       0xfa ./Drivers/bmm150_API/bmm150.o
                0x000000000800dcd6                bmm150_read_mag_data
 .text.null_ptr_check
                0x000000000800ddd0       0x48 ./Drivers/bmm150_API/bmm150.o
 .text.set_power_control_bit
                0x000000000800de18       0x74 ./Drivers/bmm150_API/bmm150.o
 .text.read_trim_registers
                0x000000000800de8c      0x126 ./Drivers/bmm150_API/bmm150.o
 .text.write_op_mode
                0x000000000800dfb2       0x62 ./Drivers/bmm150_API/bmm150.o
 .text.suspend_to_sleep_mode
                0x000000000800e014       0x4c ./Drivers/bmm150_API/bmm150.o
 .text.set_xy_rep
                0x000000000800e060       0x2e ./Drivers/bmm150_API/bmm150.o
 .text.set_z_rep
                0x000000000800e08e       0x2e ./Drivers/bmm150_API/bmm150.o
 .text.set_odr  0x000000000800e0bc       0x62 ./Drivers/bmm150_API/bmm150.o
 .text.set_odr_xyz_rep
                0x000000000800e11e       0x4a ./Drivers/bmm150_API/bmm150.o
 .text.set_control_measurement_xyz
                0x000000000800e168       0x62 ./Drivers/bmm150_API/bmm150.o
 .text.are_settings_changed
                0x000000000800e1ca       0x34 ./Drivers/bmm150_API/bmm150.o
 .text.mode_settings
                0x000000000800e1fe       0x76 ./Drivers/bmm150_API/bmm150.o
 .text.interrupt_pin_settings
                0x000000000800e274      0x11c ./Drivers/bmm150_API/bmm150.o
 .text.interrupt_config
                0x000000000800e390       0xf4 ./Drivers/bmm150_API/bmm150.o
 .text.interrupt_threshold_settings
                0x000000000800e484       0x62 ./Drivers/bmm150_API/bmm150.o
 *fill*         0x000000000800e4e6        0x2 
 .text.compensate_x
                0x000000000800e4e8      0x15c ./Drivers/bmm150_API/bmm150.o
 .text.compensate_y
                0x000000000800e644      0x15c ./Drivers/bmm150_API/bmm150.o
 .text.compensate_z
                0x000000000800e7a0      0x138 ./Drivers/bmm150_API/bmm150.o
 .text.bmm150_user_i2c_init
                0x000000000800e8d8       0x28 ./Drivers/bmm150_API/bmm150_common.o
                0x000000000800e8d8                bmm150_user_i2c_init
 .text.bmm150_user_spi_init
                0x000000000800e900       0x10 ./Drivers/bmm150_API/bmm150_common.o
                0x000000000800e900                bmm150_user_spi_init
 .text.bmm150_user_delay_us
                0x000000000800e910       0x34 ./Drivers/bmm150_API/bmm150_common.o
                0x000000000800e910                bmm150_user_delay_us
 .text.bmm150_user_i2c_reg_write
                0x000000000800e944       0x48 ./Drivers/bmm150_API/bmm150_common.o
                0x000000000800e944                bmm150_user_i2c_reg_write
 .text.bmm150_user_i2c_reg_read
                0x000000000800e98c       0x48 ./Drivers/bmm150_API/bmm150_common.o
                0x000000000800e98c                bmm150_user_i2c_reg_read
 .text.bmm150_user_spi_reg_write
                0x000000000800e9d4       0x1e ./Drivers/bmm150_API/bmm150_common.o
                0x000000000800e9d4                bmm150_user_spi_reg_write
 .text.bmm150_user_spi_reg_read
                0x000000000800e9f2       0x1e ./Drivers/bmm150_API/bmm150_common.o
                0x000000000800e9f2                bmm150_user_spi_reg_read
 .text.bmm150_interface_selection
                0x000000000800ea10       0x8c ./Drivers/bmm150_API/bmm150_common.o
                0x000000000800ea10                bmm150_interface_selection
 .text.bmm150_error_codes_print_result
                0x000000000800ea9c       0x48 ./Drivers/bmm150_API/bmm150_common.o
                0x000000000800ea9c                bmm150_error_codes_print_result
 .text.makeFreeRtosPriority
                0x000000000800eae4       0x30 ./Middlewares/Third_Party/FreeRTOS/Source/CMSIS_RTOS/cmsis_os.o
 .text.osKernelStart
                0x000000000800eb14        0xe ./Middlewares/Third_Party/FreeRTOS/Source/CMSIS_RTOS/cmsis_os.o
                0x000000000800eb14                osKernelStart
 .text.osThreadCreate
                0x000000000800eb22       0x98 ./Middlewares/Third_Party/FreeRTOS/Source/CMSIS_RTOS/cmsis_os.o
                0x000000000800eb22                osThreadCreate
 .text.osDelay  0x000000000800ebba       0x28 ./Middlewares/Third_Party/FreeRTOS/Source/CMSIS_RTOS/cmsis_os.o
                0x000000000800ebba                osDelay
 .text.vListInitialise
                0x000000000800ebe2       0x40 ./Middlewares/Third_Party/FreeRTOS/Source/list.o
                0x000000000800ebe2                vListInitialise
 .text.vListInitialiseItem
                0x000000000800ec22       0x1a ./Middlewares/Third_Party/FreeRTOS/Source/list.o
                0x000000000800ec22                vListInitialiseItem
 .text.vListInsertEnd
                0x000000000800ec3c       0x48 ./Middlewares/Third_Party/FreeRTOS/Source/list.o
                0x000000000800ec3c                vListInsertEnd
 .text.vListInsert
                0x000000000800ec84       0x72 ./Middlewares/Third_Party/FreeRTOS/Source/list.o
                0x000000000800ec84                vListInsert
 .text.uxListRemove
                0x000000000800ecf6       0x54 ./Middlewares/Third_Party/FreeRTOS/Source/list.o
                0x000000000800ecf6                uxListRemove
 *fill*         0x000000000800ed4a        0x2 
 .text.xQueueGenericReset
                0x000000000800ed4c       0xd0 ./Middlewares/Third_Party/FreeRTOS/Source/queue.o
                0x000000000800ed4c                xQueueGenericReset
 .text.xQueueGenericCreate
                0x000000000800ee1c       0x74 ./Middlewares/Third_Party/FreeRTOS/Source/queue.o
                0x000000000800ee1c                xQueueGenericCreate
 .text.prvInitialiseNewQueue
                0x000000000800ee90       0x3e ./Middlewares/Third_Party/FreeRTOS/Source/queue.o
 *fill*         0x000000000800eece        0x2 
 .text.xQueueGenericSend
                0x000000000800eed0      0x1fc ./Middlewares/Third_Party/FreeRTOS/Source/queue.o
                0x000000000800eed0                xQueueGenericSend
 .text.xQueueReceive
                0x000000000800f0cc      0x1c0 ./Middlewares/Third_Party/FreeRTOS/Source/queue.o
                0x000000000800f0cc                xQueueReceive
 .text.prvCopyDataToQueue
                0x000000000800f28c       0xd4 ./Middlewares/Third_Party/FreeRTOS/Source/queue.o
 .text.prvCopyDataFromQueue
                0x000000000800f360       0x4c ./Middlewares/Third_Party/FreeRTOS/Source/queue.o
 .text.prvUnlockQueue
                0x000000000800f3ac       0xa4 ./Middlewares/Third_Party/FreeRTOS/Source/queue.o
 .text.prvIsQueueEmpty
                0x000000000800f450       0x2c ./Middlewares/Third_Party/FreeRTOS/Source/queue.o
 .text.prvIsQueueFull
                0x000000000800f47c       0x30 ./Middlewares/Third_Party/FreeRTOS/Source/queue.o
 .text.xTaskCreateStatic
                0x000000000800f4ac       0xba ./Middlewares/Third_Party/FreeRTOS/Source/tasks.o
                0x000000000800f4ac                xTaskCreateStatic
 .text.xTaskCreate
                0x000000000800f566       0x8a ./Middlewares/Third_Party/FreeRTOS/Source/tasks.o
                0x000000000800f566                xTaskCreate
 .text.prvInitialiseNewTask
                0x000000000800f5f0      0x10e ./Middlewares/Third_Party/FreeRTOS/Source/tasks.o
 *fill*         0x000000000800f6fe        0x2 
 .text.prvAddNewTaskToReadyList
                0x000000000800f700       0xd4 ./Middlewares/Third_Party/FreeRTOS/Source/tasks.o
 .text.vTaskDelay
                0x000000000800f7d4       0x68 ./Middlewares/Third_Party/FreeRTOS/Source/tasks.o
                0x000000000800f7d4                vTaskDelay
 .text.prvTaskIsTaskSuspended
                0x000000000800f83c       0x64 ./Middlewares/Third_Party/FreeRTOS/Source/tasks.o
 .text.vTaskResume
                0x000000000800f8a0       0xbc ./Middlewares/Third_Party/FreeRTOS/Source/tasks.o
                0x000000000800f8a0                vTaskResume
 .text.vTaskStartScheduler
                0x000000000800f95c       0xc0 ./Middlewares/Third_Party/FreeRTOS/Source/tasks.o
                0x000000000800f95c                vTaskStartScheduler
 .text.vTaskSuspendAll
                0x000000000800fa1c       0x1c ./Middlewares/Third_Party/FreeRTOS/Source/tasks.o
                0x000000000800fa1c                vTaskSuspendAll
 .text.xTaskResumeAll
                0x000000000800fa38      0x138 ./Middlewares/Third_Party/FreeRTOS/Source/tasks.o
                0x000000000800fa38                xTaskResumeAll
 .text.xTaskIncrementTick
                0x000000000800fb70      0x170 ./Middlewares/Third_Party/FreeRTOS/Source/tasks.o
                0x000000000800fb70                xTaskIncrementTick
 .text.vTaskSwitchContext
                0x000000000800fce0       0xb8 ./Middlewares/Third_Party/FreeRTOS/Source/tasks.o
                0x000000000800fce0                vTaskSwitchContext
 .text.vTaskPlaceOnEventList
                0x000000000800fd98       0x48 ./Middlewares/Third_Party/FreeRTOS/Source/tasks.o
                0x000000000800fd98                vTaskPlaceOnEventList
 .text.xTaskRemoveFromEventList
                0x000000000800fde0       0xc4 ./Middlewares/Third_Party/FreeRTOS/Source/tasks.o
                0x000000000800fde0                xTaskRemoveFromEventList
 .text.vTaskInternalSetTimeOutState
                0x000000000800fea4       0x2c ./Middlewares/Third_Party/FreeRTOS/Source/tasks.o
                0x000000000800fea4                vTaskInternalSetTimeOutState
 .text.xTaskCheckForTimeOut
                0x000000000800fed0       0xc4 ./Middlewares/Third_Party/FreeRTOS/Source/tasks.o
                0x000000000800fed0                xTaskCheckForTimeOut
 .text.vTaskMissedYield
                0x000000000800ff94       0x18 ./Middlewares/Third_Party/FreeRTOS/Source/tasks.o
                0x000000000800ff94                vTaskMissedYield
 .text.prvIdleTask
                0x000000000800ffac       0x30 ./Middlewares/Third_Party/FreeRTOS/Source/tasks.o
 .text.prvInitialiseTaskLists
                0x000000000800ffdc       0x80 ./Middlewares/Third_Party/FreeRTOS/Source/tasks.o
 .text.prvCheckTasksWaitingTermination
                0x000000000801005c       0x5c ./Middlewares/Third_Party/FreeRTOS/Source/tasks.o
 .text.prvDeleteTCB
                0x00000000080100b8       0x5e ./Middlewares/Third_Party/FreeRTOS/Source/tasks.o
 *fill*         0x0000000008010116        0x2 
 .text.prvResetNextTaskUnblockTime
                0x0000000008010118       0x40 ./Middlewares/Third_Party/FreeRTOS/Source/tasks.o
 .text.xTaskGetSchedulerState
                0x0000000008010158       0x3c ./Middlewares/Third_Party/FreeRTOS/Source/tasks.o
                0x0000000008010158                xTaskGetSchedulerState
 .text.xTaskPriorityDisinherit
                0x0000000008010194      0x10c ./Middlewares/Third_Party/FreeRTOS/Source/tasks.o
                0x0000000008010194                xTaskPriorityDisinherit
 .text.prvAddCurrentTaskToDelayedList
                0x00000000080102a0       0xcc ./Middlewares/Third_Party/FreeRTOS/Source/tasks.o
 .text.pxPortInitialiseStack
                0x000000000801036c       0x68 ./Middlewares/Third_Party/FreeRTOS/Source/portable/GCC/ARM_CM4F/port.o
                0x000000000801036c                pxPortInitialiseStack
 .text.prvTaskExitError
                0x00000000080103d4       0x58 ./Middlewares/Third_Party/FreeRTOS/Source/portable/GCC/ARM_CM4F/port.o
 *fill*         0x000000000801042c        0x4 
 .text.SVC_Handler
                0x0000000008010430       0x28 ./Middlewares/Third_Party/FreeRTOS/Source/portable/GCC/ARM_CM4F/port.o
                0x0000000008010430                SVC_Handler
 .text.prvPortStartFirstTask
                0x0000000008010458       0x28 ./Middlewares/Third_Party/FreeRTOS/Source/portable/GCC/ARM_CM4F/port.o
 .text.xPortStartScheduler
                0x0000000008010480      0x144 ./Middlewares/Third_Party/FreeRTOS/Source/portable/GCC/ARM_CM4F/port.o
                0x0000000008010480                xPortStartScheduler
 .text.vPortEnterCritical
                0x00000000080105c4       0x60 ./Middlewares/Third_Party/FreeRTOS/Source/portable/GCC/ARM_CM4F/port.o
                0x00000000080105c4                vPortEnterCritical
 .text.vPortExitCritical
                0x0000000008010624       0x54 ./Middlewares/Third_Party/FreeRTOS/Source/portable/GCC/ARM_CM4F/port.o
                0x0000000008010624                vPortExitCritical
 *fill*         0x0000000008010678        0x8 
 .text.PendSV_Handler
                0x0000000008010680       0x68 ./Middlewares/Third_Party/FreeRTOS/Source/portable/GCC/ARM_CM4F/port.o
                0x0000000008010680                PendSV_Handler
 .text.xPortSysTickHandler
                0x00000000080106e8       0x44 ./Middlewares/Third_Party/FreeRTOS/Source/portable/GCC/ARM_CM4F/port.o
                0x00000000080106e8                xPortSysTickHandler
 .text.vPortSetupTimerInterrupt
                0x000000000801072c       0x48 ./Middlewares/Third_Party/FreeRTOS/Source/portable/GCC/ARM_CM4F/port.o
                0x000000000801072c                vPortSetupTimerInterrupt
 .text.vPortEnableVFP
                0x0000000008010774       0x14 ./Middlewares/Third_Party/FreeRTOS/Source/portable/GCC/ARM_CM4F/port.o
 .text.pvPortMalloc
                0x0000000008010788      0x198 ./Middlewares/Third_Party/FreeRTOS/Source/portable/MemMang/heap_4.o
                0x0000000008010788                pvPortMalloc
 .text.vPortFree
                0x0000000008010920       0xc4 ./Middlewares/Third_Party/FreeRTOS/Source/portable/MemMang/heap_4.o
                0x0000000008010920                vPortFree
 .text.prvHeapInit
                0x00000000080109e4       0xc4 ./Middlewares/Third_Party/FreeRTOS/Source/portable/MemMang/heap_4.o
 .text.prvInsertBlockIntoFreeList
                0x0000000008010aa8       0xb4 ./Middlewares/Third_Party/FreeRTOS/Source/portable/MemMang/heap_4.o
 .text.__errno  0x0000000008010b5c        0xc c:/st/stm32cubeide_1.9.0/stm32cubeide/plugins/com.st.stm32cube.ide.mcu.externaltools.gnu-tools-for-stm32.10.3-2021.10.win32_1.0.100.202210260954/tools/bin/../lib/gcc/arm-none-eabi/10.3.1/../../../../arm-none-eabi/lib/thumb/v7e-m+fp/hard\libc_nano.a(lib_a-errno.o)
                0x0000000008010b5c                __errno
 .text.__libc_init_array
                0x0000000008010b68       0x48 c:/st/stm32cubeide_1.9.0/stm32cubeide/plugins/com.st.stm32cube.ide.mcu.externaltools.gnu-tools-for-stm32.10.3-2021.10.win32_1.0.100.202210260954/tools/bin/../lib/gcc/arm-none-eabi/10.3.1/../../../../arm-none-eabi/lib/thumb/v7e-m+fp/hard\libc_nano.a(lib_a-init.o)
                0x0000000008010b68                __libc_init_array
 .text.memcpy   0x0000000008010bb0       0x1c c:/st/stm32cubeide_1.9.0/stm32cubeide/plugins/com.st.stm32cube.ide.mcu.externaltools.gnu-tools-for-stm32.10.3-2021.10.win32_1.0.100.202210260954/tools/bin/../lib/gcc/arm-none-eabi/10.3.1/../../../../arm-none-eabi/lib/thumb/v7e-m+fp/hard\libc_nano.a(lib_a-memcpy-stub.o)
                0x0000000008010bb0                memcpy
 .text.memset   0x0000000008010bcc       0x10 c:/st/stm32cubeide_1.9.0/stm32cubeide/plugins/com.st.stm32cube.ide.mcu.externaltools.gnu-tools-for-stm32.10.3-2021.10.win32_1.0.100.202210260954/tools/bin/../lib/gcc/arm-none-eabi/10.3.1/../../../../arm-none-eabi/lib/thumb/v7e-m+fp/hard\libc_nano.a(lib_a-memset.o)
                0x0000000008010bcc                memset
 .text.__cvt    0x0000000008010bdc       0xc4 c:/st/stm32cubeide_1.9.0/stm32cubeide/plugins/com.st.stm32cube.ide.mcu.externaltools.gnu-tools-for-stm32.10.3-2021.10.win32_1.0.100.202210260954/tools/bin/../lib/gcc/arm-none-eabi/10.3.1/../../../../arm-none-eabi/lib/thumb/v7e-m+fp/hard\libc_nano.a(lib_a-nano-vfprintf_float.o)
                0x0000000008010bdc                __cvt
 .text.__exponent
                0x0000000008010ca0       0x7c c:/st/stm32cubeide_1.9.0/stm32cubeide/plugins/com.st.stm32cube.ide.mcu.externaltools.gnu-tools-for-stm32.10.3-2021.10.win32_1.0.100.202210260954/tools/bin/../lib/gcc/arm-none-eabi/10.3.1/../../../../arm-none-eabi/lib/thumb/v7e-m+fp/hard\libc_nano.a(lib_a-nano-vfprintf_float.o)
                0x0000000008010ca0                __exponent
 .text._printf_float
                0x0000000008010d1c      0x46c c:/st/stm32cubeide_1.9.0/stm32cubeide/plugins/com.st.stm32cube.ide.mcu.externaltools.gnu-tools-for-stm32.10.3-2021.10.win32_1.0.100.202210260954/tools/bin/../lib/gcc/arm-none-eabi/10.3.1/../../../../arm-none-eabi/lib/thumb/v7e-m+fp/hard\libc_nano.a(lib_a-nano-vfprintf_float.o)
                0x0000000008010d1c                _printf_float
 .text._printf_common
                0x0000000008011188       0xda c:/st/stm32cubeide_1.9.0/stm32cubeide/plugins/com.st.stm32cube.ide.mcu.externaltools.gnu-tools-for-stm32.10.3-2021.10.win32_1.0.100.202210260954/tools/bin/../lib/gcc/arm-none-eabi/10.3.1/../../../../arm-none-eabi/lib/thumb/v7e-m+fp/hard\libc_nano.a(lib_a-nano-vfprintf_i.o)
                0x0000000008011188                _printf_common
 *fill*         0x0000000008011262        0x2 
 .text._printf_i
                0x0000000008011264      0x24c c:/st/stm32cubeide_1.9.0/stm32cubeide/plugins/com.st.stm32cube.ide.mcu.externaltools.gnu-tools-for-stm32.10.3-2021.10.win32_1.0.100.202210260954/tools/bin/../lib/gcc/arm-none-eabi/10.3.1/../../../../arm-none-eabi/lib/thumb/v7e-m+fp/hard\libc_nano.a(lib_a-nano-vfprintf_i.o)
                0x0000000008011264                _printf_i
 .text.sprintf  0x00000000080114b0       0x40 c:/st/stm32cubeide_1.9.0/stm32cubeide/plugins/com.st.stm32cube.ide.mcu.externaltools.gnu-tools-for-stm32.10.3-2021.10.win32_1.0.100.202210260954/tools/bin/../lib/gcc/arm-none-eabi/10.3.1/../../../../arm-none-eabi/lib/thumb/v7e-m+fp/hard\libc_nano.a(lib_a-sprintf.o)
                0x00000000080114b0                siprintf
                0x00000000080114b0                sprintf
 .text.quorem   0x00000000080114f0      0x116 c:/st/stm32cubeide_1.9.0/stm32cubeide/plugins/com.st.stm32cube.ide.mcu.externaltools.gnu-tools-for-stm32.10.3-2021.10.win32_1.0.100.202210260954/tools/bin/../lib/gcc/arm-none-eabi/10.3.1/../../../../arm-none-eabi/lib/thumb/v7e-m+fp/hard\libc_nano.a(lib_a-dtoa.o)
 *fill*         0x0000000008011606        0x2 
 .text._dtoa_r  0x0000000008011608      0xbdc c:/st/stm32cubeide_1.9.0/stm32cubeide/plugins/com.st.stm32cube.ide.mcu.externaltools.gnu-tools-for-stm32.10.3-2021.10.win32_1.0.100.202210260954/tools/bin/../lib/gcc/arm-none-eabi/10.3.1/../../../../arm-none-eabi/lib/thumb/v7e-m+fp/hard\libc_nano.a(lib_a-dtoa.o)
                0x0000000008011608                _dtoa_r
 .text._localeconv_r
                0x00000000080121e4        0x8 c:/st/stm32cubeide_1.9.0/stm32cubeide/plugins/com.st.stm32cube.ide.mcu.externaltools.gnu-tools-for-stm32.10.3-2021.10.win32_1.0.100.202210260954/tools/bin/../lib/gcc/arm-none-eabi/10.3.1/../../../../arm-none-eabi/lib/thumb/v7e-m+fp/hard\libc_nano.a(lib_a-localeconv.o)
                0x00000000080121e4                _localeconv_r
 .text.malloc   0x00000000080121ec       0x10 c:/st/stm32cubeide_1.9.0/stm32cubeide/plugins/com.st.stm32cube.ide.mcu.externaltools.gnu-tools-for-stm32.10.3-2021.10.win32_1.0.100.202210260954/tools/bin/../lib/gcc/arm-none-eabi/10.3.1/../../../../arm-none-eabi/lib/thumb/v7e-m+fp/hard\libc_nano.a(lib_a-malloc.o)
                0x00000000080121ec                malloc
 .text._Balloc  0x00000000080121fc       0x80 c:/st/stm32cubeide_1.9.0/stm32cubeide/plugins/com.st.stm32cube.ide.mcu.externaltools.gnu-tools-for-stm32.10.3-2021.10.win32_1.0.100.202210260954/tools/bin/../lib/gcc/arm-none-eabi/10.3.1/../../../../arm-none-eabi/lib/thumb/v7e-m+fp/hard\libc_nano.a(lib_a-mprec.o)
                0x00000000080121fc                _Balloc
 .text._Bfree   0x000000000801227c       0x44 c:/st/stm32cubeide_1.9.0/stm32cubeide/plugins/com.st.stm32cube.ide.mcu.externaltools.gnu-tools-for-stm32.10.3-2021.10.win32_1.0.100.202210260954/tools/bin/../lib/gcc/arm-none-eabi/10.3.1/../../../../arm-none-eabi/lib/thumb/v7e-m+fp/hard\libc_nano.a(lib_a-mprec.o)
                0x000000000801227c                _Bfree
 .text.__multadd
                0x00000000080122c0       0x8c c:/st/stm32cubeide_1.9.0/stm32cubeide/plugins/com.st.stm32cube.ide.mcu.externaltools.gnu-tools-for-stm32.10.3-2021.10.win32_1.0.100.202210260954/tools/bin/../lib/gcc/arm-none-eabi/10.3.1/../../../../arm-none-eabi/lib/thumb/v7e-m+fp/hard\libc_nano.a(lib_a-mprec.o)
                0x00000000080122c0                __multadd
 .text.__hi0bits
                0x000000000801234c       0x40 c:/st/stm32cubeide_1.9.0/stm32cubeide/plugins/com.st.stm32cube.ide.mcu.externaltools.gnu-tools-for-stm32.10.3-2021.10.win32_1.0.100.202210260954/tools/bin/../lib/gcc/arm-none-eabi/10.3.1/../../../../arm-none-eabi/lib/thumb/v7e-m+fp/hard\libc_nano.a(lib_a-mprec.o)
                0x000000000801234c                __hi0bits
 .text.__lo0bits
                0x000000000801238c       0x5e c:/st/stm32cubeide_1.9.0/stm32cubeide/plugins/com.st.stm32cube.ide.mcu.externaltools.gnu-tools-for-stm32.10.3-2021.10.win32_1.0.100.202210260954/tools/bin/../lib/gcc/arm-none-eabi/10.3.1/../../../../arm-none-eabi/lib/thumb/v7e-m+fp/hard\libc_nano.a(lib_a-mprec.o)
                0x000000000801238c                __lo0bits
 *fill*         0x00000000080123ea        0x2 
 .text.__i2b    0x00000000080123ec       0x2c c:/st/stm32cubeide_1.9.0/stm32cubeide/plugins/com.st.stm32cube.ide.mcu.externaltools.gnu-tools-for-stm32.10.3-2021.10.win32_1.0.100.202210260954/tools/bin/../lib/gcc/arm-none-eabi/10.3.1/../../../../arm-none-eabi/lib/thumb/v7e-m+fp/hard\libc_nano.a(lib_a-mprec.o)
                0x00000000080123ec                __i2b
 .text.__multiply
                0x0000000008012418      0x154 c:/st/stm32cubeide_1.9.0/stm32cubeide/plugins/com.st.stm32cube.ide.mcu.externaltools.gnu-tools-for-stm32.10.3-2021.10.win32_1.0.100.202210260954/tools/bin/../lib/gcc/arm-none-eabi/10.3.1/../../../../arm-none-eabi/lib/thumb/v7e-m+fp/hard\libc_nano.a(lib_a-mprec.o)
                0x0000000008012418                __multiply
 .text.__pow5mult
                0x000000000801256c       0xb4 c:/st/stm32cubeide_1.9.0/stm32cubeide/plugins/com.st.stm32cube.ide.mcu.externaltools.gnu-tools-for-stm32.10.3-2021.10.win32_1.0.100.202210260954/tools/bin/../lib/gcc/arm-none-eabi/10.3.1/../../../../arm-none-eabi/lib/thumb/v7e-m+fp/hard\libc_nano.a(lib_a-mprec.o)
                0x000000000801256c                __pow5mult
 .text.__lshift
                0x0000000008012620       0xe0 c:/st/stm32cubeide_1.9.0/stm32cubeide/plugins/com.st.stm32cube.ide.mcu.externaltools.gnu-tools-for-stm32.10.3-2021.10.win32_1.0.100.202210260954/tools/bin/../lib/gcc/arm-none-eabi/10.3.1/../../../../arm-none-eabi/lib/thumb/v7e-m+fp/hard\libc_nano.a(lib_a-mprec.o)
                0x0000000008012620                __lshift
 .text.__mcmp   0x0000000008012700       0x38 c:/st/stm32cubeide_1.9.0/stm32cubeide/plugins/com.st.stm32cube.ide.mcu.externaltools.gnu-tools-for-stm32.10.3-2021.10.win32_1.0.100.202210260954/tools/bin/../lib/gcc/arm-none-eabi/10.3.1/../../../../arm-none-eabi/lib/thumb/v7e-m+fp/hard\libc_nano.a(lib_a-mprec.o)
                0x0000000008012700                __mcmp
 .text.__mdiff  0x0000000008012738      0x114 c:/st/stm32cubeide_1.9.0/stm32cubeide/plugins/com.st.stm32cube.ide.mcu.externaltools.gnu-tools-for-stm32.10.3-2021.10.win32_1.0.100.202210260954/tools/bin/../lib/gcc/arm-none-eabi/10.3.1/../../../../arm-none-eabi/lib/thumb/v7e-m+fp/hard\libc_nano.a(lib_a-mprec.o)
                0x0000000008012738                __mdiff
 .text.__d2b    0x000000000801284c       0xb8 c:/st/stm32cubeide_1.9.0/stm32cubeide/plugins/com.st.stm32cube.ide.mcu.externaltools.gnu-tools-for-stm32.10.3-2021.10.win32_1.0.100.202210260954/tools/bin/../lib/gcc/arm-none-eabi/10.3.1/../../../../arm-none-eabi/lib/thumb/v7e-m+fp/hard\libc_nano.a(lib_a-mprec.o)
                0x000000000801284c                __d2b
 .text._calloc_r
                0x0000000008012904       0x2c c:/st/stm32cubeide_1.9.0/stm32cubeide/plugins/com.st.stm32cube.ide.mcu.externaltools.gnu-tools-for-stm32.10.3-2021.10.win32_1.0.100.202210260954/tools/bin/../lib/gcc/arm-none-eabi/10.3.1/../../../../arm-none-eabi/lib/thumb/v7e-m+fp/hard\libc_nano.a(lib_a-nano-callocr.o)
                0x0000000008012904                _calloc_r
 .text._free_r  0x0000000008012930       0x98 c:/st/stm32cubeide_1.9.0/stm32cubeide/plugins/com.st.stm32cube.ide.mcu.externaltools.gnu-tools-for-stm32.10.3-2021.10.win32_1.0.100.202210260954/tools/bin/../lib/gcc/arm-none-eabi/10.3.1/../../../../arm-none-eabi/lib/thumb/v7e-m+fp/hard\libc_nano.a(lib_a-nano-freer.o)
                0x0000000008012930                _free_r
 .text.sbrk_aligned
                0x00000000080129c8       0x40 c:/st/stm32cubeide_1.9.0/stm32cubeide/plugins/com.st.stm32cube.ide.mcu.externaltools.gnu-tools-for-stm32.10.3-2021.10.win32_1.0.100.202210260954/tools/bin/../lib/gcc/arm-none-eabi/10.3.1/../../../../arm-none-eabi/lib/thumb/v7e-m+fp/hard\libc_nano.a(lib_a-nano-mallocr.o)
 .text._malloc_r
                0x0000000008012a08       0xe8 c:/st/stm32cubeide_1.9.0/stm32cubeide/plugins/com.st.stm32cube.ide.mcu.externaltools.gnu-tools-for-stm32.10.3-2021.10.win32_1.0.100.202210260954/tools/bin/../lib/gcc/arm-none-eabi/10.3.1/../../../../arm-none-eabi/lib/thumb/v7e-m+fp/hard\libc_nano.a(lib_a-nano-mallocr.o)
                0x0000000008012a08                _malloc_r
 .text.__ssputs_r
                0x0000000008012af0       0xb6 c:/st/stm32cubeide_1.9.0/stm32cubeide/plugins/com.st.stm32cube.ide.mcu.externaltools.gnu-tools-for-stm32.10.3-2021.10.win32_1.0.100.202210260954/tools/bin/../lib/gcc/arm-none-eabi/10.3.1/../../../../arm-none-eabi/lib/thumb/v7e-m+fp/hard\libc_nano.a(lib_a-nano-svfprintf.o)
                0x0000000008012af0                __ssputs_r
 *fill*         0x0000000008012ba6        0x2 
 .text._svfprintf_r
                0x0000000008012ba8      0x200 c:/st/stm32cubeide_1.9.0/stm32cubeide/plugins/com.st.stm32cube.ide.mcu.externaltools.gnu-tools-for-stm32.10.3-2021.10.win32_1.0.100.202210260954/tools/bin/../lib/gcc/arm-none-eabi/10.3.1/../../../../arm-none-eabi/lib/thumb/v7e-m+fp/hard\libc_nano.a(lib_a-nano-svfprintf.o)
                0x0000000008012ba8                _svfiprintf_r
                0x0000000008012ba8                _svfprintf_r
 .text._sbrk_r  0x0000000008012da8       0x20 c:/st/stm32cubeide_1.9.0/stm32cubeide/plugins/com.st.stm32cube.ide.mcu.externaltools.gnu-tools-for-stm32.10.3-2021.10.win32_1.0.100.202210260954/tools/bin/../lib/gcc/arm-none-eabi/10.3.1/../../../../arm-none-eabi/lib/thumb/v7e-m+fp/hard\libc_nano.a(lib_a-sbrkr.o)
                0x0000000008012da8                _sbrk_r
 .text.__assert_func
                0x0000000008012dc8       0x3c c:/st/stm32cubeide_1.9.0/stm32cubeide/plugins/com.st.stm32cube.ide.mcu.externaltools.gnu-tools-for-stm32.10.3-2021.10.win32_1.0.100.202210260954/tools/bin/../lib/gcc/arm-none-eabi/10.3.1/../../../../arm-none-eabi/lib/thumb/v7e-m+fp/hard\libc_nano.a(lib_a-assert.o)
                0x0000000008012dc8                __assert_func
 .text.fprintf  0x0000000008012e04       0x24 c:/st/stm32cubeide_1.9.0/stm32cubeide/plugins/com.st.stm32cube.ide.mcu.externaltools.gnu-tools-for-stm32.10.3-2021.10.win32_1.0.100.202210260954/tools/bin/../lib/gcc/arm-none-eabi/10.3.1/../../../../arm-none-eabi/lib/thumb/v7e-m+fp/hard\libc_nano.a(lib_a-fprintf.o)
                0x0000000008012e04                fiprintf
                0x0000000008012e04                fprintf
 .text.__ascii_mbtowc
                0x0000000008012e28       0x24 c:/st/stm32cubeide_1.9.0/stm32cubeide/plugins/com.st.stm32cube.ide.mcu.externaltools.gnu-tools-for-stm32.10.3-2021.10.win32_1.0.100.202210260954/tools/bin/../lib/gcc/arm-none-eabi/10.3.1/../../../../arm-none-eabi/lib/thumb/v7e-m+fp/hard\libc_nano.a(lib_a-mbtowc_r.o)
                0x0000000008012e28                __ascii_mbtowc
 .text.memmove  0x0000000008012e4c       0x34 c:/st/stm32cubeide_1.9.0/stm32cubeide/plugins/com.st.stm32cube.ide.mcu.externaltools.gnu-tools-for-stm32.10.3-2021.10.win32_1.0.100.202210260954/tools/bin/../lib/gcc/arm-none-eabi/10.3.1/../../../../arm-none-eabi/lib/thumb/v7e-m+fp/hard\libc_nano.a(lib_a-memmove.o)
                0x0000000008012e4c                memmove
 .text.__malloc_lock
                0x0000000008012e80        0xc c:/st/stm32cubeide_1.9.0/stm32cubeide/plugins/com.st.stm32cube.ide.mcu.externaltools.gnu-tools-for-stm32.10.3-2021.10.win32_1.0.100.202210260954/tools/bin/../lib/gcc/arm-none-eabi/10.3.1/../../../../arm-none-eabi/lib/thumb/v7e-m+fp/hard\libc_nano.a(lib_a-mlock.o)
                0x0000000008012e80                __malloc_lock
 .text.__malloc_unlock
                0x0000000008012e8c        0xc c:/st/stm32cubeide_1.9.0/stm32cubeide/plugins/com.st.stm32cube.ide.mcu.externaltools.gnu-tools-for-stm32.10.3-2021.10.win32_1.0.100.202210260954/tools/bin/../lib/gcc/arm-none-eabi/10.3.1/../../../../arm-none-eabi/lib/thumb/v7e-m+fp/hard\libc_nano.a(lib_a-mlock.o)
                0x0000000008012e8c                __malloc_unlock
 .text._realloc_r
                0x0000000008012e98       0x5e c:/st/stm32cubeide_1.9.0/stm32cubeide/plugins/com.st.stm32cube.ide.mcu.externaltools.gnu-tools-for-stm32.10.3-2021.10.win32_1.0.100.202210260954/tools/bin/../lib/gcc/arm-none-eabi/10.3.1/../../../../arm-none-eabi/lib/thumb/v7e-m+fp/hard\libc_nano.a(lib_a-nano-reallocr.o)
                0x0000000008012e98                _realloc_r
 .text.__sfputc_r
                0x0000000008012ef6       0x2e c:/st/stm32cubeide_1.9.0/stm32cubeide/plugins/com.st.stm32cube.ide.mcu.externaltools.gnu-tools-for-stm32.10.3-2021.10.win32_1.0.100.202210260954/tools/bin/../lib/gcc/arm-none-eabi/10.3.1/../../../../arm-none-eabi/lib/thumb/v7e-m+fp/hard\libc_nano.a(lib_a-nano-vfprintf.o)
 .text.__sfputs_r
                0x0000000008012f24       0x24 c:/st/stm32cubeide_1.9.0/stm32cubeide/plugins/com.st.stm32cube.ide.mcu.externaltools.gnu-tools-for-stm32.10.3-2021.10.win32_1.0.100.202210260954/tools/bin/../lib/gcc/arm-none-eabi/10.3.1/../../../../arm-none-eabi/lib/thumb/v7e-m+fp/hard\libc_nano.a(lib_a-nano-vfprintf.o)
                0x0000000008012f24                __sfputs_r
 .text._vfprintf_r
                0x0000000008012f48      0x260 c:/st/stm32cubeide_1.9.0/stm32cubeide/plugins/com.st.stm32cube.ide.mcu.externaltools.gnu-tools-for-stm32.10.3-2021.10.win32_1.0.100.202210260954/tools/bin/../lib/gcc/arm-none-eabi/10.3.1/../../../../arm-none-eabi/lib/thumb/v7e-m+fp/hard\libc_nano.a(lib_a-nano-vfprintf.o)
                0x0000000008012f48                _vfprintf_r
                0x0000000008012f48                _vfiprintf_r
 .text.__swbuf_r
                0x00000000080131a8       0xa4 c:/st/stm32cubeide_1.9.0/stm32cubeide/plugins/com.st.stm32cube.ide.mcu.externaltools.gnu-tools-for-stm32.10.3-2021.10.win32_1.0.100.202210260954/tools/bin/../lib/gcc/arm-none-eabi/10.3.1/../../../../arm-none-eabi/lib/thumb/v7e-m+fp/hard\libc_nano.a(lib_a-wbuf.o)
                0x00000000080131a8                __swbuf_r
 .text.__ascii_wctomb
                0x000000000801324c       0x1a c:/st/stm32cubeide_1.9.0/stm32cubeide/plugins/com.st.stm32cube.ide.mcu.externaltools.gnu-tools-for-stm32.10.3-2021.10.win32_1.0.100.202210260954/tools/bin/../lib/gcc/arm-none-eabi/10.3.1/../../../../arm-none-eabi/lib/thumb/v7e-m+fp/hard\libc_nano.a(lib_a-wctomb_r.o)
                0x000000000801324c                __ascii_wctomb
 *fill*         0x0000000008013266        0x2 
 .text.__swsetup_r
                0x0000000008013268       0xdc c:/st/stm32cubeide_1.9.0/stm32cubeide/plugins/com.st.stm32cube.ide.mcu.externaltools.gnu-tools-for-stm32.10.3-2021.10.win32_1.0.100.202210260954/tools/bin/../lib/gcc/arm-none-eabi/10.3.1/../../../../arm-none-eabi/lib/thumb/v7e-m+fp/hard\libc_nano.a(lib_a-wsetup.o)
                0x0000000008013268                __swsetup_r
 .text.abort    0x0000000008013344        0xe c:/st/stm32cubeide_1.9.0/stm32cubeide/plugins/com.st.stm32cube.ide.mcu.externaltools.gnu-tools-for-stm32.10.3-2021.10.win32_1.0.100.202210260954/tools/bin/../lib/gcc/arm-none-eabi/10.3.1/../../../../arm-none-eabi/lib/thumb/v7e-m+fp/hard\libc_nano.a(lib_a-abort.o)
                0x0000000008013344                abort
 *fill*         0x0000000008013352        0x2 
 .text.__sflush_r
                0x0000000008013354      0x10c c:/st/stm32cubeide_1.9.0/stm32cubeide/plugins/com.st.stm32cube.ide.mcu.externaltools.gnu-tools-for-stm32.10.3-2021.10.win32_1.0.100.202210260954/tools/bin/../lib/gcc/arm-none-eabi/10.3.1/../../../../arm-none-eabi/lib/thumb/v7e-m+fp/hard\libc_nano.a(lib_a-fflush.o)
                0x0000000008013354                __sflush_r
 .text._fflush_r
                0x0000000008013460       0x78 c:/st/stm32cubeide_1.9.0/stm32cubeide/plugins/com.st.stm32cube.ide.mcu.externaltools.gnu-tools-for-stm32.10.3-2021.10.win32_1.0.100.202210260954/tools/bin/../lib/gcc/arm-none-eabi/10.3.1/../../../../arm-none-eabi/lib/thumb/v7e-m+fp/hard\libc_nano.a(lib_a-fflush.o)
                0x0000000008013460                _fflush_r
 .text.std      0x00000000080134d8       0x48 c:/st/stm32cubeide_1.9.0/stm32cubeide/plugins/com.st.stm32cube.ide.mcu.externaltools.gnu-tools-for-stm32.10.3-2021.10.win32_1.0.100.202210260954/tools/bin/../lib/gcc/arm-none-eabi/10.3.1/../../../../arm-none-eabi/lib/thumb/v7e-m+fp/hard\libc_nano.a(lib_a-findfp.o)
 .text._cleanup_r
                0x0000000008013520        0xc c:/st/stm32cubeide_1.9.0/stm32cubeide/plugins/com.st.stm32cube.ide.mcu.externaltools.gnu-tools-for-stm32.10.3-2021.10.win32_1.0.100.202210260954/tools/bin/../lib/gcc/arm-none-eabi/10.3.1/../../../../arm-none-eabi/lib/thumb/v7e-m+fp/hard\libc_nano.a(lib_a-findfp.o)
                0x0000000008013520                _cleanup_r
 .text.__sfmoreglue
                0x000000000801352c       0x2c c:/st/stm32cubeide_1.9.0/stm32cubeide/plugins/com.st.stm32cube.ide.mcu.externaltools.gnu-tools-for-stm32.10.3-2021.10.win32_1.0.100.202210260954/tools/bin/../lib/gcc/arm-none-eabi/10.3.1/../../../../arm-none-eabi/lib/thumb/v7e-m+fp/hard\libc_nano.a(lib_a-findfp.o)
                0x000000000801352c                __sfmoreglue
 .text.__sfp_lock_acquire
                0x0000000008013558        0xc c:/st/stm32cubeide_1.9.0/stm32cubeide/plugins/com.st.stm32cube.ide.mcu.externaltools.gnu-tools-for-stm32.10.3-2021.10.win32_1.0.100.202210260954/tools/bin/../lib/gcc/arm-none-eabi/10.3.1/../../../../arm-none-eabi/lib/thumb/v7e-m+fp/hard\libc_nano.a(lib_a-findfp.o)
                0x0000000008013558                __sfp_lock_acquire
 .text.__sfp_lock_release
                0x0000000008013564        0xc c:/st/stm32cubeide_1.9.0/stm32cubeide/plugins/com.st.stm32cube.ide.mcu.externaltools.gnu-tools-for-stm32.10.3-2021.10.win32_1.0.100.202210260954/tools/bin/../lib/gcc/arm-none-eabi/10.3.1/../../../../arm-none-eabi/lib/thumb/v7e-m+fp/hard\libc_nano.a(lib_a-findfp.o)
                0x0000000008013564                __sfp_lock_release
 .text.__sinit_lock_acquire
                0x0000000008013570        0xc c:/st/stm32cubeide_1.9.0/stm32cubeide/plugins/com.st.stm32cube.ide.mcu.externaltools.gnu-tools-for-stm32.10.3-2021.10.win32_1.0.100.202210260954/tools/bin/../lib/gcc/arm-none-eabi/10.3.1/../../../../arm-none-eabi/lib/thumb/v7e-m+fp/hard\libc_nano.a(lib_a-findfp.o)
                0x0000000008013570                __sinit_lock_acquire
 .text.__sinit_lock_release
                0x000000000801357c        0xc c:/st/stm32cubeide_1.9.0/stm32cubeide/plugins/com.st.stm32cube.ide.mcu.externaltools.gnu-tools-for-stm32.10.3-2021.10.win32_1.0.100.202210260954/tools/bin/../lib/gcc/arm-none-eabi/10.3.1/../../../../arm-none-eabi/lib/thumb/v7e-m+fp/hard\libc_nano.a(lib_a-findfp.o)
                0x000000000801357c                __sinit_lock_release
 .text.__sinit  0x0000000008013588       0x70 c:/st/stm32cubeide_1.9.0/stm32cubeide/plugins/com.st.stm32cube.ide.mcu.externaltools.gnu-tools-for-stm32.10.3-2021.10.win32_1.0.100.202210260954/tools/bin/../lib/gcc/arm-none-eabi/10.3.1/../../../../arm-none-eabi/lib/thumb/v7e-m+fp/hard\libc_nano.a(lib_a-findfp.o)
                0x0000000008013588                __sinit
 .text.__sfp    0x00000000080135f8       0x8c c:/st/stm32cubeide_1.9.0/stm32cubeide/plugins/com.st.stm32cube.ide.mcu.externaltools.gnu-tools-for-stm32.10.3-2021.10.win32_1.0.100.202210260954/tools/bin/../lib/gcc/arm-none-eabi/10.3.1/../../../../arm-none-eabi/lib/thumb/v7e-m+fp/hard\libc_nano.a(lib_a-findfp.o)
                0x00000000080135f8                __sfp
 .text._fwalk_reent