Archive member included to satisfy reference by file (symbol)

c:/st/stm32cubeide_1.9.0/stm32cubeide/plugins/com.st.stm32cube.ide.mcu.externaltools.gnu-tools-for-stm32.10.3-2021.10.win32_1.0.100.202210260954/tools/bin/../lib/gcc/arm-none-eabi/10.3.1/../../../../arm-none-eabi/lib/thumb/v7e-m+fp/hard\libc_nano.a(lib_a-errno.o)
                              ./Core/Src/syscalls.o (__errno)
c:/st/stm32cubeide_1.9.0/stm32cubeide/plugins/com.st.stm32cube.ide.mcu.externaltools.gnu-tools-for-stm32.10.3-2021.10.win32_1.0.100.202210260954/tools/bin/../lib/gcc/arm-none-eabi/10.3.1/../../../../arm-none-eabi/lib/thumb/v7e-m+fp/hard\libc_nano.a(lib_a-exit.o)
                              c:/st/stm32cubeide_1.9.0/stm32cubeide/plugins/com.st.stm32cube.ide.mcu.externaltools.gnu-tools-for-stm32.10.3-2021.10.win32_1.0.100.202210260954/tools/bin/../lib/gcc/arm-none-eabi/10.3.1/../../../../arm-none-eabi/lib/thumb/v7e-m+fp/hard/crt0.o (exit)
c:/st/stm32cubeide_1.9.0/stm32cubeide/plugins/com.st.stm32cube.ide.mcu.externaltools.gnu-tools-for-stm32.10.3-2021.10.win32_1.0.100.202210260954/tools/bin/../lib/gcc/arm-none-eabi/10.3.1/../../../../arm-none-eabi/lib/thumb/v7e-m+fp/hard\libc_nano.a(lib_a-impure.o)
                              c:/st/stm32cubeide_1.9.0/stm32cubeide/plugins/com.st.stm32cube.ide.mcu.externaltools.gnu-tools-for-stm32.10.3-2021.10.win32_1.0.100.202210260954/tools/bin/../lib/gcc/arm-none-eabi/10.3.1/../../../../arm-none-eabi/lib/thumb/v7e-m+fp/hard\libc_nano.a(lib_a-exit.o) (_global_impure_ptr)
c:/st/stm32cubeide_1.9.0/stm32cubeide/plugins/com.st.stm32cube.ide.mcu.externaltools.gnu-tools-for-stm32.10.3-2021.10.win32_1.0.100.202210260954/tools/bin/../lib/gcc/arm-none-eabi/10.3.1/../../../../arm-none-eabi/lib/thumb/v7e-m+fp/hard\libc_nano.a(lib_a-init.o)
                              c:/st/stm32cubeide_1.9.0/stm32cubeide/plugins/com.st.stm32cube.ide.mcu.externaltools.gnu-tools-for-stm32.10.3-2021.10.win32_1.0.100.202210260954/tools/bin/../lib/gcc/arm-none-eabi/10.3.1/../../../../arm-none-eabi/lib/thumb/v7e-m+fp/hard/crt0.o (__libc_init_array)
c:/st/stm32cubeide_1.9.0/stm32cubeide/plugins/com.st.stm32cube.ide.mcu.externaltools.gnu-tools-for-stm32.10.3-2021.10.win32_1.0.100.202210260954/tools/bin/../lib/gcc/arm-none-eabi/10.3.1/../../../../arm-none-eabi/lib/thumb/v7e-m+fp/hard\libc_nano.a(lib_a-memcpy-stub.o)
                              ./Middlewares/Third_Party/FreeRTOS/Source/queue.o (memcpy)
c:/st/stm32cubeide_1.9.0/stm32cubeide/plugins/com.st.stm32cube.ide.mcu.externaltools.gnu-tools-for-stm32.10.3-2021.10.win32_1.0.100.202210260954/tools/bin/../lib/gcc/arm-none-eabi/10.3.1/../../../../arm-none-eabi/lib/thumb/v7e-m+fp/hard\libc_nano.a(lib_a-memset.o)
                              c:/st/stm32cubeide_1.9.0/stm32cubeide/plugins/com.st.stm32cube.ide.mcu.externaltools.gnu-tools-for-stm32.10.3-2021.10.win32_1.0.100.202210260954/tools/bin/../lib/gcc/arm-none-eabi/10.3.1/../../../../arm-none-eabi/lib/thumb/v7e-m+fp/hard/crt0.o (memset)
c:/st/stm32cubeide_1.9.0/stm32cubeide/plugins/com.st.stm32cube.ide.mcu.externaltools.gnu-tools-for-stm32.10.3-2021.10.win32_1.0.100.202210260954/tools/bin/../lib/gcc/arm-none-eabi/10.3.1/../../../../arm-none-eabi/lib/thumb/v7e-m+fp/hard\libc_nano.a(lib_a-nano-vfprintf_float.o)
                              (_printf_float)
c:/st/stm32cubeide_1.9.0/stm32cubeide/plugins/com.st.stm32cube.ide.mcu.externaltools.gnu-tools-for-stm32.10.3-2021.10.win32_1.0.100.202210260954/tools/bin/../lib/gcc/arm-none-eabi/10.3.1/../../../../arm-none-eabi/lib/thumb/v7e-m+fp/hard\libc_nano.a(lib_a-nano-vfprintf_i.o)
                              c:/st/stm32cubeide_1.9.0/stm32cubeide/plugins/com.st.stm32cube.ide.mcu.externaltools.gnu-tools-for-stm32.10.3-2021.10.win32_1.0.100.202210260954/tools/bin/../lib/gcc/arm-none-eabi/10.3.1/../../../../arm-none-eabi/lib/thumb/v7e-m+fp/hard\libc_nano.a(lib_a-nano-vfprintf_float.o) (_printf_common)
c:/st/stm32cubeide_1.9.0/stm32cubeide/plugins/com.st.stm32cube.ide.mcu.externaltools.gnu-tools-for-stm32.10.3-2021.10.win32_1.0.100.202210260954/tools/bin/../lib/gcc/arm-none-eabi/10.3.1/../../../../arm-none-eabi/lib/thumb/v7e-m+fp/hard\libc_nano.a(lib_a-sprintf.o)
                              ./Core/Src/main.o (sprintf)
c:/st/stm32cubeide_1.9.0/stm32cubeide/plugins/com.st.stm32cube.ide.mcu.externaltools.gnu-tools-for-stm32.10.3-2021.10.win32_1.0.100.202210260954/tools/bin/../lib/gcc/arm-none-eabi/10.3.1/../../../../arm-none-eabi/lib/thumb/v7e-m+fp/hard\libc_nano.a(lib_a-strlen.o)
                              c:/st/stm32cubeide_1.9.0/stm32cubeide/plugins/com.st.stm32cube.ide.mcu.externaltools.gnu-tools-for-stm32.10.3-2021.10.win32_1.0.100.202210260954/tools/bin/../lib/gcc/arm-none-eabi/10.3.1/../../../../arm-none-eabi/lib/thumb/v7e-m+fp/hard\libc_nano.a(lib_a-nano-vfprintf_float.o) (strlen)
[...]
Memory Configuration

Name             Origin             Length             Attributes
CCMRAM           0x0000000010000000 0x0000000000010000 xrw
RAM              0x0000000020000000 0x0000000000020000 xrw
FLASH            0x0000000008000000 0x0000000000100000 xr
*default*        0x0000000000000000 0xffffffffffffffff

Linker script and memory map

LOAD c:/st/stm32cubeide_1.9.0/stm32cubeide/plugins/com.st.stm32cube.ide.mcu.externaltools.gnu-tools-for-stm32.10.3-2021.10.win32_1.0.100.202210260954/tools/bin/../lib/gcc/arm-none-eabi/10.3.1/thumb/v7e-m+fp/hard/crti.o
LOAD c:/st/stm32cubeide_1.9.0/stm32cubeide/plugins/com.st.stm32cube.ide.mcu.externaltools.gnu-tools-for-stm32.10.3-2021.10.win32_1.0.100.202210260954/tools/bin/../lib/gcc/arm-none-eabi/10.3.1/thumb/v7e-m+fp/hard/crtbegin.o
LOAD c:/st/stm32cubeide_1.9.0/stm32cubeide/plugins/com.st.stm32cube.ide.mcu.externaltools.gnu-tools-for-stm32.10.3-2021.10.win32_1.0.100.202210260954/tools/bin/../lib/gcc/arm-none-eabi/10.3.1/../../../../arm-none-eabi/lib/thumb/v7e-m+fp/hard/crt0.o
LOAD ./Core/Src/freertos.o
LOAD ./Core/Src/main.o
LOAD ./Core/Src/stm32f4xx_hal_msp.o
LOAD ./Core/Src/stm32f4xx_it.o
LOAD ./Core/Src/syscalls.o
LOAD ./Core/Src/sysmem.o
LOAD ./Core/Src/system_stm32f4xx.o
LOAD ./Core/Startup/startup_stm32f405rgtx.o
LOAD ./Drivers/Altitude_filter/Altitude_filter.o
LOAD ./Drivers/BMI088/Src/BMI088.o
LOAD ./Drivers/BMM150/BMM150.o
LOAD ./Drivers/BMP388/BMP388.o
LOAD ./Drivers/ESC/ESC.o
LOAD ./Drivers/HCSR04/hcsr04.o
LOAD ./Drivers/OriIMU/oriIMU.o
LOAD ./Drivers/OrientationFilter/Orifilter.o
LOAD ./Drivers/STM32F4xx_HAL_Driver/Src/stm32f4xx_hal.o
LOAD ./Drivers/STM32F4xx_HAL_Driver/Src/stm32f4xx_hal_adc.o
LOAD ./Drivers/STM32F4xx_HAL_Driver/Src/stm32f4xx_hal_adc_ex.o
LOAD ./Drivers/STM32F4xx_HAL_Driver/Src/stm32f4xx_hal_cortex.o
LOAD ./Drivers/STM32F4xx_HAL_Driver/Src/stm32f4xx_hal_dma.o
LOAD ./Drivers/STM32F4xx_HAL_Driver/Src/stm32f4xx_hal_dma_ex.o
LOAD ./Drivers/STM32F4xx_HAL_Driver/Src/stm32f4xx_hal_exti.o
LOAD ./Drivers/STM32F4xx_HAL_Driver/Src/stm32f4xx_hal_flash.o
LOAD ./Drivers/STM32F4xx_HAL_Driver/Src/stm32f4xx_hal_flash_ex.o
LOAD ./Drivers/STM32F4xx_HAL_Driver/Src/stm32f4xx_hal_flash_ramfunc.o
LOAD ./Drivers/STM32F4xx_HAL_Driver/Src/stm32f4xx_hal_gpio.o
LOAD ./Drivers/STM32F4xx_HAL_Driver/Src/stm32f4xx_hal_i2c.o
LOAD ./Drivers/STM32F4xx_HAL_Driver/Src/stm32f4xx_hal_i2c_ex.o
LOAD ./Drivers/STM32F4xx_HAL_Driver/Src/stm32f4xx_hal_pwr.o
LOAD ./Drivers/STM32F4xx_HAL_Driver/Src/stm32f4xx_hal_pwr_ex.o
LOAD ./Drivers/STM32F4xx_HAL_Driver/Src/stm32f4xx_hal_rcc.o
LOAD ./Drivers/STM32F4xx_HAL_Driver/Src/stm32f4xx_hal_rcc_ex.o
LOAD ./Drivers/STM32F4xx_HAL_Driver/Src/stm32f4xx_hal_spi.o
LOAD ./Drivers/STM32F4xx_HAL_Driver/Src/stm32f4xx_hal_tim.o
LOAD ./Drivers/STM32F4xx_HAL_Driver/Src/stm32f4xx_hal_tim_ex.o
LOAD ./Drivers/STM32F4xx_HAL_Driver/Src/stm32f4xx_hal_uart.o
LOAD ./Drivers/STM32F4xx_HAL_Driver/Src/stm32f4xx_ll_adc.o
LOAD ./Drivers/ahrs/FusionAhrs.o
LOAD ./Drivers/ahrs/FusionCompass.o
LOAD ./Drivers/ahrs/FusionOffset.o
LOAD ./Drivers/bmm150_API/bmm150.o
LOAD ./Drivers/bmm150_API/bmm150_common.o
LOAD ./Middlewares/Third_Party/FreeRTOS/Source/CMSIS_RTOS/cmsis_os.o
LOAD ./Middlewares/Third_Party/FreeRTOS/Source/croutine.o
LOAD ./Middlewares/Third_Party/FreeRTOS/Source/event_groups.o
LOAD ./Middlewares/Third_Party/FreeRTOS/Source/list.o
LOAD ./Middlewares/Third_Party/FreeRTOS/Source/queue.o
LOAD ./Middlewares/Third_Party/FreeRTOS/Source/stream_buffer.o
LOAD ./Middlewares/Third_Party/FreeRTOS/Source/tasks.o
LOAD ./Middlewares/Third_Party/FreeRTOS/Source/timers.o
LOAD ./Middlewares/Third_Party/FreeRTOS/Source/portable/GCC/ARM_CM4F/port.o
LOAD ./Middlewares/Third_Party/FreeRTOS/Source/portable/MemMang/heap_4.o
START GROUP
LOAD c:/st/stm32cubeide_1.9.0/stm32cubeide/plugins/com.st.stm32cube.ide.mcu.externaltools.gnu-tools-for-stm32.10.3-2021.10.win32_1.0.100.202210260954/tools/bin/../lib/gcc/arm-none-eabi/10.3.1/../../../../arm-none-eabi/lib/thumb/v7e-m+fp/hard\libc_nano.a
LOAD c:/st/stm32cubeide_1.9.0/stm32cubeide/plugins/com.st.stm32cube.ide.mcu.externaltools.gnu-tools-for-stm32.10.3-2021.10.win32_1.0.100.202210260954/tools/bin/../lib/gcc/arm-none-eabi/10.3.1/../../../../arm-none-eabi/lib/thumb/v7e-m+fp/hard\libm.a
END GROUP
START GROUP
LOAD c:/st/stm32cubeide_1.9.0/stm32cubeide/plugins/com.st.stm32cube.ide.mcu.externaltools.gnu-tools-for-stm32.10.3-2021.10.win32_1.0.100.202210260954/tools/bin/../lib/gcc/arm-none-eabi/10.3.1/thumb/v7e-m+fp/hard\libgcc.a
LOAD c:/st/stm32cubeide_1.9.0/stm32cubeide/plugins/com.st.stm32cube.ide.mcu.externaltools.gnu-tools-for-stm32.10.3-2021.10.win32_1.0.100.202210260954/tools/bin/../lib/gcc/arm-none-eabi/10.3.1/../../../../arm-none-eabi/lib/thumb/v7e-m+fp/hard\libc_nano.a
END GROUP
START GROUP
LOAD c:/st/stm32cubeide_1.9.0/stm32cubeide/plugins/com.st.stm32cube.ide.mcu.externaltools.gnu-tools-for-stm32.10.3-2021.10.win32_1.0.100.202210260954/tools/bin/../lib/gcc/arm-none-eabi/10.3.1/thumb/v7e-m+fp/hard\libgcc.a
LOAD c:/st/stm32cubeide_1.9.0/stm32cubeide/plugins/com.st.stm32cube.ide.mcu.externaltools.gnu-tools-for-stm32.10.3-2021.10.win32_1.0.100.202210260954/tools/bin/../lib/gcc/arm-none-eabi/10.3.1/../../../../arm-none-eabi/lib/thumb/v7e-m+fp/hard\libc_nano.a
LOAD c:/st/stm32cubeide_1.9.0/stm32cubeide/plugins/com.st.stm32cube.ide.mcu.externaltools.gnu-tools-for-stm32.10.3-2021.10.win32_1.0.100.202210260954/tools/bin/../lib/gcc/arm-none-eabi/10.3.1/../../../../arm-none-eabi/lib/thumb/v7e-m+fp/hard\libnosys.a
END GROUP
START GROUP
LOAD c:/st/stm32cubeide_1.9.0/stm32cubeide/plugins/com.st.stm32cube.ide.mcu.externaltools.gnu-tools-for-stm32.10.3-2021.10.win32_1.0.100.202210260954/tools/bin/../lib/gcc/arm-none-eabi/10.3.1/thumb/v7e-m+fp/hard\libgcc.a
LOAD c:/st/stm32cubeide_1.9.0/stm32cubeide/plugins/com.st.stm32cube.ide.mcu.externaltools.gnu-tools-for-stm32.10.3-2021.10.win32_1.0.100.202210260954/tools/bin/../lib/gcc/arm-none-eabi/10.3.1/../../../../arm-none-eabi/lib/thumb/v7e-m+fp/hard\libc_nano.a
LOAD c:/st/stm32cubeide_1.9.0/stm32cubeide/plugins/com.st.stm32cube.ide.mcu.externaltools.gnu-tools-for-stm32.10.3-2021.10.win32_1.0.100.202210260954/tools/bin/../lib/gcc/arm-none-eabi/10.3.1/../../../../arm-none-eabi/lib/thumb/v7e-m+fp/hard\libnosys.a
END GROUP
LOAD c:/st/stm32cubeide_1.9.0/stm32cubeide/plugins/com.st.stm32cube.ide.mcu.externaltools.gnu-tools-for-stm32.10.3-2021.10.win32_1.0.100.202210260954/tools/bin/../lib/gcc/arm-none-eabi/10.3.1/thumb/v7e-m+fp/hard/crtend.o
LOAD c:/st/stm32cubeide_1.9.0/stm32cubeide/plugins/com.st.stm32cube.ide.mcu.externaltools.gnu-tools-for-stm32.10.3-2021.10.win32_1.0.100.202210260954/tools/bin/../lib/gcc/arm-none-eabi/10.3.1/thumb/v7e-m+fp/hard/crtn.o
                0x0000000020020000                _estack = (ORIGIN (RAM) + LENGTH (RAM))
                0x0000000000000200                _Min_Heap_Size = 0x200
                0x0000000000000400                _Min_Stack_Size = 0x400

.isr_vector     0x0000000008000000      0x188
                0x0000000008000000                . = ALIGN (0x4)
 *(.isr_vector)
 .isr_vector    0x0000000008000000      0x188 ./Core/Startup/startup_stm32f405rgtx.o
                0x0000000008000000                g_pfnVectors
                0x0000000008000188                . = ALIGN (0x4)

.text           0x0000000008000190    0x13ce8
                0x0000000008000190                . = ALIGN (0x4)
 *(.text)
 .text          0x0000000008000190       0x40 c:/st/stm32cubeide_1.9.0/stm32cubeide/plugins/com.st.stm32cube.ide.mcu.externaltools.gnu-tools-for-stm32.10.3-2021.10.win32_1.0.100.202210260954/tools/bin/../lib/gcc/arm-none-eabi/10.3.1/thumb/v7e-m+fp/hard/crtbegin.o
 .text          0x00000000080001d0       0x10 c:/st/stm32cubeide_1.9.0/stm32cubeide/plugins/com.st.stm32cube.ide.mcu.externaltools.gnu-tools-for-stm32.10.3-2021.10.win32_1.0.100.202210260954/tools/bin/../lib/gcc/arm-none-eabi/10.3.1/../../../../arm-none-eabi/lib/thumb/v7e-m+fp/hard\libc_nano.a(lib_a-strlen.o)
                0x00000000080001d0                strlen
 .text          0x00000000080001e0       0xa0 c:/st/stm32cubeide_1.9.0/stm32cubeide/plugins/com.st.stm32cube.ide.mcu.externaltools.gnu-tools-for-stm32.10.3-2021.10.win32_1.0.100.202210260954/tools/bin/../lib/gcc/arm-none-eabi/10.3.1/../../../../arm-none-eabi/lib/thumb/v7e-m+fp/hard\libc_nano.a(lib_a-memchr.o)
                0x00000000080001e0                memchr
 .text          0x0000000008000280      0x378 c:/st/stm32cubeide_1.9.0/stm32cubeide/plugins/com.st.stm32cube.ide.mcu.externaltools.gnu-tools-for-stm32.10.3-2021.10.win32_1.0.100.202210260954/tools/bin/../lib/gcc/arm-none-eabi/10.3.1/thumb/v7e-m+fp/hard\libgcc.a(_arm_addsubdf3.o)
                0x0000000008000280                __aeabi_drsub
                0x0000000008000288                __aeabi_dsub
                0x0000000008000288                __subdf3
                0x000000000800028c                __aeabi_dadd
                0x000000000800028c                __adddf3
                0x0000000008000504                __floatunsidf
                0x0000000008000504                __aeabi_ui2d
                0x0000000008000524                __floatsidf
                0x0000000008000524                __aeabi_i2d
                0x0000000008000548                __aeabi_f2d
                0x0000000008000548                __extendsfdf2
                0x000000000800058c                __floatundidf
                0x000000000800058c                __aeabi_ul2d
                0x000000000800059c                __floatdidf
                0x000000000800059c                __aeabi_l2d
 .text          0x00000000080005f8      0x424 c:/st/stm32cubeide_1.9.0/stm32cubeide/plugins/com.st.stm32cube.ide.mcu.externaltools.gnu-tools-for-stm32.10.3-2021.10.win32_1.0.100.202210260954/tools/bin/../lib/gcc/arm-none-eabi/10.3.1/thumb/v7e-m+fp/hard\libgcc.a(_arm_muldivdf3.o)
                0x00000000080005f8                __aeabi_dmul
                0x00000000080005f8                __muldf3
                0x000000000800084c                __divdf3
                0x000000000800084c                __aeabi_ddiv
 .text          0x0000000008000a1c      0x110 c:/st/stm32cubeide_1.9.0/stm32cubeide/plugins/com.st.stm32cube.ide.mcu.externaltools.gnu-tools-for-stm32.10.3-2021.10.win32_1.0.100.202210260954/tools/bin/../lib/gcc/arm-none-eabi/10.3.1/thumb/v7e-m+fp/hard\libgcc.a(_arm_cmpdf2.o)
                0x0000000008000a1c                __gtdf2
                0x0000000008000a1c                __gedf2
                0x0000000008000a24                __ltdf2
                0x0000000008000a24                __ledf2
                0x0000000008000a2c                __nedf2
                0x0000000008000a2c                __eqdf2
                0x0000000008000a2c                __cmpdf2
                0x0000000008000aa8                __aeabi_cdrcmple
                0x0000000008000ab8                __aeabi_cdcmpeq
                0x0000000008000ab8                __aeabi_cdcmple
                0x0000000008000ac8                __aeabi_dcmpeq
                0x0000000008000adc                __aeabi_dcmplt
                0x0000000008000af0                __aeabi_dcmple
                0x0000000008000b04                __aeabi_dcmpge
                0x0000000008000b18                __aeabi_dcmpgt
 .text          0x0000000008000b2c       0x2c c:/st/stm32cubeide_1.9.0/stm32cubeide/plugins/com.st.stm32cube.ide.mcu.externaltools.gnu-tools-for-stm32.10.3-2021.10.win32_1.0.100.202210260954/tools/bin/../lib/gcc/arm-none-eabi/10.3.1/thumb/v7e-m+fp/hard\libgcc.a(_arm_unorddf2.o)
                0x0000000008000b2c                __unorddf2
                0x0000000008000b2c                __aeabi_dcmpun
 .text          0x0000000008000b58       0x50 c:/st/stm32cubeide_1.9.0/stm32cubeide/plugins/com.st.stm32cube.ide.mcu.externaltools.gnu-tools-for-stm32.10.3-2021.10.win32_1.0.100.202210260954/tools/bin/../lib/gcc/arm-none-eabi/10.3.1/thumb/v7e-m+fp/hard\libgcc.a(_arm_fixdfsi.o)
                0x0000000008000b58                __aeabi_d2iz
                0x0000000008000b58                __fixdfsi
 .text          0x0000000008000ba8       0x40 c:/st/stm32cubeide_1.9.0/stm32cubeide/plugins/com.st.stm32cube.ide.mcu.externaltools.gnu-tools-for-stm32.10.3-2021.10.win32_1.0.100.202210260954/tools/bin/../lib/gcc/arm-none-eabi/10.3.1/thumb/v7e-m+fp/hard\libgcc.a(_arm_fixunsdfsi.o)
                0x0000000008000ba8                __aeabi_d2uiz
                0x0000000008000ba8                __fixunsdfsi
 .text          0x0000000008000be8       0xa0 c:/st/stm32cubeide_1.9.0/stm32cubeide/plugins/com.st.stm32cube.ide.mcu.externaltools.gnu-tools-for-stm32.10.3-2021.10.win32_1.0.100.202210260954/tools/bin/../lib/gcc/arm-none-eabi/10.3.1/thumb/v7e-m+fp/hard\libgcc.a(_arm_truncdfsf2.o)
                0x0000000008000be8                __truncdfsf2
                0x0000000008000be8                __aeabi_d2f
 .text          0x0000000008000c88       0x30 c:/st/stm32cubeide_1.9.0/stm32cubeide/plugins/com.st.stm32cube.ide.mcu.externaltools.gnu-tools-for-stm32.10.3-2021.10.win32_1.0.100.202210260954/tools/bin/../lib/gcc/arm-none-eabi/10.3.1/thumb/v7e-m+fp/hard\libgcc.a(_aeabi_uldivmod.o)
                0x0000000008000c88                __aeabi_uldivmod
 .text          0x0000000008000cb8      0x2d0 c:/st/stm32cubeide_1.9.0/stm32cubeide/plugins/com.st.stm32cube.ide.mcu.externaltools.gnu-tools-for-stm32.10.3-2021.10.win32_1.0.100.202210260954/tools/bin/../lib/gcc/arm-none-eabi/10.3.1/thumb/v7e-m+fp/hard\libgcc.a(_udivmoddi4.o)
                0x0000000008000cb8                __udivmoddi4
 .text          0x0000000008000f88        0x4 c:/st/stm32cubeide_1.9.0/stm32cubeide/plugins/com.st.stm32cube.ide.mcu.externaltools.gnu-tools-for-stm32.10.3-2021.10.win32_1.0.100.202210260954/tools/bin/../lib/gcc/arm-none-eabi/10.3.1/thumb/v7e-m+fp/hard\libgcc.a(_dvmd_tls.o)
                0x0000000008000f88                __aeabi_idiv0
                0x0000000008000f88                __aeabi_ldiv0
 *(.text*)
 .text.vApplicationGetIdleTaskMemory
                0x0000000008000f8c       0x34 ./Core/Src/freertos.o
                0x0000000008000f8c                vApplicationGetIdleTaskMemory
 .text.FusionRadiansToDegrees
                0x0000000008000fc0       0x28 ./Core/Src/main.o
 .text.FusionAsin
                0x0000000008000fe8       0x58 ./Core/Src/main.o
 .text.FusionVectorSubtract
                0x0000000008001040       0x9c ./Core/Src/main.o
 .text.FusionVectorMultiplyScalar
                0x00000000080010dc       0x88 ./Core/Src/main.o
 .text.FusionMatrixMultiplyVector
                0x0000000008001164       0xf0 ./Core/Src/main.o
 .text.FusionQuaternionToMatrix
                0x0000000008001254      0x19a ./Core/Src/main.o
 .text.FusionQuaternionToEuler
                0x00000000080013ee      0x14c ./Core/Src/main.o
 *fill*         0x000000000800153a        0x2 
 .text.main     0x000000000800153c      0x14c ./Core/Src/main.o
                0x000000000800153c                main
 .text.SystemClock_Config
                0x0000000008001688       0xd4 ./Core/Src/main.o
                0x0000000008001688                SystemClock_Config
 .text.MX_ADC1_Init
                0x000000000800175c       0xa4 ./Core/Src/main.o
 .text.MX_ADC2_Init
                0x0000000008001800       0xa4 ./Core/Src/main.o
 .text.MX_ADC3_Init
                0x00000000080018a4       0xa4 ./Core/Src/main.o
 .text.MX_I2C1_Init
                0x0000000008001948       0x5c ./Core/Src/main.o
 .text.MX_I2C2_Init
                0x00000000080019a4       0x5c ./Core/Src/main.o
 .text.MX_I2C3_Init
                0x0000000008001a00       0x5c ./Core/Src/main.o
 .text.MX_SPI2_Init
                0x0000000008001a5c       0x6c ./Core/Src/main.o
 .text.MX_TIM2_Init
                0x0000000008001ac8       0xe0 ./Core/Src/main.o
 .text.MX_TIM3_Init
                0x0000000008001ba8      0x15c ./Core/Src/main.o
 .text.MX_TIM4_Init
                0x0000000008001d04       0xe8 ./Core/Src/main.o
 .text.MX_TIM6_Init
                0x0000000008001dec       0x6c ./Core/Src/main.o
 .text.MX_TIM7_Init
                0x0000000008001e58       0x6c ./Core/Src/main.o
 .text.MX_USART1_UART_Init
                0x0000000008001ec4       0x54 ./Core/Src/main.o
 .text.MX_USART2_UART_Init
                0x0000000008001f18       0x54 ./Core/Src/main.o
 .text.MX_USART3_UART_Init
                0x0000000008001f6c       0x54 ./Core/Src/main.o
 .text.MX_USART6_UART_Init
                0x0000000008001fc0       0x54 ./Core/Src/main.o
 .text.MX_DMA_Init
                0x0000000008002014       0x40 ./Core/Src/main.o
 .text.MX_GPIO_Init
                0x0000000008002054      0x1e4 ./Core/Src/main.o
 .text.HAL_GPIO_EXTI_Callback
                0x0000000008002238       0x88 ./Core/Src/main.o
                0x0000000008002238                HAL_GPIO_EXTI_Callback
 .text.HAL_TIM_IC_CaptureCallback
                0x00000000080022c0      0x144 ./Core/Src/main.o
                0x00000000080022c0                HAL_TIM_IC_CaptureCallback
 .text.HAL_TIM_PeriodElapsedCallback
                0x0000000008002404       0x40 ./Core/Src/main.o
                0x0000000008002404                HAL_TIM_PeriodElapsedCallback
 .text.HAL_UART_RxCpltCallback
                0x0000000008002444      0x170 ./Core/Src/main.o
                0x0000000008002444                HAL_UART_RxCpltCallback
 .text.StartDefaultTask
                0x00000000080025b4      0x184 ./Core/Src/main.o
                0x00000000080025b4                StartDefaultTask
 .text.Start_Data_Reading
                0x0000000008002738      0xefc ./Core/Src/main.o
                0x0000000008002738                Start_Data_Reading
 .text.Start_Orientation
                0x0000000008003634       0x10 ./Core/Src/main.o
                0x0000000008003634                Start_Orientation
 .text.Error_Handler
                0x0000000008003644        0xa ./Core/Src/main.o
                0x0000000008003644                Error_Handler
 *fill*         0x000000000800364e        0x2 
 .text.HAL_MspInit
                0x0000000008003650       0x58 ./Core/Src/stm32f4xx_hal_msp.o
                0x0000000008003650                HAL_MspInit
 .text.HAL_ADC_MspInit
                0x00000000080036a8      0x14c ./Core/Src/stm32f4xx_hal_msp.o
                0x00000000080036a8                HAL_ADC_MspInit
 .text.HAL_I2C_MspInit
                0x00000000080037f4      0x1ac ./Core/Src/stm32f4xx_hal_msp.o
                0x00000000080037f4                HAL_I2C_MspInit
 .text.HAL_SPI_MspInit
                0x00000000080039a0       0x90 ./Core/Src/stm32f4xx_hal_msp.o
                0x00000000080039a0                HAL_SPI_MspInit
 .text.HAL_TIM_Base_MspInit
                0x0000000008003a30      0x16c ./Core/Src/stm32f4xx_hal_msp.o
                0x0000000008003a30                HAL_TIM_Base_MspInit
 .text.HAL_TIM_MspPostInit
                0x0000000008003b9c       0xb4 ./Core/Src/stm32f4xx_hal_msp.o
                0x0000000008003b9c                HAL_TIM_MspPostInit
 .text.HAL_UART_MspInit
                0x0000000008003c50      0x248 ./Core/Src/stm32f4xx_hal_msp.o
                0x0000000008003c50                HAL_UART_MspInit
 .text.NMI_Handler
                0x0000000008003e98        0x6 ./Core/Src/stm32f4xx_it.o
                0x0000000008003e98                NMI_Handler
 .text.HardFault_Handler
                0x0000000008003e9e        0x6 ./Core/Src/stm32f4xx_it.o
                0x0000000008003e9e                HardFault_Handler
 .text.MemManage_Handler
                0x0000000008003ea4        0x6 ./Core/Src/stm32f4xx_it.o
                0x0000000008003ea4                MemManage_Handler
 .text.BusFault_Handler
                0x0000000008003eaa        0x6 ./Core/Src/stm32f4xx_it.o
                0x0000000008003eaa                BusFault_Handler
 .text.UsageFault_Handler
                0x0000000008003eb0        0x6 ./Core/Src/stm32f4xx_it.o
                0x0000000008003eb0                UsageFault_Handler
 .text.DebugMon_Handler
                0x0000000008003eb6        0xe ./Core/Src/stm32f4xx_it.o
                0x0000000008003eb6                DebugMon_Handler
 .text.SysTick_Handler
                0x0000000008003ec4       0x1a ./Core/Src/stm32f4xx_it.o
                0x0000000008003ec4                SysTick_Handler
 .text.EXTI0_IRQHandler
                0x0000000008003ede        0xe ./Core/Src/stm32f4xx_it.o
                0x0000000008003ede                EXTI0_IRQHandler
 .text.EXTI2_IRQHandler
                0x0000000008003eec        0xe ./Core/Src/stm32f4xx_it.o
                0x0000000008003eec                EXTI2_IRQHandler
 *fill*         0x0000000008003efa        0x2 
 .text.TIM2_IRQHandler
                0x0000000008003efc       0x14 ./Core/Src/stm32f4xx_it.o
                0x0000000008003efc                TIM2_IRQHandler
 .text.USART2_IRQHandler
                0x0000000008003f10       0x14 ./Core/Src/stm32f4xx_it.o
                0x0000000008003f10                USART2_IRQHandler
 .text.EXTI15_10_IRQHandler
                0x0000000008003f24       0x20 ./Core/Src/stm32f4xx_it.o
                0x0000000008003f24                EXTI15_10_IRQHandler
 .text.TIM6_DAC_IRQHandler
                0x0000000008003f44       0x14 ./Core/Src/stm32f4xx_it.o
                0x0000000008003f44                TIM6_DAC_IRQHandler
 .text.TIM7_IRQHandler
                0x0000000008003f58       0x14 ./Core/Src/stm32f4xx_it.o
                0x0000000008003f58                TIM7_IRQHandler
 .text.DMA2_Stream2_IRQHandler
                0x0000000008003f6c       0x14 ./Core/Src/stm32f4xx_it.o
                0x0000000008003f6c                DMA2_Stream2_IRQHandler
 .text._getpid  0x0000000008003f80       0x10 ./Core/Src/syscalls.o
                0x0000000008003f80                _getpid
 .text._kill    0x0000000008003f90       0x20 ./Core/Src/syscalls.o
                0x0000000008003f90                _kill
 .text._exit    0x0000000008003fb0       0x14 ./Core/Src/syscalls.o
                0x0000000008003fb0                _exit
 .text._read    0x0000000008003fc4       0x3a ./Core/Src/syscalls.o
                0x0000000008003fc4                _read
 .text._write   0x0000000008003ffe       0x38 ./Core/Src/syscalls.o
                0x0000000008003ffe                _write
 .text._close   0x0000000008004036       0x18 ./Core/Src/syscalls.o
                0x0000000008004036                _close
 .text._fstat   0x000000000800404e       0x20 ./Core/Src/syscalls.o
                0x000000000800404e                _fstat
 .text._isatty  0x000000000800406e       0x16 ./Core/Src/syscalls.o
                0x000000000800406e                _isatty
 .text._lseek   0x0000000008004084       0x1a ./Core/Src/syscalls.o
                0x0000000008004084                _lseek
 *fill*         0x000000000800409e        0x2 
 .text._sbrk    0x00000000080040a0       0x6c ./Core/Src/sysmem.o
                0x00000000080040a0                _sbrk
 .text.SystemInit
                0x000000000800410c       0x24 ./Core/Src/system_stm32f4xx.o
                0x000000000800410c                SystemInit
 .text.Reset_Handler
                0x0000000008004130       0x50 ./Core/Startup/startup_stm32f405rgtx.o
                0x0000000008004130                Reset_Handler
 .text.Default_Handler
                0x0000000008004180        0x2 ./Core/Startup/startup_stm32f405rgtx.o
                0x0000000008004180                RTC_Alarm_IRQHandler
                0x0000000008004180                HASH_RNG_IRQHandler
                0x0000000008004180                TIM8_CC_IRQHandler
                0x0000000008004180                TIM1_CC_IRQHandler
                0x0000000008004180                DMA2_Stream5_IRQHandler
                0x0000000008004180                DMA1_Stream5_IRQHandler
                0x0000000008004180                PVD_IRQHandler
                0x0000000008004180                SDIO_IRQHandler
                0x0000000008004180                TAMP_STAMP_IRQHandler
                0x0000000008004180                CAN2_RX1_IRQHandler
                0x0000000008004180                EXTI3_IRQHandler
                0x0000000008004180                TIM8_TRG_COM_TIM14_IRQHandler
                0x0000000008004180                TIM1_UP_TIM10_IRQHandler
                0x0000000008004180                TIM8_UP_TIM13_IRQHandler
                0x0000000008004180                I2C3_ER_IRQHandler
                0x0000000008004180                I2C2_EV_IRQHandler
                0x0000000008004180                DMA1_Stream2_IRQHandler
                0x0000000008004180                CAN1_RX0_IRQHandler
                0x0000000008004180                FPU_IRQHandler
                0x0000000008004180                OTG_HS_WKUP_IRQHandler
                0x0000000008004180                CAN2_SCE_IRQHandler
                0x0000000008004180                SPI1_IRQHandler
                0x0000000008004180                TIM1_BRK_TIM9_IRQHandler
                0x0000000008004180                CAN2_RX0_IRQHandler
                0x0000000008004180                DMA2_Stream3_IRQHandler
                0x0000000008004180                USART6_IRQHandler
                0x0000000008004180                USART3_IRQHandler
                0x0000000008004180                CAN1_RX1_IRQHandler
                0x0000000008004180                UART5_IRQHandler
                0x0000000008004180                DMA2_Stream0_IRQHandler
                0x0000000008004180                TIM4_IRQHandler
                0x0000000008004180                I2C1_EV_IRQHandler
                0x0000000008004180                DMA1_Stream6_IRQHandler
                0x0000000008004180                DMA1_Stream1_IRQHandler
                0x0000000008004180                UART4_IRQHandler
                0x0000000008004180                TIM3_IRQHandler
                0x0000000008004180                RCC_IRQHandler
                0x0000000008004180                TIM8_BRK_TIM12_IRQHandler
                0x0000000008004180                Default_Handler
                0x0000000008004180                ADC_IRQHandler
                0x0000000008004180                DMA1_Stream7_IRQHandler
                0x0000000008004180                CAN2_TX_IRQHandler
                0x0000000008004180                TIM5_IRQHandler
                0x0000000008004180                DMA2_Stream7_IRQHandler
                0x0000000008004180                I2C3_EV_IRQHandler
                0x0000000008004180                EXTI9_5_IRQHandler
                0x0000000008004180                RTC_WKUP_IRQHandler
                0x0000000008004180                SPI2_IRQHandler
                0x0000000008004180                OTG_HS_EP1_IN_IRQHandler
                0x0000000008004180                DMA1_Stream0_IRQHandler
                0x0000000008004180                CAN1_TX_IRQHandler
                0x0000000008004180                EXTI4_IRQHandler
                0x0000000008004180                FSMC_IRQHandler
                0x0000000008004180                OTG_HS_EP1_OUT_IRQHandler
                0x0000000008004180                WWDG_IRQHandler
                0x0000000008004180                OTG_FS_WKUP_IRQHandler
                0x0000000008004180                TIM1_TRG_COM_TIM11_IRQHandler
                0x0000000008004180                OTG_HS_IRQHandler
                0x0000000008004180                EXTI1_IRQHandler
                0x0000000008004180                I2C2_ER_IRQHandler
                0x0000000008004180                DMA2_Stream1_IRQHandler
                0x0000000008004180                CAN1_SCE_IRQHandler
                0x0000000008004180                FLASH_IRQHandler
                0x0000000008004180                DMA2_Stream4_IRQHandler
                0x0000000008004180                USART1_IRQHandler
                0x0000000008004180                OTG_FS_IRQHandler
                0x0000000008004180                SPI3_IRQHandler
                0x0000000008004180                DMA1_Stream4_IRQHandler
                0x0000000008004180                I2C1_ER_IRQHandler
                0x0000000008004180                DMA2_Stream6_IRQHandler
                0x0000000008004180                DMA1_Stream3_IRQHandler
 *fill*         0x0000000008004182        0x2 
 .text.BMI088_Init
                0x0000000008004184      0x238 ./Drivers/BMI088/Src/BMI088.o
                0x0000000008004184                BMI088_Init
 .text.BMI088_ReadAccRegister
                0x00000000080043bc       0x7c ./Drivers/BMI088/Src/BMI088.o
                0x00000000080043bc                BMI088_ReadAccRegister
 .text.BMI088_ReadGyrRegister
                0x0000000008004438       0x78 ./Drivers/BMI088/Src/BMI088.o
                0x0000000008004438                BMI088_ReadGyrRegister
 .text.BMI088_WriteAccRegister
                0x00000000080044b0       0x74 ./Drivers/BMI088/Src/BMI088.o
                0x00000000080044b0                BMI088_WriteAccRegister
 .text.BMI088_WriteGyrRegister
                0x0000000008004524       0x74 ./Drivers/BMI088/Src/BMI088.o
                0x0000000008004524                BMI088_WriteGyrRegister
 .text.BMI088_ReadAccelerometer
                0x0000000008004598       0xe8 ./Drivers/BMI088/Src/BMI088.o
                0x0000000008004598                BMI088_ReadAccelerometer
 .text.BMI088_ReadGyroscope
                0x0000000008004680       0xf0 ./Drivers/BMI088/Src/BMI088.o
                0x0000000008004680                BMI088_ReadGyroscope
 .text.BMP388_Init
                0x0000000008004770       0xf6 ./Drivers/BMP388/BMP388.o
                0x0000000008004770                BMP388_Init
 .text.BMP388_SetTempOS
                0x0000000008004866       0x40 ./Drivers/BMP388/BMP388.o
                0x0000000008004866                BMP388_SetTempOS
 .text.BMP388_SetPressOS
                0x00000000080048a6       0x3e ./Drivers/BMP388/BMP388.o
                0x00000000080048a6                BMP388_SetPressOS
 .text.BMP388_SetIIRFilterCoeff
                0x00000000080048e4       0x2e ./Drivers/BMP388/BMP388.o
                0x00000000080048e4                BMP388_SetIIRFilterCoeff
 .text.BMP388_SetOutputDataRate
                0x0000000008004912       0x2a ./Drivers/BMP388/BMP388.o
                0x0000000008004912                BMP388_SetOutputDataRate
 .text.BMP388_ReadRawPressTempTime
                0x000000000800493c       0x58 ./Drivers/BMP388/BMP388.o
                0x000000000800493c                BMP388_ReadRawPressTempTime
 .text.BMP388_CompensateRawPressTemp
                0x0000000008004994       0x46 ./Drivers/BMP388/BMP388.o
                0x0000000008004994                BMP388_CompensateRawPressTemp
 *fill*         0x00000000080049da        0x6 
 .text.BMP388_FindAltitude
                0x00000000080049e0       0x84 ./Drivers/BMP388/BMP388.o
                0x00000000080049e0                BMP388_FindAltitude
 .text.BMP388_SoftReset
                0x0000000008004a64       0x80 ./Drivers/BMP388/BMP388.o
                0x0000000008004a64                BMP388_SoftReset
 .text.BMP388_GetCalibData
                0x0000000008004ae4      0x2a8 ./Drivers/BMP388/BMP388.o
                0x0000000008004ae4                BMP388_GetCalibData
 .text.BMP388_CompensateTemp
                0x0000000008004d8c       0x6c ./Drivers/BMP388/BMP388.o
                0x0000000008004d8c                BMP388_CompensateTemp
 .text.BMP388_CompensatePress
                0x0000000008004df8      0x1a2 ./Drivers/BMP388/BMP388.o
                0x0000000008004df8                BMP388_CompensatePress
 .text.BMP388_ReadBytes
                0x0000000008004f9a       0x3c ./Drivers/BMP388/BMP388.o
                0x0000000008004f9a                BMP388_ReadBytes
 .text.BMP388_WriteBytes
                0x0000000008004fd6       0x3c ./Drivers/BMP388/BMP388.o
                0x0000000008004fd6                BMP388_WriteBytes
 .text.set_duty_Oneshot42
                0x0000000008005012       0x46 ./Drivers/ESC/ESC.o
                0x0000000008005012                set_duty_Oneshot42
 .text.CRSFtoDuty
                0x0000000008005058       0x84 ./Drivers/ESC/ESC.o
                0x0000000008005058                CRSFtoDuty
 .text.CRSFtoPitch
                0x00000000080050dc       0x3c ./Drivers/ESC/ESC.o
                0x00000000080050dc                CRSFtoPitch
 .text.CRSFtoRoll
                0x0000000008005118       0x3c ./Drivers/ESC/ESC.o
                0x0000000008005118                CRSFtoRoll
 .text.CRSFtoYaw
                0x0000000008005154       0x3c ./Drivers/ESC/ESC.o
                0x0000000008005154                CRSFtoYaw
 .text.HAL_Init
                0x0000000008005190       0x44 ./Drivers/STM32F4xx_HAL_Driver/Src/stm32f4xx_hal.o
                0x0000000008005190                HAL_Init
 .text.HAL_InitTick
                0x00000000080051d4       0x60 ./Drivers/STM32F4xx_HAL_Driver/Src/stm32f4xx_hal.o
                0x00000000080051d4                HAL_InitTick
 .text.HAL_IncTick
                0x0000000008005234       0x28 ./Drivers/STM32F4xx_HAL_Driver/Src/stm32f4xx_hal.o
                0x0000000008005234                HAL_IncTick
 .text.HAL_GetTick
                0x000000000800525c       0x18 ./Drivers/STM32F4xx_HAL_Driver/Src/stm32f4xx_hal.o
                0x000000000800525c                HAL_GetTick
 .text.HAL_Delay
                0x0000000008005274       0x48 ./Drivers/STM32F4xx_HAL_Driver/Src/stm32f4xx_hal.o
                0x0000000008005274                HAL_Delay
 .text.HAL_ADC_Init
                0x00000000080052bc       0x86 ./Drivers/STM32F4xx_HAL_Driver/Src/stm32f4xx_hal_adc.o
                0x00000000080052bc                HAL_ADC_Init
 *fill*         0x0000000008005342        0x2 
 .text.HAL_ADC_ConfigChannel
                0x0000000008005344      0x244 ./Drivers/STM32F4xx_HAL_Driver/Src/stm32f4xx_hal_adc.o
                0x0000000008005344                HAL_ADC_ConfigChannel
 .text.ADC_Init
                0x0000000008005588      0x1f8 ./Drivers/STM32F4xx_HAL_Driver/Src/stm32f4xx_hal_adc.o
 .text.__NVIC_SetPriorityGrouping
                0x0000000008005780       0x48 ./Drivers/STM32F4xx_HAL_Driver/Src/stm32f4xx_hal_cortex.o
 .text.__NVIC_GetPriorityGrouping
                0x00000000080057c8       0x1c ./Drivers/STM32F4xx_HAL_Driver/Src/stm32f4xx_hal_cortex.o
 .text.__NVIC_EnableIRQ
                0x00000000080057e4       0x3c ./Drivers/STM32F4xx_HAL_Driver/Src/stm32f4xx_hal_cortex.o
 .text.__NVIC_SetPriority
                0x0000000008005820       0x54 ./Drivers/STM32F4xx_HAL_Driver/Src/stm32f4xx_hal_cortex.o
 .text.NVIC_EncodePriority
                0x0000000008005874       0x66 ./Drivers/STM32F4xx_HAL_Driver/Src/stm32f4xx_hal_cortex.o
 *fill*         0x00000000080058da        0x2 
 .text.SysTick_Config
                0x00000000080058dc       0x44 ./Drivers/STM32F4xx_HAL_Driver/Src/stm32f4xx_hal_cortex.o
 .text.HAL_NVIC_SetPriorityGrouping
                0x0000000008005920       0x16 ./Drivers/STM32F4xx_HAL_Driver/Src/stm32f4xx_hal_cortex.o
                0x0000000008005920                HAL_NVIC_SetPriorityGrouping
 .text.HAL_NVIC_SetPriority
                0x0000000008005936       0x38 ./Drivers/STM32F4xx_HAL_Driver/Src/stm32f4xx_hal_cortex.o
                0x0000000008005936                HAL_NVIC_SetPriority
 .text.HAL_NVIC_EnableIRQ
                0x000000000800596e       0x1c ./Drivers/STM32F4xx_HAL_Driver/Src/stm32f4xx_hal_cortex.o
                0x000000000800596e                HAL_NVIC_EnableIRQ
 .text.HAL_SYSTICK_Config
                0x000000000800598a       0x18 ./Drivers/STM32F4xx_HAL_Driver/Src/stm32f4xx_hal_cortex.o
                0x000000000800598a                HAL_SYSTICK_Config
 *fill*         0x00000000080059a2        0x2 
 .text.HAL_DMA_Init
                0x00000000080059a4      0x15c ./Drivers/STM32F4xx_HAL_Driver/Src/stm32f4xx_hal_dma.o
                0x00000000080059a4                HAL_DMA_Init
 .text.HAL_DMA_Start_IT
                0x0000000008005b00       0xb0 ./Drivers/STM32F4xx_HAL_Driver/Src/stm32f4xx_hal_dma.o
                0x0000000008005b00                HAL_DMA_Start_IT
 .text.HAL_DMA_Abort
                0x0000000008005bb0       0xe0 ./Drivers/STM32F4xx_HAL_Driver/Src/stm32f4xx_hal_dma.o
                0x0000000008005bb0                HAL_DMA_Abort
 .text.HAL_DMA_Abort_IT
                0x0000000008005c90       0x44 ./Drivers/STM32F4xx_HAL_Driver/Src/stm32f4xx_hal_dma.o
                0x0000000008005c90                HAL_DMA_Abort_IT
 .text.HAL_DMA_IRQHandler
                0x0000000008005cd4      0x314 ./Drivers/STM32F4xx_HAL_Driver/Src/stm32f4xx_hal_dma.o
                0x0000000008005cd4                HAL_DMA_IRQHandler
 .text.DMA_SetConfig
                0x0000000008005fe8       0x5c ./Drivers/STM32F4xx_HAL_Driver/Src/stm32f4xx_hal_dma.o
 .text.DMA_CalcBaseAndBitshift
                0x0000000008006044       0x6c ./Drivers/STM32F4xx_HAL_Driver/Src/stm32f4xx_hal_dma.o
 .text.DMA_CheckFifoParam
                0x00000000080060b0       0xf8 ./Drivers/STM32F4xx_HAL_Driver/Src/stm32f4xx_hal_dma.o
 .text.HAL_GPIO_Init
                0x00000000080061a8      0x338 ./Drivers/STM32F4xx_HAL_Driver/Src/stm32f4xx_hal_gpio.o
                0x00000000080061a8                HAL_GPIO_Init
 .text.HAL_GPIO_WritePin
                0x00000000080064e0       0x32 ./Drivers/STM32F4xx_HAL_Driver/Src/stm32f4xx_hal_gpio.o
                0x00000000080064e0                HAL_GPIO_WritePin
 .text.HAL_GPIO_TogglePin
                0x0000000008006512       0x34 ./Drivers/STM32F4xx_HAL_Driver/Src/stm32f4xx_hal_gpio.o
                0x0000000008006512                HAL_GPIO_TogglePin
 *fill*         0x0000000008006546        0x2 
 .text.HAL_GPIO_EXTI_IRQHandler
                0x0000000008006548       0x30 ./Drivers/STM32F4xx_HAL_Driver/Src/stm32f4xx_hal_gpio.o
                0x0000000008006548                HAL_GPIO_EXTI_IRQHandler
 .text.HAL_I2C_Init
                0x0000000008006578      0x288 ./Drivers/STM32F4xx_HAL_Driver/Src/stm32f4xx_hal_i2c.o
                0x0000000008006578                HAL_I2C_Init
 .text.HAL_I2C_Mem_Write
                0x0000000008006800      0x1f4 ./Drivers/STM32F4xx_HAL_Driver/Src/stm32f4xx_hal_i2c.o
                0x0000000008006800                HAL_I2C_Mem_Write
 .text.HAL_I2C_Mem_Read
                0x00000000080069f4      0x44c ./Drivers/STM32F4xx_HAL_Driver/Src/stm32f4xx_hal_i2c.o
                0x00000000080069f4                HAL_I2C_Mem_Read
 .text.I2C_RequestMemoryWrite
                0x0000000008006e40      0x12c ./Drivers/STM32F4xx_HAL_Driver/Src/stm32f4xx_hal_i2c.o
 .text.I2C_RequestMemoryRead
                0x0000000008006f6c      0x1d0 ./Drivers/STM32F4xx_HAL_Driver/Src/stm32f4xx_hal_i2c.o
 .text.I2C_WaitOnFlagUntilTimeout
                0x000000000800713c       0xae ./Drivers/STM32F4xx_HAL_Driver/Src/stm32f4xx_hal_i2c.o
 .text.I2C_WaitOnMasterAddressFlagUntilTimeout
                0x00000000080071ea       0xfe ./Drivers/STM32F4xx_HAL_Driver/Src/stm32f4xx_hal_i2c.o
 .text.I2C_WaitOnTXEFlagUntilTimeout
                0x00000000080072e8       0x82 ./Drivers/STM32F4xx_HAL_Driver/Src/stm32f4xx_hal_i2c.o
 .text.I2C_WaitOnBTFFlagUntilTimeout
                0x000000000800736a       0x82 ./Drivers/STM32F4xx_HAL_Driver/Src/stm32f4xx_hal_i2c.o
 .text.I2C_WaitOnRXNEFlagUntilTimeout
                0x00000000080073ec       0xac ./Drivers/STM32F4xx_HAL_Driver/Src/stm32f4xx_hal_i2c.o
 .text.I2C_IsAcknowledgeFailed
                0x0000000008007498       0x5e ./Drivers/STM32F4xx_HAL_Driver/Src/stm32f4xx_hal_i2c.o
 *fill*         0x00000000080074f6        0x2 
 .text.HAL_RCC_OscConfig
                0x00000000080074f8      0x4f0 ./Drivers/STM32F4xx_HAL_Driver/Src/stm32f4xx_hal_rcc.o
                0x00000000080074f8                HAL_RCC_OscConfig
 .text.HAL_RCC_ClockConfig
                0x00000000080079e8      0x1cc ./Drivers/STM32F4xx_HAL_Driver/Src/stm32f4xx_hal_rcc.o
                0x00000000080079e8                HAL_RCC_ClockConfig
 .text.HAL_RCC_GetSysClockFreq
                0x0000000008007bb4      0x20c ./Drivers/STM32F4xx_HAL_Driver/Src/stm32f4xx_hal_rcc.o
                0x0000000008007bb4                HAL_RCC_GetSysClockFreq
 .text.HAL_RCC_GetHCLKFreq
                0x0000000008007dc0       0x18 ./Drivers/STM32F4xx_HAL_Driver/Src/stm32f4xx_hal_rcc.o
                0x0000000008007dc0                HAL_RCC_GetHCLKFreq
 .text.HAL_RCC_GetPCLK1Freq
                0x0000000008007dd8       0x28 ./Drivers/STM32F4xx_HAL_Driver/Src/stm32f4xx_hal_rcc.o
                0x0000000008007dd8                HAL_RCC_GetPCLK1Freq
 .text.HAL_RCC_GetPCLK2Freq
                0x0000000008007e00       0x28 ./Drivers/STM32F4xx_HAL_Driver/Src/stm32f4xx_hal_rcc.o
                0x0000000008007e00                HAL_RCC_GetPCLK2Freq
 .text.HAL_SPI_Init
                0x0000000008007e28      0x112 ./Drivers/STM32F4xx_HAL_Driver/Src/stm32f4xx_hal_spi.o
                0x0000000008007e28                HAL_SPI_Init
 .text.HAL_SPI_Transmit
                0x0000000008007f3a      0x278 ./Drivers/STM32F4xx_HAL_Driver/Src/stm32f4xx_hal_spi.o
                0x0000000008007f3a                HAL_SPI_Transmit
 .text.HAL_SPI_TransmitReceive
                0x00000000080081b2      0x344 ./Drivers/STM32F4xx_HAL_Driver/Src/stm32f4xx_hal_spi.o
                0x00000000080081b2                HAL_SPI_TransmitReceive
 .text.HAL_SPI_GetState
                0x00000000080084f6       0x1c ./Drivers/STM32F4xx_HAL_Driver/Src/stm32f4xx_hal_spi.o
                0x00000000080084f6                HAL_SPI_GetState
 *fill*         0x0000000008008512        0x2 
 .text.SPI_WaitFlagStateUntilTimeout
                0x0000000008008514      0x110 ./Drivers/STM32F4xx_HAL_Driver/Src/stm32f4xx_hal_spi.o
 .text.SPI_EndRxTxTransaction
                0x0000000008008624       0x84 ./Drivers/STM32F4xx_HAL_Driver/Src/stm32f4xx_hal_spi.o
 .text.HAL_TIM_Base_Init
                0x00000000080086a8       0x9e ./Drivers/STM32F4xx_HAL_Driver/Src/stm32f4xx_hal_tim.o
                0x00000000080086a8                HAL_TIM_Base_Init
 *fill*         0x0000000008008746        0x2 
 .text.HAL_TIM_Base_Start_IT
                0x0000000008008748       0xe0 ./Drivers/STM32F4xx_HAL_Driver/Src/stm32f4xx_hal_tim.o
                0x0000000008008748                HAL_TIM_Base_Start_IT
 .text.HAL_TIM_PWM_Init
                0x0000000008008828       0x9e ./Drivers/STM32F4xx_HAL_Driver/Src/stm32f4xx_hal_tim.o
                0x0000000008008828                HAL_TIM_PWM_Init
 .text.HAL_TIM_PWM_MspInit
                0x00000000080088c6       0x14 ./Drivers/STM32F4xx_HAL_Driver/Src/stm32f4xx_hal_tim.o
                0x00000000080088c6                HAL_TIM_PWM_MspInit
 *fill*         0x00000000080088da        0x2 
 .text.HAL_TIM_PWM_Start
                0x00000000080088dc      0x190 ./Drivers/STM32F4xx_HAL_Driver/Src/stm32f4xx_hal_tim.o
                0x00000000080088dc                HAL_TIM_PWM_Start
 .text.HAL_TIM_IC_Init
                0x0000000008008a6c       0x9e ./Drivers/STM32F4xx_HAL_Driver/Src/stm32f4xx_hal_tim.o
                0x0000000008008a6c                HAL_TIM_IC_Init
 .text.HAL_TIM_IC_MspInit
                0x0000000008008b0a       0x14 ./Drivers/STM32F4xx_HAL_Driver/Src/stm32f4xx_hal_tim.o
                0x0000000008008b0a                HAL_TIM_IC_MspInit
 .text.HAL_TIM_IRQHandler
                0x0000000008008b1e      0x210 ./Drivers/STM32F4xx_HAL_Driver/Src/stm32f4xx_hal_tim.o
                0x0000000008008b1e                HAL_TIM_IRQHandler
 .text.HAL_TIM_IC_ConfigChannel
                0x0000000008008d2e      0x138 ./Drivers/STM32F4xx_HAL_Driver/Src/stm32f4xx_hal_tim.o
                0x0000000008008d2e                HAL_TIM_IC_ConfigChannel
 *fill*         0x0000000008008e66        0x2 
 .text.HAL_TIM_PWM_ConfigChannel
                0x0000000008008e68      0x184 ./Drivers/STM32F4xx_HAL_Driver/Src/stm32f4xx_hal_tim.o
                0x0000000008008e68                HAL_TIM_PWM_ConfigChannel
 .text.HAL_TIM_ConfigClockSource
                0x0000000008008fec      0x18e ./Drivers/STM32F4xx_HAL_Driver/Src/stm32f4xx_hal_tim.o
                0x0000000008008fec                HAL_TIM_ConfigClockSource
 .text.HAL_TIM_SlaveConfigSynchro
                0x000000000800917a       0x84 ./Drivers/STM32F4xx_HAL_Driver/Src/stm32f4xx_hal_tim.o
                0x000000000800917a                HAL_TIM_SlaveConfigSynchro
 *fill*         0x00000000080091fe        0x2 
 .text.HAL_TIM_ReadCapturedValue
                0x0000000008009200       0x88 ./Drivers/STM32F4xx_HAL_Driver/Src/stm32f4xx_hal_tim.o
                0x0000000008009200                HAL_TIM_ReadCapturedValue
 .text.HAL_TIM_OC_DelayElapsedCallback
                0x0000000008009288       0x14 ./Drivers/STM32F4xx_HAL_Driver/Src/stm32f4xx_hal_tim.o
                0x0000000008009288                HAL_TIM_OC_DelayElapsedCallback
 .text.HAL_TIM_PWM_PulseFinishedCallback
                0x000000000800929c       0x14 ./Drivers/STM32F4xx_HAL_Driver/Src/stm32f4xx_hal_tim.o
                0x000000000800929c                HAL_TIM_PWM_PulseFinishedCallback
 .text.HAL_TIM_TriggerCallback
                0x00000000080092b0       0x14 ./Drivers/STM32F4xx_HAL_Driver/Src/stm32f4xx_hal_tim.o
                0x00000000080092b0                HAL_TIM_TriggerCallback
 .text.TIM_Base_SetConfig
                0x00000000080092c4      0x140 ./Drivers/STM32F4xx_HAL_Driver/Src/stm32f4xx_hal_tim.o
                0x00000000080092c4                TIM_Base_SetConfig
 .text.TIM_OC1_SetConfig
                0x0000000008009404       0xe0 ./Drivers/STM32F4xx_HAL_Driver/Src/stm32f4xx_hal_tim.o
 .text.TIM_OC2_SetConfig
                0x00000000080094e4       0xec ./Drivers/STM32F4xx_HAL_Driver/Src/stm32f4xx_hal_tim.o
                0x00000000080094e4                TIM_OC2_SetConfig
 .text.TIM_OC3_SetConfig
                0x00000000080095d0       0xe8 ./Drivers/STM32F4xx_HAL_Driver/Src/stm32f4xx_hal_tim.o
 .text.TIM_OC4_SetConfig
                0x00000000080096b8       0xac ./Drivers/STM32F4xx_HAL_Driver/Src/stm32f4xx_hal_tim.o
 .text.TIM_SlaveTimer_SetConfig
                0x0000000008009764      0x122 ./Drivers/STM32F4xx_HAL_Driver/Src/stm32f4xx_hal_tim.o
 *fill*         0x0000000008009886        0x2 
 .text.TIM_TI1_SetConfig
                0x0000000008009888       0xe8 ./Drivers/STM32F4xx_HAL_Driver/Src/stm32f4xx_hal_tim.o
                0x0000000008009888                TIM_TI1_SetConfig
 .text.TIM_TI1_ConfigInputStage
                0x0000000008009970       0x5e ./Drivers/STM32F4xx_HAL_Driver/Src/stm32f4xx_hal_tim.o
 .text.TIM_TI2_SetConfig
                0x00000000080099ce       0x7a ./Drivers/STM32F4xx_HAL_Driver/Src/stm32f4xx_hal_tim.o
 .text.TIM_TI2_ConfigInputStage
                0x0000000008009a48       0x60 ./Drivers/STM32F4xx_HAL_Driver/Src/stm32f4xx_hal_tim.o
 .text.TIM_TI3_SetConfig
                0x0000000008009aa8       0x78 ./Drivers/STM32F4xx_HAL_Driver/Src/stm32f4xx_hal_tim.o
 .text.TIM_TI4_SetConfig
                0x0000000008009b20       0x7a ./Drivers/STM32F4xx_HAL_Driver/Src/stm32f4xx_hal_tim.o
 .text.TIM_ITRx_SetConfig
                0x0000000008009b9a       0x36 ./Drivers/STM32F4xx_HAL_Driver/Src/stm32f4xx_hal_tim.o
 .text.TIM_ETR_SetConfig
                0x0000000008009bd0       0x40 ./Drivers/STM32F4xx_HAL_Driver/Src/stm32f4xx_hal_tim.o
                0x0000000008009bd0                TIM_ETR_SetConfig
 .text.TIM_CCxChannelCmd
                0x0000000008009c10       0x4a ./Drivers/STM32F4xx_HAL_Driver/Src/stm32f4xx_hal_tim.o
                0x0000000008009c10                TIM_CCxChannelCmd
 *fill*         0x0000000008009c5a        0x2 
 .text.HAL_TIMEx_MasterConfigSynchronization
                0x0000000008009c5c       0xf8 ./Drivers/STM32F4xx_HAL_Driver/Src/stm32f4xx_hal_tim_ex.o
                0x0000000008009c5c                HAL_TIMEx_MasterConfigSynchronization
 .text.HAL_TIMEx_CommutCallback
                0x0000000008009d54       0x14 ./Drivers/STM32F4xx_HAL_Driver/Src/stm32f4xx_hal_tim_ex.o
                0x0000000008009d54                HAL_TIMEx_CommutCallback
 .text.HAL_TIMEx_BreakCallback
                0x0000000008009d68       0x14 ./Drivers/STM32F4xx_HAL_Driver/Src/stm32f4xx_hal_tim_ex.o
                0x0000000008009d68                HAL_TIMEx_BreakCallback
 .text.HAL_UART_Init
                0x0000000008009d7c       0x9a ./Drivers/STM32F4xx_HAL_Driver/Src/stm32f4xx_hal_uart.o
                0x0000000008009d7c                HAL_UART_Init
 .text.HAL_UART_Transmit
                0x0000000008009e16      0x124 ./Drivers/STM32F4xx_HAL_Driver/Src/stm32f4xx_hal_uart.o
                0x0000000008009e16                HAL_UART_Transmit
 .text.HAL_UART_Receive_IT
                0x0000000008009f3a       0x60 ./Drivers/STM32F4xx_HAL_Driver/Src/stm32f4xx_hal_uart.o
                0x0000000008009f3a                HAL_UART_Receive_IT
 .text.HAL_UART_Receive_DMA
                0x0000000008009f9a       0x60 ./Drivers/STM32F4xx_HAL_Driver/Src/stm32f4xx_hal_uart.o
                0x0000000008009f9a                HAL_UART_Receive_DMA
 *fill*         0x0000000008009ffa        0x2 
 .text.HAL_UART_IRQHandler
                0x0000000008009ffc      0x51c ./Drivers/STM32F4xx_HAL_Driver/Src/stm32f4xx_hal_uart.o
                0x0000000008009ffc                HAL_UART_IRQHandler
 .text.HAL_UART_TxCpltCallback
                0x000000000800a518       0x14 ./Drivers/STM32F4xx_HAL_Driver/Src/stm32f4xx_hal_uart.o
                0x000000000800a518                HAL_UART_TxCpltCallback
 .text.HAL_UART_RxHalfCpltCallback
                0x000000000800a52c       0x14 ./Drivers/STM32F4xx_HAL_Driver/Src/stm32f4xx_hal_uart.o
                0x000000000800a52c                HAL_UART_RxHalfCpltCallback
 .text.HAL_UART_ErrorCallback
                0x000000000800a540       0x14 ./Drivers/STM32F4xx_HAL_Driver/Src/stm32f4xx_hal_uart.o
                0x000000000800a540                HAL_UART_ErrorCallback
 .text.HAL_UARTEx_RxEventCallback
                0x000000000800a554       0x18 ./Drivers/STM32F4xx_HAL_Driver/Src/stm32f4xx_hal_uart.o
                0x000000000800a554                HAL_UARTEx_RxEventCallback
 .text.UART_DMAReceiveCplt
                0x000000000800a56c      0x126 ./Drivers/STM32F4xx_HAL_Driver/Src/stm32f4xx_hal_uart.o
 .text.UART_DMARxHalfCplt
                0x000000000800a692       0x36 ./Drivers/STM32F4xx_HAL_Driver/Src/stm32f4xx_hal_uart.o
 .text.UART_DMAError
                0x000000000800a6c8       0x94 ./Drivers/STM32F4xx_HAL_Driver/Src/stm32f4xx_hal_uart.o
 .text.UART_WaitOnFlagUntilTimeout
                0x000000000800a75c       0xdc ./Drivers/STM32F4xx_HAL_Driver/Src/stm32f4xx_hal_uart.o
 .text.UART_Start_Receive_IT
                0x000000000800a838       0x7c ./Drivers/STM32F4xx_HAL_Driver/Src/stm32f4xx_hal_uart.o
                0x000000000800a838                UART_Start_Receive_IT
 .text.UART_Start_Receive_DMA
                0x000000000800a8b4      0x13c ./Drivers/STM32F4xx_HAL_Driver/Src/stm32f4xx_hal_uart.o
                0x000000000800a8b4                UART_Start_Receive_DMA
 .text.UART_EndTxTransfer
                0x000000000800a9f0       0x50 ./Drivers/STM32F4xx_HAL_Driver/Src/stm32f4xx_hal_uart.o
 .text.UART_EndRxTransfer
                0x000000000800aa40       0xc6 ./Drivers/STM32F4xx_HAL_Driver/Src/stm32f4xx_hal_uart.o
 .text.UART_DMAAbortOnError
                0x000000000800ab06       0x28 ./Drivers/STM32F4xx_HAL_Driver/Src/stm32f4xx_hal_uart.o
 .text.UART_Transmit_IT
                0x000000000800ab2e       0xa0 ./Drivers/STM32F4xx_HAL_Driver/Src/stm32f4xx_hal_uart.o
 .text.UART_EndTransmit_IT
                0x000000000800abce       0x30 ./Drivers/STM32F4xx_HAL_Driver/Src/stm32f4xx_hal_uart.o
 .text.UART_Receive_IT
                0x000000000800abfe      0x176 ./Drivers/STM32F4xx_HAL_Driver/Src/stm32f4xx_hal_uart.o
 .text.UART_SetConfig
                0x000000000800ad74      0x4e8 ./Drivers/STM32F4xx_HAL_Driver/Src/stm32f4xx_hal_uart.o
 .text.FusionDegreesToRadians
                0x000000000800b25c       0x28 ./Drivers/ahrs/FusionAhrs.o
 .text.FusionFastInverseSqrt
                0x000000000800b284       0x60 ./Drivers/ahrs/FusionAhrs.o
 .text.FusionVectorIsZero
                0x000000000800b2e4       0x60 ./Drivers/ahrs/FusionAhrs.o
 .text.FusionVectorAdd
                0x000000000800b344       0x9c ./Drivers/ahrs/FusionAhrs.o
 .text.FusionVectorSum
                0x000000000800b3e0       0x40 ./Drivers/ahrs/FusionAhrs.o
 .text.FusionVectorMultiplyScalar
                0x000000000800b420       0x88 ./Drivers/ahrs/FusionAhrs.o
 .text.FusionVectorHadamardProduct
                0x000000000800b4a8       0x9c ./Drivers/ahrs/FusionAhrs.o
 .text.FusionVectorCrossProduct
                0x000000000800b544       0xcc ./Drivers/ahrs/FusionAhrs.o
 .text.FusionVectorDotProduct
                0x000000000800b610       0xac ./Drivers/ahrs/FusionAhrs.o
 .text.FusionVectorMagnitudeSquared
                0x000000000800b6bc       0x94 ./Drivers/ahrs/FusionAhrs.o
 .text.FusionVectorNormalise
                0x000000000800b750       0xa6 ./Drivers/ahrs/FusionAhrs.o
 .text.FusionQuaternionAdd
                0x000000000800b7f6       0xc4 ./Drivers/ahrs/FusionAhrs.o
 .text.FusionQuaternionMultiplyVector
                0x000000000800b8ba      0x140 ./Drivers/ahrs/FusionAhrs.o
 .text.FusionQuaternionNormalise
                0x000000000800b9fa       0xea ./Drivers/ahrs/FusionAhrs.o
 .text.FusionAhrsInitialise
                0x000000000800bae4       0x3c ./Drivers/ahrs/FusionAhrs.o
                0x000000000800bae4                FusionAhrsInitialise
 .text.FusionAhrsReset
                0x000000000800bb20       0xc8 ./Drivers/ahrs/FusionAhrs.o
                0x000000000800bb20                FusionAhrsReset
 .text.FusionAhrsSetSettings
                0x000000000800bbe8      0x170 ./Drivers/ahrs/FusionAhrs.o
                0x000000000800bbe8                FusionAhrsSetSettings
 .text.FusionAhrsUpdate
                0x000000000800bd58      0x71e ./Drivers/ahrs/FusionAhrs.o
                0x000000000800bd58                FusionAhrsUpdate
 .text.HalfGravity
                0x000000000800c476      0x17a ./Drivers/ahrs/FusionAhrs.o
 .text.HalfMagnetic
                0x000000000800c5f0      0x214 ./Drivers/ahrs/FusionAhrs.o
 .text.Feedback
                0x000000000800c804      0x16a ./Drivers/ahrs/FusionAhrs.o
 .text.Clamp    0x000000000800c96e       0x32 ./Drivers/ahrs/FusionAhrs.o
 .text.FusionAhrsGetQuaternion
                0x000000000800c9a0       0x46 ./Drivers/ahrs/FusionAhrs.o
                0x000000000800c9a0                FusionAhrsGetQuaternion
 .text.makeFreeRtosPriority
                0x000000000800c9e6       0x30 ./Middlewares/Third_Party/FreeRTOS/Source/CMSIS_RTOS/cmsis_os.o
 .text.osKernelStart
                0x000000000800ca16        0xe ./Middlewares/Third_Party/FreeRTOS/Source/CMSIS_RTOS/cmsis_os.o
                0x000000000800ca16                osKernelStart
 .text.osThreadCreate
                0x000000000800ca24       0x98 ./Middlewares/Third_Party/FreeRTOS/Source/CMSIS_RTOS/cmsis_os.o
                0x000000000800ca24                osThreadCreate
 .text.osDelay  0x000000000800cabc       0x28 ./Middlewares/Third_Party/FreeRTOS/Source/CMSIS_RTOS/cmsis_os.o
                0x000000000800cabc                osDelay
 .text.vListInitialise
                0x000000000800cae4       0x40 ./Middlewares/Third_Party/FreeRTOS/Source/list.o
                0x000000000800cae4                vListInitialise
 .text.vListInitialiseItem
                0x000000000800cb24       0x1a ./Middlewares/Third_Party/FreeRTOS/Source/list.o
                0x000000000800cb24                vListInitialiseItem
 .text.vListInsertEnd
                0x000000000800cb3e       0x48 ./Middlewares/Third_Party/FreeRTOS/Source/list.o
                0x000000000800cb3e                vListInsertEnd
 .text.vListInsert
                0x000000000800cb86       0x72 ./Middlewares/Third_Party/FreeRTOS/Source/list.o
                0x000000000800cb86                vListInsert
 .text.uxListRemove
                0x000000000800cbf8       0x54 ./Middlewares/Third_Party/FreeRTOS/Source/list.o
                0x000000000800cbf8                uxListRemove
 .text.xQueueGenericReset
                0x000000000800cc4c       0xd0 ./Middlewares/Third_Party/FreeRTOS/Source/queue.o
                0x000000000800cc4c                xQueueGenericReset
 .text.xQueueGenericCreate
                0x000000000800cd1c       0x74 ./Middlewares/Third_Party/FreeRTOS/Source/queue.o
                0x000000000800cd1c                xQueueGenericCreate
 .text.prvInitialiseNewQueue
                0x000000000800cd90       0x3e ./Middlewares/Third_Party/FreeRTOS/Source/queue.o
 *fill*         0x000000000800cdce        0x2 
 .text.xQueueGenericSend
                0x000000000800cdd0      0x1fc ./Middlewares/Third_Party/FreeRTOS/Source/queue.o
                0x000000000800cdd0                xQueueGenericSend
 .text.xQueueReceive
                0x000000000800cfcc      0x1c0 ./Middlewares/Third_Party/FreeRTOS/Source/queue.o
                0x000000000800cfcc                xQueueReceive
 .text.prvCopyDataToQueue
                0x000000000800d18c       0xd4 ./Middlewares/Third_Party/FreeRTOS/Source/queue.o
 .text.prvCopyDataFromQueue
                0x000000000800d260       0x4c ./Middlewares/Third_Party/FreeRTOS/Source/queue.o
 .text.prvUnlockQueue
                0x000000000800d2ac       0xa4 ./Middlewares/Third_Party/FreeRTOS/Source/queue.o
 .text.prvIsQueueEmpty
                0x000000000800d350       0x2c ./Middlewares/Third_Party/FreeRTOS/Source/queue.o
 .text.prvIsQueueFull
                0x000000000800d37c       0x30 ./Middlewares/Third_Party/FreeRTOS/Source/queue.o
 .text.xTaskCreateStatic
                0x000000000800d3ac       0xba ./Middlewares/Third_Party/FreeRTOS/Source/tasks.o
                0x000000000800d3ac                xTaskCreateStatic
 .text.xTaskCreate
                0x000000000800d466       0x8a ./Middlewares/Third_Party/FreeRTOS/Source/tasks.o
                0x000000000800d466                xTaskCreate
 .text.prvInitialiseNewTask
                0x000000000800d4f0      0x10e ./Middlewares/Third_Party/FreeRTOS/Source/tasks.o
 *fill*         0x000000000800d5fe        0x2 
 .text.prvAddNewTaskToReadyList
                0x000000000800d600       0xd4 ./Middlewares/Third_Party/FreeRTOS/Source/tasks.o
 .text.vTaskDelay
                0x000000000800d6d4       0x68 ./Middlewares/Third_Party/FreeRTOS/Source/tasks.o
                0x000000000800d6d4                vTaskDelay
 .text.vTaskSuspend
                0x000000000800d73c      0x124 ./Middlewares/Third_Party/FreeRTOS/Source/tasks.o
                0x000000000800d73c                vTaskSuspend
 .text.prvTaskIsTaskSuspended
                0x000000000800d860       0x64 ./Middlewares/Third_Party/FreeRTOS/Source/tasks.o
 .text.vTaskResume
                0x000000000800d8c4       0xbc ./Middlewares/Third_Party/FreeRTOS/Source/tasks.o
                0x000000000800d8c4                vTaskResume
 .text.vTaskStartScheduler
                0x000000000800d980       0xc0 ./Middlewares/Third_Party/FreeRTOS/Source/tasks.o
                0x000000000800d980                vTaskStartScheduler
 .text.vTaskSuspendAll
                0x000000000800da40       0x1c ./Middlewares/Third_Party/FreeRTOS/Source/tasks.o
                0x000000000800da40                vTaskSuspendAll
 .text.xTaskResumeAll
                0x000000000800da5c      0x138 ./Middlewares/Third_Party/FreeRTOS/Source/tasks.o
                0x000000000800da5c                xTaskResumeAll
 .text.xTaskIncrementTick
                0x000000000800db94      0x170 ./Middlewares/Third_Party/FreeRTOS/Source/tasks.o
                0x000000000800db94                xTaskIncrementTick
 .text.vTaskSwitchContext
                0x000000000800dd04       0xb8 ./Middlewares/Third_Party/FreeRTOS/Source/tasks.o
                0x000000000800dd04                vTaskSwitchContext
 .text.vTaskPlaceOnEventList
                0x000000000800ddbc       0x48 ./Middlewares/Third_Party/FreeRTOS/Source/tasks.o
                0x000000000800ddbc                vTaskPlaceOnEventList
 .text.xTaskRemoveFromEventList
                0x000000000800de04       0xc4 ./Middlewares/Third_Party/FreeRTOS/Source/tasks.o
                0x000000000800de04                xTaskRemoveFromEventList
 .text.vTaskInternalSetTimeOutState
                0x000000000800dec8       0x2c ./Middlewares/Third_Party/FreeRTOS/Source/tasks.o
                0x000000000800dec8                vTaskInternalSetTimeOutState
 .text.xTaskCheckForTimeOut
                0x000000000800def4       0xc4 ./Middlewares/Third_Party/FreeRTOS/Source/tasks.o
                0x000000000800def4                xTaskCheckForTimeOut
 .text.vTaskMissedYield
                0x000000000800dfb8       0x18 ./Middlewares/Third_Party/FreeRTOS/Source/tasks.o
                0x000000000800dfb8                vTaskMissedYield
 .text.prvIdleTask
                0x000000000800dfd0       0x30 ./Middlewares/Third_Party/FreeRTOS/Source/tasks.o
 .text.prvInitialiseTaskLists
                0x000000000800e000       0x80 ./Middlewares/Third_Party/FreeRTOS/Source/tasks.o
 .text.prvCheckTasksWaitingTermination
                0x000000000800e080       0x5c ./Middlewares/Third_Party/FreeRTOS/Source/tasks.o
 .text.prvDeleteTCB
                0x000000000800e0dc       0x5e ./Middlewares/Third_Party/FreeRTOS/Source/tasks.o
 *fill*         0x000000000800e13a        0x2 
 .text.prvResetNextTaskUnblockTime
                0x000000000800e13c       0x40 ./Middlewares/Third_Party/FreeRTOS/Source/tasks.o
 .text.xTaskGetSchedulerState
                0x000000000800e17c       0x3c ./Middlewares/Third_Party/FreeRTOS/Source/tasks.o
                0x000000000800e17c                xTaskGetSchedulerState
 .text.xTaskPriorityDisinherit
                0x000000000800e1b8      0x10c ./Middlewares/Third_Party/FreeRTOS/Source/tasks.o
                0x000000000800e1b8                xTaskPriorityDisinherit
 .text.prvAddCurrentTaskToDelayedList
                0x000000000800e2c4       0xcc ./Middlewares/Third_Party/FreeRTOS/Source/tasks.o
 .text.pxPortInitialiseStack
                0x000000000800e390       0x68 ./Middlewares/Third_Party/FreeRTOS/Source/portable/GCC/ARM_CM4F/port.o
                0x000000000800e390                pxPortInitialiseStack
 .text.prvTaskExitError
                0x000000000800e3f8       0x58 ./Middlewares/Third_Party/FreeRTOS/Source/portable/GCC/ARM_CM4F/port.o
 .text.SVC_Handler
                0x000000000800e450       0x28 ./Middlewares/Third_Party/FreeRTOS/Source/portable/GCC/ARM_CM4F/port.o
                0x000000000800e450                SVC_Handler
 .text.prvPortStartFirstTask
                0x000000000800e478       0x28 ./Middlewares/Third_Party/FreeRTOS/Source/portable/GCC/ARM_CM4F/port.o
 .text.xPortStartScheduler
                0x000000000800e4a0      0x144 ./Middlewares/Third_Party/FreeRTOS/Source/portable/GCC/ARM_CM4F/port.o
                0x000000000800e4a0                xPortStartScheduler
 .text.vPortEnterCritical
                0x000000000800e5e4       0x60 ./Middlewares/Third_Party/FreeRTOS/Source/portable/GCC/ARM_CM4F/port.o
                0x000000000800e5e4                vPortEnterCritical
 .text.vPortExitCritical
                0x000000000800e644       0x54 ./Middlewares/Third_Party/FreeRTOS/Source/portable/GCC/ARM_CM4F/port.o
                0x000000000800e644                vPortExitCritical
 *fill*         0x000000000800e698        0x8 
 .text.PendSV_Handler
                0x000000000800e6a0       0x68 ./Middlewares/Third_Party/FreeRTOS/Source/portable/GCC/ARM_CM4F/port.o
                0x000000000800e6a0                PendSV_Handler
 .text.xPortSysTickHandler
                0x000000000800e708       0x44 ./Middlewares/Third_Party/FreeRTOS/Source/portable/GCC/ARM_CM4F/port.o
                0x000000000800e708                xPortSysTickHandler
 .text.vPortSetupTimerInterrupt
                0x000000000800e74c       0x48 ./Middlewares/Third_Party/FreeRTOS/Source/portable/GCC/ARM_CM4F/port.o
                0x000000000800e74c                vPortSetupTimerInterrupt
 .text.vPortEnableVFP
                0x000000000800e794       0x14 ./Middlewares/Third_Party/FreeRTOS/Source/portable/GCC/ARM_CM4F/port.o
 .text.pvPortMalloc
                0x000000000800e7a8      0x198 ./Middlewares/Third_Party/FreeRTOS/Source/portable/MemMang/heap_4.o
                0x000000000800e7a8                pvPortMalloc
 .text.vPortFree
                0x000000000800e940       0xc4 ./Middlewares/Third_Party/FreeRTOS/Source/portable/MemMang/heap_4.o
                0x000000000800e940                vPortFree
 .text.prvHeapInit
                0x000000000800ea04       0xc4 ./Middlewares/Third_Party/FreeRTOS/Source/portable/MemMang/heap_4.o
 .text.prvInsertBlockIntoFreeList
                0x000000000800eac8       0xb4 ./Middlewares/Third_Party/FreeRTOS/Source/portable/MemMang/heap_4.o
 .text.__errno  0x000000000800eb7c        0xc c:/st/stm32cubeide_1.9.0/stm32cubeide/plugins/com.st.stm32cube.ide.mcu.externaltools.gnu-tools-for-stm32.10.3-2021.10.win32_1.0.100.202210260954/tools/bin/../lib/gcc/arm-none-eabi/10.3.1/../../../../arm-none-eabi/lib/thumb/v7e-m+fp/hard\libc_nano.a(lib_a-errno.o)
                0x000000000800eb7c                __errno
 .text.__libc_init_array
                0x000000000800eb88       0x48 c:/st/stm32cubeide_1.9.0/stm32cubeide/plugins/com.st.stm32cube.ide.mcu.externaltools.gnu-tools-for-stm32.10.3-2021.10.win32_1.0.100.202210260954/tools/bin/../lib/gcc/arm-none-eabi/10.3.1/../../../../arm-none-eabi/lib/thumb/v7e-m+fp/hard\libc_nano.a(lib_a-init.o)
                0x000000000800eb88                __libc_init_array
 .text.memcpy   0x000000000800ebd0       0x1c c:/st/stm32cubeide_1.9.0/stm32cubeide/plugins/com.st.stm32cube.ide.mcu.externaltools.gnu-tools-for-stm32.10.3-2021.10.win32_1.0.100.202210260954/tools/bin/../lib/gcc/arm-none-eabi/10.3.1/../../../../arm-none-eabi/lib/thumb/v7e-m+fp/hard\libc_nano.a(lib_a-memcpy-stub.o)
                0x000000000800ebd0                memcpy
 .text.memset   0x000000000800ebec       0x10 c:/st/stm32cubeide_1.9.0/stm32cubeide/plugins/com.st.stm32cube.ide.mcu.externaltools.gnu-tools-for-stm32.10.3-2021.10.win32_1.0.100.202210260954/tools/bin/../lib/gcc/arm-none-eabi/10.3.1/../../../../arm-none-eabi/lib/thumb/v7e-m+fp/hard\libc_nano.a(lib_a-memset.o)
                0x000000000800ebec                memset
 .text.__cvt    0x000000000800ebfc       0xc4 c:/st/stm32cubeide_1.9.0/stm32cubeide/plugins/com.st.stm32cube.ide.mcu.externaltools.gnu-tools-for-stm32.10.3-2021.10.win32_1.0.100.202210260954/tools/bin/../lib/gcc/arm-none-eabi/10.3.1/../../../../arm-none-eabi/lib/thumb/v7e-m+fp/hard\libc_nano.a(lib_a-nano-vfprintf_float.o)
                0x000000000800ebfc                __cvt
 .text.__exponent
                0x000000000800ecc0       0x7c c:/st/stm32cubeide_1.9.0/stm32cubeide/plugins/com.st.stm32cube.ide.mcu.externaltools.gnu-tools-for-stm32.10.3-2021.10.win32_1.0.100.202210260954/tools/bin/../lib/gcc/arm-none-eabi/10.3.1/../../../../arm-none-eabi/lib/thumb/v7e-m+fp/hard\libc_nano.a(lib_a-nano-vfprintf_float.o)
                0x000000000800ecc0                __exponent
 .text._printf_float
                0x000000000800ed3c      0x46c c:/st/stm32cubeide_1.9.0/stm32cubeide/plugins/com.st.stm32cube.ide.mcu.externaltools.gnu-tools-for-stm32.10.3-2021.10.win32_1.0.100.202210260954/tools/bin/../lib/gcc/arm-none-eabi/10.3.1/../../../../arm-none-eabi/lib/thumb/v7e-m+fp/hard\libc_nano.a(lib_a-nano-vfprintf_float.o)
                0x000000000800ed3c                _printf_float
 .text._printf_common
                0x000000000800f1a8       0xda c:/st/stm32cubeide_1.9.0/stm32cubeide/plugins/com.st.stm32cube.ide.mcu.externaltools.gnu-tools-for-stm32.10.3-2021.10.win32_1.0.100.202210260954/tools/bin/../lib/gcc/arm-none-eabi/10.3.1/../../../../arm-none-eabi/lib/thumb/v7e-m+fp/hard\libc_nano.a(lib_a-nano-vfprintf_i.o)
                0x000000000800f1a8                _printf_common
 *fill*         0x000000000800f282        0x2 
 .text._printf_i
                0x000000000800f284      0x24c c:/st/stm32cubeide_1.9.0/stm32cubeide/plugins/com.st.stm32cube.ide.mcu.externaltools.gnu-tools-for-stm32.10.3-2021.10.win32_1.0.100.202210260954/tools/bin/../lib/gcc/arm-none-eabi/10.3.1/../../../../arm-none-eabi/lib/thumb/v7e-m+fp/hard\libc_nano.a(lib_a-nano-vfprintf_i.o)
                0x000000000800f284                _printf_i
 .text.sprintf  0x000000000800f4d0       0x40 c:/st/stm32cubeide_1.9.0/stm32cubeide/plugins/com.st.stm32cube.ide.mcu.externaltools.gnu-tools-for-stm32.10.3-2021.10.win32_1.0.100.202210260954/tools/bin/../lib/gcc/arm-none-eabi/10.3.1/../../../../arm-none-eabi/lib/thumb/v7e-m+fp/hard\libc_nano.a(lib_a-sprintf.o)
                0x000000000800f4d0                siprintf
                0x000000000800f4d0                sprintf
 .text.quorem   0x000000000800f510      0x116 c:/st/stm32cubeide_1.9.0/stm32cubeide/plugins/com.st.stm32cube.ide.mcu.externaltools.gnu-tools-for-stm32.10.3-2021.10.win32_1.0.100.202210260954/tools/bin/../lib/gcc/arm-none-eabi/10.3.1/../../../../arm-none-eabi/lib/thumb/v7e-m+fp/hard\libc_nano.a(lib_a-dtoa.o)
 *fill*         0x000000000800f626        0x2 
 .text._dtoa_r  0x000000000800f628      0xbdc c:/st/stm32cubeide_1.9.0/stm32cubeide/plugins/com.st.stm32cube.ide.mcu.externaltools.gnu-tools-for-stm32.10.3-2021.10.win32_1.0.100.202210260954/tools/bin/../lib/gcc/arm-none-eabi/10.3.1/../../../../arm-none-eabi/lib/thumb/v7e-m+fp/hard\libc_nano.a(lib_a-dtoa.o)
                0x000000000800f628                _dtoa_r
 .text._localeconv_r
                0x0000000008010204        0x8 c:/st/stm32cubeide_1.9.0/stm32cubeide/plugins/com.st.stm32cube.ide.mcu.externaltools.gnu-tools-for-stm32.10.3-2021.10.win32_1.0.100.202210260954/tools/bin/../lib/gcc/arm-none-eabi/10.3.1/../../../../arm-none-eabi/lib/thumb/v7e-m+fp/hard\libc_nano.a(lib_a-localeconv.o)
                0x0000000008010204                _localeconv_r
 .text.malloc   0x000000000801020c       0x10 c:/st/stm32cubeide_1.9.0/stm32cubeide/plugins/com.st.stm32cube.ide.mcu.externaltools.gnu-tools-for-stm32.10.3-2021.10.win32_1.0.100.202210260954/tools/bin/../lib/gcc/arm-none-eabi/10.3.1/../../../../arm-none-eabi/lib/thumb/v7e-m+fp/hard\libc_nano.a(lib_a-malloc.o)
                0x000000000801020c                malloc
 .text._Balloc  0x000000000801021c       0x80 c:/st/stm32cubeide_1.9.0/stm32cubeide/plugins/com.st.stm32cube.ide.mcu.externaltools.gnu-tools-for-stm32.10.3-2021.10.win32_1.0.100.202210260954/tools/bin/../lib/gcc/arm-none-eabi/10.3.1/../../../../arm-none-eabi/lib/thumb/v7e-m+fp/hard\libc_nano.a(lib_a-mprec.o)
                0x000000000801021c                _Balloc
 .text._Bfree   0x000000000801029c       0x44 c:/st/stm32cubeide_1.9.0/stm32cubeide/plugins/com.st.stm32cube.ide.mcu.externaltools.gnu-tools-for-stm32.10.3-2021.10.win32_1.0.100.202210260954/tools/bin/../lib/gcc/arm-none-eabi/10.3.1/../../../../arm-none-eabi/lib/thumb/v7e-m+fp/hard\libc_nano.a(lib_a-mprec.o)
                0x000000000801029c                _Bfree
 .text.__multadd
                0x00000000080102e0       0x8c c:/st/stm32cubeide_1.9.0/stm32cubeide/plugins/com.st.stm32cube.ide.mcu.externaltools.gnu-tools-for-stm32.10.3-2021.10.win32_1.0.100.202210260954/tools/bin/../lib/gcc/arm-none-eabi/10.3.1/../../../../arm-none-eabi/lib/thumb/v7e-m+fp/hard\libc_nano.a(lib_a-mprec.o)
                0x00000000080102e0                __multadd
 .text.__hi0bits
                0x000000000801036c       0x40 c:/st/stm32cubeide_1.9.0/stm32cubeide/plugins/com.st.stm32cube.ide.mcu.externaltools.gnu-tools-for-stm32.10.3-2021.10.win32_1.0.100.202210260954/tools/bin/../lib/gcc/arm-none-eabi/10.3.1/../../../../arm-none-eabi/lib/thumb/v7e-m+fp/hard\libc_nano.a(lib_a-mprec.o)
                0x000000000801036c                __hi0bits
 .text.__lo0bits
                0x00000000080103ac       0x5e c:/st/stm32cubeide_1.9.0/stm32cubeide/plugins/com.st.stm32cube.ide.mcu.externaltools.gnu-tools-for-stm32.10.3-2021.10.win32_1.0.100.202210260954/tools/bin/../lib/gcc/arm-none-eabi/10.3.1/../../../../arm-none-eabi/lib/thumb/v7e-m+fp/hard\libc_nano.a(lib_a-mprec.o)
                0x00000000080103ac                __lo0bits
 *fill*         0x000000000801040a        0x2 
 .text.__i2b    0x000000000801040c       0x2c c:/st/stm32cubeide_1.9.0/stm32cubeide/plugins/com.st.stm32cube.ide.mcu.externaltools.gnu-tools-for-stm32.10.3-2021.10.win32_1.0.100.202210260954/tools/bin/../lib/gcc/arm-none-eabi/10.3.1/../../../../arm-none-eabi/lib/thumb/v7e-m+fp/hard\libc_nano.a(lib_a-mprec.o)
                0x000000000801040c                __i2b
 .text.__multiply
                0x0000000008010438      0x154 c:/st/stm32cubeide_1.9.0/stm32cubeide/plugins/com.st.stm32cube.ide.mcu.externaltools.gnu-tools-for-stm32.10.3-2021.10.win32_1.0.100.202210260954/tools/bin/../lib/gcc/arm-none-eabi/10.3.1/../../../../arm-none-eabi/lib/thumb/v7e-m+fp/hard\libc_nano.a(lib_a-mprec.o)
                0x0000000008010438                __multiply
 .text.__pow5mult
                0x000000000801058c       0xb4 c:/st/stm32cubeide_1.9.0/stm32cubeide/plugins/com.st.stm32cube.ide.mcu.externaltools.gnu-tools-for-stm32.10.3-2021.10.win32_1.0.100.202210260954/tools/bin/../lib/gcc/arm-none-eabi/10.3.1/../../../../arm-none-eabi/lib/thumb/v7e-m+fp/hard\libc_nano.a(lib_a-mprec.o)
                0x000000000801058c                __pow5mult
 .text.__lshift
                0x0000000008010640       0xe0 c:/st/stm32cubeide_1.9.0/stm32cubeide/plugins/com.st.stm32cube.ide.mcu.externaltools.gnu-tools-for-stm32.10.3-2021.10.win32_1.0.100.202210260954/tools/bin/../lib/gcc/arm-none-eabi/10.3.1/../../../../arm-none-eabi/lib/thumb/v7e-m+fp/hard\libc_nano.a(lib_a-mprec.o)
                0x0000000008010640                __lshift
 .text.__mcmp   0x0000000008010720       0x38 c:/st/stm32cubeide_1.9.0/stm32cubeide/plugins/com.st.stm32cube.ide.mcu.externaltools.gnu-tools-for-stm32.10.3-2021.10.win32_1.0.100.202210260954/tools/bin/../lib/gcc/arm-none-eabi/10.3.1/../../../../arm-none-eabi/lib/thumb/v7e-m+fp/hard\libc_nano.a(lib_a-mprec.o)
                0x0000000008010720                __mcmp
 .text.__mdiff  0x0000000008010758      0x114 c:/st/stm32cubeide_1.9.0/stm32cubeide/plugins/com.st.stm32cube.ide.mcu.externaltools.gnu-tools-for-stm32.10.3-2021.10.win32_1.0.100.202210260954/tools/bin/../lib/gcc/arm-none-eabi/10.3.1/../../../../arm-none-eabi/lib/thumb/v7e-m+fp/hard\libc_nano.a(lib_a-mprec.o)
                0x0000000008010758                __mdiff
 .text.__d2b    0x000000000801086c       0xb8 c:/st/stm32cubeide_1.9.0/stm32cubeide/plugins/com.st.stm32cube.ide.mcu.externaltools.gnu-tools-for-stm32.10.3-2021.10.win32_1.0.100.202210260954/tools/bin/../lib/gcc/arm-none-eabi/10.3.1/../../../../arm-none-eabi/lib/thumb/v7e-m+fp/hard\libc_nano.a(lib_a-mprec.o)
                0x000000000801086c                __d2b
 .text._calloc_r
                0x0000000008010924       0x2c c:/st/stm32cubeide_1.9.0/stm32cubeide/plugins/com.st.stm32cube.ide.mcu.externaltools.gnu-tools-for-stm32.10.3-2021.10.win32_1.0.100.202210260954/tools/bin/../lib/gcc/arm-none-eabi/10.3.1/../../../../arm-none-eabi/lib/thumb/v7e-m+fp/hard\libc_nano.a(lib_a-nano-callocr.o)
                0x0000000008010924                _calloc_r
 .text._free_r  0x0000000008010950       0x98 c:/st/stm32cubeide_1.9.0/stm32cubeide/plugins/com.st.stm32cube.ide.mcu.externaltools.gnu-tools-for-stm32.10.3-2021.10.win32_1.0.100.202210260954/tools/bin/../lib/gcc/arm-none-eabi/10.3.1/../../../../arm-none-eabi/lib/thumb/v7e-m+fp/hard\libc_nano.a(lib_a-nano-freer.o)
                0x0000000008010950                _free_r
 .text.sbrk_aligned
                0x00000000080109e8       0x40 c:/st/stm32cubeide_1.9.0/stm32cubeide/plugins/com.st.stm32cube.ide.mcu.externaltools.gnu-tools-for-stm32.10.3-2021.10.win32_1.0.100.202210260954/tools/bin/../lib/gcc/arm-none-eabi/10.3.1/../../../../arm-none-eabi/lib/thumb/v7e-m+fp/hard\libc_nano.a(lib_a-nano-mallocr.o)
 .text._malloc_r
                0x0000000008010a28       0xe8 c:/st/stm32cubeide_1.9.0/stm32cubeide/plugins/com.st.stm32cube.ide.mcu.externaltools.gnu-tools-for-stm32.10.3-2021.10.win32_1.0.100.202210260954/tools/bin/../lib/gcc/arm-none-eabi/10.3.1/../../../../arm-none-eabi/lib/thumb/v7e-m+fp/hard\libc_nano.a(lib_a-nano-mallocr.o)
                0x0000000008010a28                _malloc_r
 .text.__ssputs_r
                0x0000000008010b10       0xb6 c:/st/stm32cubeide_1.9.0/stm32cubeide/plugins/com.st.stm32cube.ide.mcu.externaltools.gnu-tools-for-stm32.10.3-2021.10.win32_1.0.100.202210260954/tools/bin/../lib/gcc/arm-none-eabi/10.3.1/../../../../arm-none-eabi/lib/thumb/v7e-m+fp/hard\libc_nano.a(lib_a-nano-svfprintf.o)
                0x0000000008010b10                __ssputs_r
 *fill*         0x0000000008010bc6        0x2 
 .text._svfprintf_r
                0x0000000008010bc8      0x200 c:/st/stm32cubeide_1.9.0/stm32cubeide/plugins/com.st.stm32cube.ide.mcu.externaltools.gnu-tools-for-stm32.10.3-2021.10.win32_1.0.100.202210260954/tools/bin/../lib/gcc/arm-none-eabi/10.3.1/../../../../arm-none-eabi/lib/thumb/v7e-m+fp/hard\libc_nano.a(lib_a-nano-svfprintf.o)
                0x0000000008010bc8                _svfiprintf_r
                0x0000000008010bc8                _svfprintf_r
 .text._sbrk_r  0x0000000008010dc8       0x20 c:/st/stm32cubeide_1.9.0/stm32cubeide/plugins/com.st.stm32cube.ide.mcu.externaltools.gnu-tools-for-stm32.10.3-2021.10.win32_1.0.100.202210260954/tools/bin/../lib/gcc/arm-none-eabi/10.3.1/../../../../arm-none-eabi/lib/thumb/v7e-m+fp/hard\libc_nano.a(lib_a-sbrkr.o)
                0x0000000008010dc8                _sbrk_r
 .text.__assert_func
                0x0000000008010de8       0x3c c:/st/stm32cubeide_1.9.0/stm32cubeide/plugins/com.st.stm32cube.ide.mcu.externaltools.gnu-tools-for-stm32.10.3-2021.10.win32_1.0.100.202210260954/tools/bin/../lib/gcc/arm-none-eabi/10.3.1/../../../../arm-none-eabi/lib/thumb/v7e-m+fp/hard\libc_nano.a(lib_a-assert.o)
                0x0000000008010de8                __assert_func
 .text.fprintf  0x0000000008010e24       0x24 c:/st/stm32cubeide_1.9.0/stm32cubeide/plugins/com.st.stm32cube.ide.mcu.externaltools.gnu-tools-for-stm32.10.3-2021.10.win32_1.0.100.202210260954/tools/bin/../lib/gcc/arm-none-eabi/10.3.1/../../../../arm-none-eabi/lib/thumb/v7e-m+fp/hard\libc_nano.a(lib_a-fprintf.o)
                0x0000000008010e24                fiprintf
                0x0000000008010e24                fprintf
 .text.__ascii_mbtowc
                0x0000000008010e48       0x24 c:/st/stm32cubeide_1.9.0/stm32cubeide/plugins/com.st.stm32cube.ide.mcu.externaltools.gnu-tools-for-stm32.10.3-2021.10.win32_1.0.100.202210260954/tools/bin/../lib/gcc/arm-none-eabi/10.3.1/../../../../arm-none-eabi/lib/thumb/v7e-m+fp/hard\libc_nano.a(lib_a-mbtowc_r.o)
                0x0000000008010e48                __ascii_mbtowc
 .text.memmove  0x0000000008010e6c       0x34 c:/st/stm32cubeide_1.9.0/stm32cubeide/plugins/com.st.stm32cube.ide.mcu.externaltools.gnu-tools-for-stm32.10.3-2021.10.win32_1.0.100.202210260954/tools/bin/../lib/gcc/arm-none-eabi/10.3.1/../../../../arm-none-eabi/lib/thumb/v7e-m+fp/hard\libc_nano.a(lib_a-memmove.o)
                0x0000000008010e6c                memmove
 .text.__malloc_lock
                0x0000000008010ea0        0xc c:/st/stm32cubeide_1.9.0/stm32cubeide/plugins/com.st.stm32cube.ide.mcu.externaltools.gnu-tools-for-stm32.10.3-2021.10.win32_1.0.100.202210260954/tools/bin/../lib/gcc/arm-none-eabi/10.3.1/../../../../arm-none-eabi/lib/thumb/v7e-m+fp/hard\libc_nano.a(lib_a-mlock.o)
                0x0000000008010ea0                __malloc_lock
 .text.__malloc_unlock
                0x0000000008010eac        0xc c:/st/stm32cubeide_1.9.0/stm32cubeide/plugins/com.st.stm32cube.ide.mcu.externaltools.gnu-tools-for-stm32.10.3-2021.10.win32_1.0.100.202210260954/tools/bin/../lib/gcc/arm-none-eabi/10.3.1/../../../../arm-none-eabi/lib/thumb/v7e-m+fp/hard\libc_nano.a(lib_a-mlock.o)
                0x0000000008010eac                __malloc_unlock
 .text._realloc_r
                0x0000000008010eb8       0x5e c:/st/stm32cubeide_1.9.0/stm32cubeide/plugins/com.st.stm32cube.ide.mcu.externaltools.gnu-tools-for-stm32.10.3-2021.10.win32_1.0.100.202210260954/tools/bin/../lib/gcc/arm-none-eabi/10.3.1/../../../../arm-none-eabi/lib/thumb/v7e-m+fp/hard\libc_nano.a(lib_a-nano-reallocr.o)
                0x0000000008010eb8                _realloc_r
 .text.__sfputc_r
                0x0000000008010f16       0x2e c:/st/stm32cubeide_1.9.0/stm32cubeide/plugins/com.st.stm32cube.ide.mcu.externaltools.gnu-tools-for-stm32.10.3-2021.10.win32_1.0.100.202210260954/tools/bin/../lib/gcc/arm-none-eabi/10.3.1/../../../../arm-none-eabi/lib/thumb/v7e-m+fp/hard\libc_nano.a(lib_a-nano-vfprintf.o)
 .text.__sfputs_r
                0x0000000008010f44       0x24 c:/st/stm32cubeide_1.9.0/stm32cubeide/plugins/com.st.stm32cube.ide.mcu.externaltools.gnu-tools-for-stm32.10.3-2021.10.win32_1.0.100.202210260954/tools/bin/../lib/gcc/arm-none-eabi/10.3.1/../../../../arm-none-eabi/lib/thumb/v7e-m+fp/hard\libc_nano.a(lib_a-nano-vfprintf.o)
                0x0000000008010f44                __sfputs_r
 .text._vfprintf_r
                0x0000000008010f68      0x260 c:/st/stm32cubeide_1.9.0/stm32cubeide/plugins/com.st.stm32cube.ide.mcu.externaltools.gnu-tools-for-stm32.10.3-2021.10.win32_1.0.100.202210260954/tools/bin/../lib/gcc/arm-none-eabi/10.3.1/../../../../arm-none-eabi/lib/thumb/v7e-m+fp/hard\libc_nano.a(lib_a-nano-vfprintf.o)
                0x0000000008010f68                _vfprintf_r
                0x0000000008010f68                _vfiprintf_r
 .text.__swbuf_r
                0x00000000080111c8       0xa4 c:/st/stm32cubeide_1.9.0/stm32cubeide/plugins/com.st.stm32cube.ide.mcu.externaltools.gnu-tools-for-stm32.10.3-2021.10.win32_1.0.100.202210260954/tools/bin/../lib/gcc/arm-none-eabi/10.3.1/../../../../arm-none-eabi/lib/thumb/v7e-m+fp/hard\libc_nano.a(lib_a-wbuf.o)
                0x00000000080111c8                __swbuf_r
 .text.__ascii_wctomb
                0x000000000801126c       0x1a c:/st/stm32cubeide_1.9.0/stm32cubeide/plugins/com.st.stm32cube.ide.mcu.externaltools.gnu-tools-for-stm32.10.3-2021.10.win32_1.0.100.202210260954/tools/bin/../lib/gcc/arm-none-eabi/10.3.1/../../../../arm-none-eabi/lib/thumb/v7e-m+fp/hard\libc_nano.a(lib_a-wctomb_r.o)
                0x000000000801126c                __ascii_wctomb
 *fill*         0x0000000008011286        0x2 
 .text.__swsetup_r
                0x0000000008011288       0xdc c:/st/stm32cubeide_1.9.0/stm32cubeide/plugins/com.st.stm32cube.ide.mcu.externaltools.gnu-tools-for-stm32.10.3-2021.10.win32_1.0.100.202210260954/tools/bin/../lib/gcc/arm-none-eabi/10.3.1/../../../../arm-none-eabi/lib/thumb/v7e-m+fp/hard\libc_nano.a(lib_a-wsetup.o)
                0x0000000008011288                __swsetup_r
 .text.abort    0x0000000008011364        0xe c:/st/stm32cubeide_1.9.0/stm32cubeide/plugins/com.st.stm32cube.ide.mcu.externaltools.gnu-tools-for-stm32.10.3-2021.10.win32_1.0.100.202210260954/tools/bin/../lib/gcc/arm-none-eabi/10.3.1/../../../../arm-none-eabi/lib/thumb/v7e-m+fp/hard\libc_nano.a(lib_a-abort.o)
                0x0000000008011364                abort
 *fill*         0x0000000008011372        0x2 
 .text.__sflush_r
                0x0000000008011374      0x10c c:/st/stm32cubeide_1.9.0/stm32cubeide/plugins/com.st.stm32cube.ide.mcu.externaltools.gnu-tools-for-stm32.10.3-2021.10.win32_1.0.100.202210260954/tools/bin/../lib/gcc/arm-none-eabi/10.3.1/../../../../arm-none-eabi/lib/thumb/v7e-m+fp/hard\libc_nano.a(lib_a-fflush.o)
                0x0000000008011374                __sflush_r
 .text._fflush_r
                0x0000000008011480       0x78 c:/st/stm32cubeide_1.9.0/stm32cubeide/plugins/com.st.stm32cube.ide.mcu.externaltools.gnu-tools-for-stm32.10.3-2021.10.win32_1.0.100.202210260954/tools/bin/../lib/gcc/arm-none-eabi/10.3.1/../../../../arm-none-eabi/lib/thumb/v7e-m+fp/hard\libc_nano.a(lib_a-fflush.o)
                0x0000000008011480                _fflush_r
 .text.std      0x00000000080114f8       0x48 c:/st/stm32cubeide_1.9.0/stm32cubeide/plugins/com.st.stm32cube.ide.mcu.externaltools.gnu-tools-for-stm32.10.3-2021.10.win32_1.0.100.202210260954/tools/bin/../lib/gcc/arm-none-eabi/10.3.1/../../../../arm-none-eabi/lib/thumb/v7e-m+fp/hard\libc_nano.a(lib_a-findfp.o)
 .text._cleanup_r
                0x0000000008011540        0xc c:/st/stm32cubeide_1.9.0/stm32cubeide/plugins/com.st.stm32cube.ide.mcu.externaltools.gnu-tools-for-stm32.10.3-2021.10.win32_1.0.100.202210260954/tools/bin/../lib/gcc/arm-none-eabi/10.3.1/../../../../arm-none-eabi/lib/thumb/v7e-m+fp/hard\libc_nano.a(lib_a-findfp.o)
                0x0000000008011540                _cleanup_r
 .text.__sfmoreglue
                0x000000000801154c       0x2c c:/st/stm32cubeide_1.9.0/stm32cubeide/plugins/com.st.stm32cube.ide.mcu.externaltools.gnu-tools-for-stm32.10.3-2021.10.win32_1.0.100.202210260954/tools/bin/../lib/gcc/arm-none-eabi/10.3.1/../../../../arm-none-eabi/lib/thumb/v7e-m+fp/hard\libc_nano.a(lib_a-findfp.o)
                0x000000000801154c                __sfmoreglue
 .text.__sfp_lock_acquire
                0x0000000008011578        0xc c:/st/stm32cubeide_1.9.0/stm32cubeide/plugins/com.st.stm32cube.ide.mcu.externaltools.gnu-tools-for-stm32.10.3-2021.10.win32_1.0.100.202210260954/tools/bin/../lib/gcc/arm-none-eabi/10.3.1/../../../../arm-none-eabi/lib/thumb/v7e-m+fp/hard\libc_nano.a(lib_a-findfp.o)
                0x0000000008011578                __sfp_lock_acquire
 .text.__sfp_lock_release
                0x0000000008011584        0xc c:/st/stm32cubeide_1.9.0/stm32cubeide/plugins/com.st.stm32cube.ide.mcu.externaltools.gnu-tools-for-stm32.10.3-2021.10.win32_1.0.100.202210260954/tools/bin/../lib/gcc/arm-none-eabi/10.3.1/../../../../arm-none-eabi/lib/thumb/v7e-m+fp/hard\libc_nano.a(lib_a-findfp.o)
                0x0000000008011584                __sfp_lock_release
 .text.__sinit_lock_acquire
                0x0000000008011590        0xc c:/st/stm32cubeide_1.9.0/stm32cubeide/plugins/com.st.stm32cube.ide.mcu.externaltools.gnu-tools-for-stm32.10.3-2021.10.win32_1.0.100.202210260954/tools/bin/../lib/gcc/arm-none-eabi/10.3.1/../../../../arm-none-eabi/lib/thumb/v7e-m+fp/hard\libc_nano.a(lib_a-findfp.o)
                0x0000000008011590                __sinit_lock_acquire
 .text.__sinit_lock_release
                0x000000000801159c        0xc c:/st/stm32cubeide_1.9.0/stm32cubeide/plugins/com.st.stm32cube.ide.mcu.externaltools.gnu-tools-for-stm32.10.3-2021.10.win32_1.0.100.202210260954/tools/bin/../lib/gcc/arm-none-eabi/10.3.1/../../../../arm-none-eabi/lib/thumb/v7e-m+fp/hard\libc_nano.a(lib_a-findfp.o)
                0x000000000801159c                __sinit_lock_release
 .text.__sinit  0x00000000080115a8       0x70 c:/st/stm32cubeide_1.9.0/stm32cubeide/plugins/com.st.stm32cube.ide.mcu.externaltools.gnu-tools-for-stm32.10.3-2021.10.win32_1.0.100.202210260954/tools/bin/../lib/gcc/arm-none-eabi/10.3.1/../../../../arm-none-eabi/lib/thumb/v7e-m+fp/hard\libc_nano.a(lib_a-findfp.o)
                0x00000000080115a8                __sinit
 .text.__sfp    0x0000000008011618       0x8c c:/st/stm32cubeide_1.9.0/stm32cubeide/plugins/com.st.stm32cube.ide.mcu.externaltools.gnu-tools-for-stm32.10.3-2021.10.win32_1.0.100.202210260954/tools/bin/../lib/gcc/arm-none-eabi/10.3.1/../../../../arm-none-eabi/lib/thumb/v7e-m+fp/hard\libc_nano.a(lib_a-findfp.o)
                0x0000000008011618                __sfp
 .text._fwalk_reent
                0x00000000080116a4       0x3e c:/st/stm32cubeide_1.9.0/stm32cubeide/plugins/com.st.stm32cube.ide.mcu.externaltools.gnu-tools-for-stm32.10.3-2021.10.win32_1.0.100.202210260954/tools/bin/../lib/gcc/arm-none-eabi/10.3.1/../../../../arm-none-eabi/lib/thumb/v7e-m+fp/hard\libc_nano.a(lib_a-fwalk.o)
                0x00000000080116a4                _fwalk_reent
 .text.__retarget_lock_init_recursive
                0x00000000080116e2        0x2 c:/st/stm32cubeide_1.9.0/stm32cubeide/plugins/com.st.stm32cube.ide.mcu.externaltools.gnu-tools-for-stm32.10.3-2021.10.win32_1.0.100.202210260954/tools/bin/../lib/gcc/arm-none-eabi/10.3.1/../../../../arm-none-eabi/lib/thumb/v7e-m+fp/hard\libc_nano.a(lib_a-lock.o)
                0x00000000080116e2                __retarget_lock_init_recursive
 .text.__retarget_lock_acquire_recursive
                0x00000000080116e4        0x2 c:/st/stm32cubeide_1.9.0/stm32cubeide/plugins/com.st.stm32cube.ide.mcu.externaltools.gnu-tools-for-stm32.10.3-2021.10.win32_1.0.100.202210260954/tools/bin/../lib/gcc/arm-none-eabi/10.3.1/../../../../arm-none-eabi/lib/thumb/v7e-m+fp/hard\libc_nano.a(lib_a-lock.o)
                0x00000000080116e4                __retarget_lock_acquire_recursive
 .text.__retarget_lock_release_recursive
                0x00000000080116e6        0x2 c:/st/stm32cubeide_1.9.0/stm32cubeide/plugins/com.st.stm32cube.ide.mcu.externaltools.gnu-tools-for-stm32.10.3-2021.10.win32_1.0.100.202210260954/tools/bin/../lib/gcc/arm-none-eabi/10.3.1/../../../../arm-none-eabi/lib/thumb/v7e-m+fp/hard\libc_nano.a(lib_a-lock.o)
                0x00000000080116e6                __retarget_lock_release_recursive
 .text.__swhatbuf_r
                0x00000000080116e8       0x4a c:/st/stm32cubeide_1.9.0/stm32cubeide/plugins/com.st.stm32cube.ide.mcu.externaltools.gnu-tools-for-stm32.10.3-2021.10.win32_1.0.100.202210260954/tools/bin/../lib/gcc/arm-none-eabi/10.3.1/../../../../arm-none-eabi/lib/thumb/v7e-m+fp/hard\libc_nano.a(lib_a-makebuf.o)
                0x00000000080116e8                __swhatbuf_r
 *fill*         0x0000000008011732        0x2 
 .text.__smakebuf_r
                0x0000000008011734       0x80 c:/st/stm32cubeide_1.9.0/stm32cubeide/plugins/com.st.stm32cube.ide.mcu.externaltools.gnu-tools-for-stm32.10.3-2021.10.win32_1.0.100.202210260954/tools/bin/../lib/gcc/arm-none-eabi/10.3.1/../../../../arm-none-eabi/lib/thumb/v7e-m+fp/hard\libc_nano.a(lib_a-makebuf.o)
                0x0000000008011734                __smakebuf_r
 .text._malloc_usable_size_r
                0x00000000080117b4       0x10 c:/st/stm32cubeide_1.9.0/stm32cubeide/plugins/com.st.stm32cube.ide.mcu.externaltools.gnu-tools-for-stm32.10.3-2021.10.win32_1.0.100.202210260954/tools/bin/../lib/gcc/arm-none-eabi/10.3.1/../../../../arm-none-eabi/lib/thumb/v7e-m+fp/hard\libc_nano.a(lib_a-nano-msizer.o)
                0x00000000080117b4                _malloc_usable_size_r
 .text._raise_r
                0x00000000080117c4       0x50 c:/st/stm32cubeide_1.9.0/stm32cubeide/plugins/com.st.stm32cube.ide.mcu.externaltools.gnu-tools-for-stm32.10.3-2021.10.win32_1.0.100.202210260954/tools/bin/../lib/gcc/arm-none-eabi/10.3.1/../../../../arm-none-eabi/lib/thumb/v7e-m+fp/hard\libc_nano.a(lib_a-signal.o)
                0x00000000080117c4                _raise_r
 .text.raise    0x0000000008011814       0x10 c:/st/stm32cubeide_1.9.0/stm32cubeide/plugins/com.st.stm32cube.ide.mcu.externaltools.gnu-tools-for-stm32.10.3-2021.10.win32_1.0.100.202210260954/tools/bin/../lib/gcc/arm-none-eabi/10.3.1/../../../../arm-none-eabi/lib/thumb/v7e-m+fp/hard\libc_nano.a(lib_a-signal.o)
                0x0000000008011814                raise
 .text._kill_r  0x0000000008011824       0x24 c:/st/stm32cubeide_1.9.0/stm32cubeide/plugins/com.st.stm32cube.ide.mcu.externaltools.gnu-tools-for-stm32.10.3-2021.10.win32_1.0.100.202210260954/tools/bin/../lib/gcc/arm-none-eabi/10.3.1/../../../../arm-none-eabi/lib/thumb/v7e-m+fp/hard\libc_nano.a(lib_a-signalr.o)
                0x0000000008011824                _kill_r
 .text._getpid_r
                0x0000000008011848        0x4 c:/st/stm32cubeide_1.9.0/stm32cubeide/plugins/com.st.stm32cube.ide.mcu.externaltools.gnu-tools-for-stm32.10.3-2021.10.win32_1.0.100.202210260954/tools/bin/../lib/gcc/arm-none-eabi/10.3.1/../../../../arm-none-eabi/lib/thumb/v7e-m+fp/hard\libc_nano.a(lib_a-signalr.o)
                0x0000000008011848                _getpid_r
 .text.__sread  0x000000000801184c       0x22 c:/st/stm32cubeide_1.9.0/stm32cubeide/plugins/com.st.stm32cube.ide.mcu.externaltools.gnu-tools-for-stm32.10.3-2021.10.win32_1.0.100.202210260954/tools/bin/../lib/gcc/arm-none-eabi/10.3.1/../../../../arm-none-eabi/lib/thumb/v7e-m+fp/hard\libc_nano.a(lib_a-stdio.o)
                0x000000000801184c                __sread
 .text.__swrite
                0x000000000801186e       0x38 c:/st/stm32cubeide_1.9.0/stm32cubeide/plugins/com.st.stm32cube.ide.mcu.externaltools.gnu-tools-for-stm32.10.3-2021.10.win32_1.0.100.202210260954/tools/bin/../lib/gcc/arm-none-eabi/10.3.1/../../../../arm-none-eabi/lib/thumb/v7e-m+fp/hard\libc_nano.a(lib_a-stdio.o)
                0x000000000801186e                __swrite
 .text.__sseek  0x00000000080118a6       0x24 c:/st/stm32cubeide_1.9.0/stm32cubeide/plugins/com.st.stm32cube.ide.mcu.externaltools.gnu-tools-for-stm32.10.3-2021.10.win32_1.0.100.202210260954/tools/bin/../lib/gcc/arm-none-eabi/10.3.1/../../../../arm-none-eabi/lib/thumb/v7e-m+fp/hard\libc_nano.a(lib_a-stdio.o)
                0x00000000080118a6                __sseek
 .text.__sclose
                0x00000000080118ca        0x8 c:/st/stm32cubeide_1.9.0/stm32cubeide/plugins/com.st.stm32cube.ide.mcu.externaltools.gnu-tools-for-stm32.10.3-2021.10.win32_1.0.100.202210260954/tools/bin/../lib/gcc/arm-none-eabi/10.3.1/../../../../arm-none-eabi/lib/thumb/v7e-m+fp/hard\libc_nano.a(lib_a-stdio.o)
                0x00000000080118ca                __sclose
 *fill*         0x00000000080118d2        0x2 
 .text._write_r
                0x00000000080118d4       0x24 c:/st/stm32cubeide_1.9.0/stm32cubeide/plugins/com.st.stm32cube.ide.mcu.externaltools.gnu-tools-for-stm32.10.3-2021.10.win32_1.0.100.202210260954/tools/bin/../lib/gcc/arm-none-eabi/10.3.1/../../../../arm-none-eabi/lib/thumb/v7e-m+fp/hard\libc_nano.a(lib_a-writer.o)
                0x00000000080118d4                _write_r
 .text._close_r
                0x00000000080118f8       0x20 c:/st/stm32cubeide_1.9.0/stm32cubeide/plugins/com.st.stm32cube.ide.mcu.externaltools.gnu-tools-for-stm32.10.3-2021.10.win32_1.0.100.202210260954/tools/bin/../lib/gcc/arm-none-eabi/10.3.1/../../../../arm-none-eabi/lib/thumb/v7e-m+fp/hard\libc_nano.a(lib_a-closer.o)
                0x00000000080118f8                _close_r